[0.012s] Invoking command in '/home/mars/Documents/Lunabotics25-26/lunabot_ws/build/lunabot_bringup': CMAKE_PREFIX_PATH=${CMAKE_PREFIX_PATH}:/opt/ros/jazzy DEBUGINFOD_URLS=https://debuginfod.ubuntu.com /usr/bin/cmake /home/mars/Documents/Lunabotics25-26/lunabot_ws/src/lunabot_bringup -DCMAKE_INSTALL_PREFIX=/home/mars/Documents/Lunabotics25-26/lunabot_ws/install/lunabot_bringup
[0.078s] -- The C compiler identification is GNU 13.3.0
[0.170s] -- The CXX compiler identification is GNU 13.3.0
[0.220s] -- Detecting C compiler ABI info
[0.393s] -- Detecting C compiler ABI info - done
[0.416s] -- Check for working C compiler: /usr/bin/cc - skipped
[0.416s] -- Detecting C compile features
[0.416s] -- Detecting C compile features - done
[0.445s] -- Detecting CXX compiler ABI info
[0.553s] -- Detecting CXX compiler ABI info - done
[0.565s] -- Check for working CXX compiler: /usr/bin/c++ - skipped
[0.566s] -- Detecting CXX compile features
[0.567s] -- Detecting CXX compile features - done
[0.569s] -- Found ament_cmake: 2.5.5 (/opt/ros/jazzy/share/ament_cmake/cmake)
[0.742s] -- Found Python3: /usr/bin/python3 (found version "3.12.3") found components: Interpreter 
[0.837s] -- Found ament_lint_auto: 0.17.4 (/opt/ros/jazzy/share/ament_lint_auto/cmake)
[0.957s] -- Added test 'flake8' to check Python code syntax and style conventions
[0.957s] -- Configured 'flake8' exclude dirs and/or files: 
[0.959s] -- Added test 'lint_cmake' to check CMake code style
[0.960s] -- Added test 'pep257' to check Python code against some of the docstring style conventions in PEP 257
[0.962s] -- Added test 'xmllint' to check XML markup files
[0.964s] -- Configuring done (0.9s)
[0.971s] -- Generating done (0.0s)
[0.972s] -- Build files have been written to: /home/mars/Documents/Lunabotics25-26/lunabot_ws/build/lunabot_bringup
[0.977s] Invoked command in '/home/mars/Documents/Lunabotics25-26/lunabot_ws/build/lunabot_bringup' returned '0': CMAKE_PREFIX_PATH=${CMAKE_PREFIX_PATH}:/opt/ros/jazzy DEBUGINFOD_URLS=https://debuginfod.ubuntu.com /usr/bin/cmake /home/mars/Documents/Lunabotics25-26/lunabot_ws/src/lunabot_bringup -DCMAKE_INSTALL_PREFIX=/home/mars/Documents/Lunabotics25-26/lunabot_ws/install/lunabot_bringup
[0.979s] Invoking command in '/home/mars/Documents/Lunabotics25-26/lunabot_ws/build/lunabot_bringup': CMAKE_PREFIX_PATH=${CMAKE_PREFIX_PATH}:/opt/ros/jazzy DEBUGINFOD_URLS=https://debuginfod.ubuntu.com /usr/bin/cmake --build /home/mars/Documents/Lunabotics25-26/lunabot_ws/build/lunabot_bringup -- -j4 -l4
[1.020s] Invoked command in '/home/mars/Documents/Lunabotics25-26/lunabot_ws/build/lunabot_bringup' returned '0': CMAKE_PREFIX_PATH=${CMAKE_PREFIX_PATH}:/opt/ros/jazzy DEBUGINFOD_URLS=https://debuginfod.ubuntu.com /usr/bin/cmake --build /home/mars/Documents/Lunabotics25-26/lunabot_ws/build/lunabot_bringup -- -j4 -l4
[1.022s] Invoking command in '/home/mars/Documents/Lunabotics25-26/lunabot_ws/build/lunabot_bringup': CMAKE_PREFIX_PATH=${CMAKE_PREFIX_PATH}:/opt/ros/jazzy DEBUGINFOD_URLS=https://debuginfod.ubuntu.com /usr/bin/cmake --install /home/mars/Documents/Lunabotics25-26/lunabot_ws/build/lunabot_bringup
[1.028s] -- Install configuration: ""
[1.029s] -- Installing: /home/mars/Documents/Lunabotics25-26/lunabot_ws/install/lunabot_bringup/share/lunabot_bringup/launch
[1.029s] -- Installing: /home/mars/Documents/Lunabotics25-26/lunabot_ws/install/lunabot_bringup/share/lunabot_bringup/launch/bringup.launch.py
[1.029s] -- Installing: /home/mars/Documents/Lunabotics25-26/lunabot_ws/install/lunabot_bringup/share/ament_index/resource_index/package_run_dependencies/lunabot_bringup
[1.029s] -- Installing: /home/mars/Documents/Lunabotics25-26/lunabot_ws/install/lunabot_bringup/share/ament_index/resource_index/parent_prefix_path/lunabot_bringup
[1.029s] -- Installing: /home/mars/Documents/Lunabotics25-26/lunabot_ws/install/lunabot_bringup/share/lunabot_bringup/environment/ament_prefix_path.sh
[1.029s] -- Installing: /home/mars/Documents/Lunabotics25-26/lunabot_ws/install/lunabot_bringup/share/lunabot_bringup/environment/ament_prefix_path.dsv
[1.029s] -- Installing: /home/mars/Documents/Lunabotics25-26/lunabot_ws/install/lunabot_bringup/share/lunabot_bringup/environment/path.sh
[1.030s] -- Installing: /home/mars/Documents/Lunabotics25-26/lunabot_ws/install/lunabot_bringup/share/lunabot_bringup/environment/path.dsv
[1.030s] -- Installing: /home/mars/Documents/Lunabotics25-26/lunabot_ws/install/lunabot_bringup/share/lunabot_bringup/local_setup.bash
[1.030s] -- Installing: /home/mars/Documents/Lunabotics25-26/lunabot_ws/install/lunabot_bringup/share/lunabot_bringup/local_setup.sh
[1.030s] -- Installing: /home/mars/Documents/Lunabotics25-26/lunabot_ws/install/lunabot_bringup/share/lunabot_bringup/local_setup.zsh
[1.030s] -- Installing: /home/mars/Documents/Lunabotics25-26/lunabot_ws/install/lunabot_bringup/share/lunabot_bringup/local_setup.dsv
[1.030s] -- Installing: /home/mars/Documents/Lunabotics25-26/lunabot_ws/install/lunabot_bringup/share/lunabot_bringup/package.dsv
[1.030s] -- Installing: /home/mars/Documents/Lunabotics25-26/lunabot_ws/install/lunabot_bringup/share/ament_index/resource_index/packages/lunabot_bringup
[1.030s] -- Installing: /home/mars/Documents/Lunabotics25-26/lunabot_ws/install/lunabot_bringup/share/lunabot_bringup/cmake/lunabot_bringupConfig.cmake
[1.031s] -- Installing: /home/mars/Documents/Lunabotics25-26/lunabot_ws/install/lunabot_bringup/share/lunabot_bringup/cmake/lunabot_bringupConfig-version.cmake
[1.031s] -- Installing: /home/mars/Documents/Lunabotics25-26/lunabot_ws/install/lunabot_bringup/share/lunabot_bringup/package.xml
[1.032s] Invoked command in '/home/mars/Documents/Lunabotics25-26/lunabot_ws/build/lunabot_bringup' returned '0': CMAKE_PREFIX_PATH=${CMAKE_PREFIX_PATH}:/opt/ros/jazzy DEBUGINFOD_URLS=https://debuginfod.ubuntu.com /usr/bin/cmake --install /home/mars/Documents/Lunabotics25-26/lunabot_ws/build/lunabot_bringup
