[0.018s] Invoking command in '/home/mars/Documents/Lunabotics25-26/lunabot_ws/build/lunabot_hardware': CMAKE_PREFIX_PATH=${CMAKE_PREFIX_PATH}:/opt/ros/jazzy DEBUGINFOD_URLS=https://debuginfod.ubuntu.com /usr/bin/cmake --build /home/mars/Documents/Lunabotics25-26/lunabot_ws/build/lunabot_hardware -- -j4 -l4
[0.061s] Invoked command in '/home/mars/Documents/Lunabotics25-26/lunabot_ws/build/lunabot_hardware' returned '0': CMAKE_PREFIX_PATH=${CMAKE_PREFIX_PATH}:/opt/ros/jazzy DEBUGINFOD_URLS=https://debuginfod.ubuntu.com /usr/bin/cmake --build /home/mars/Documents/Lunabotics25-26/lunabot_ws/build/lunabot_hardware -- -j4 -l4
[0.072s] Invoking command in '/home/mars/Documents/Lunabotics25-26/lunabot_ws/build/lunabot_hardware': CMAKE_PREFIX_PATH=${CMAKE_PREFIX_PATH}:/opt/ros/jazzy DEBUGINFOD_URLS=https://debuginfod.ubuntu.com /usr/bin/cmake --install /home/mars/Documents/Lunabotics25-26/lunabot_ws/build/lunabot_hardware
[0.097s] -- Install configuration: ""
[0.098s] -- Up-to-date: /home/mars/Documents/Lunabotics25-26/lunabot_ws/install/lunabot_hardware/share/ament_index/resource_index/package_run_dependencies/lunabot_hardware
[0.098s] -- Up-to-date: /home/mars/Documents/Lunabotics25-26/lunabot_ws/install/lunabot_hardware/share/ament_index/resource_index/parent_prefix_path/lunabot_hardware
[0.098s] -- Up-to-date: /home/mars/Documents/Lunabotics25-26/lunabot_ws/install/lunabot_hardware/share/lunabot_hardware/environment/ament_prefix_path.sh
[0.098s] -- Up-to-date: /home/mars/Documents/Lunabotics25-26/lunabot_ws/install/lunabot_hardware/share/lunabot_hardware/environment/ament_prefix_path.dsv
[0.099s] -- Up-to-date: /home/mars/Documents/Lunabotics25-26/lunabot_ws/install/lunabot_hardware/share/lunabot_hardware/environment/path.sh
[0.099s] -- Up-to-date: /home/mars/Documents/Lunabotics25-26/lunabot_ws/install/lunabot_hardware/share/lunabot_hardware/environment/path.dsv
[0.099s] -- Up-to-date: /home/mars/Documents/Lunabotics25-26/lunabot_ws/install/lunabot_hardware/share/lunabot_hardware/local_setup.bash
[0.099s] -- Up-to-date: /home/mars/Documents/Lunabotics25-26/lunabot_ws/install/lunabot_hardware/share/lunabot_hardware/local_setup.sh
[0.099s] -- Up-to-date: /home/mars/Documents/Lunabotics25-26/lunabot_ws/install/lunabot_hardware/share/lunabot_hardware/local_setup.zsh
[0.099s] -- Up-to-date: /home/mars/Documents/Lunabotics25-26/lunabot_ws/install/lunabot_hardware/share/lunabot_hardware/local_setup.dsv
[0.099s] -- Installing: /home/mars/Documents/Lunabotics25-26/lunabot_ws/install/lunabot_hardware/share/lunabot_hardware/package.dsv
[0.099s] -- Up-to-date: /home/mars/Documents/Lunabotics25-26/lunabot_ws/install/lunabot_hardware/share/ament_index/resource_index/packages/lunabot_hardware
[0.099s] -- Up-to-date: /home/mars/Documents/Lunabotics25-26/lunabot_ws/install/lunabot_hardware/share/lunabot_hardware/cmake/lunabot_hardwareConfig.cmake
[0.099s] -- Up-to-date: /home/mars/Documents/Lunabotics25-26/lunabot_ws/install/lunabot_hardware/share/lunabot_hardware/cmake/lunabot_hardwareConfig-version.cmake
[0.099s] -- Up-to-date: /home/mars/Documents/Lunabotics25-26/lunabot_ws/install/lunabot_hardware/share/lunabot_hardware/package.xml
[0.110s] Invoked command in '/home/mars/Documents/Lunabotics25-26/lunabot_ws/build/lunabot_hardware' returned '0': CMAKE_PREFIX_PATH=${CMAKE_PREFIX_PATH}:/opt/ros/jazzy DEBUGINFOD_URLS=https://debuginfod.ubuntu.com /usr/bin/cmake --install /home/mars/Documents/Lunabotics25-26/lunabot_ws/build/lunabot_hardware
