[0.016s] Invoking command in '/home/mars/Documents/Lunabotics25-26/lunabot_ws/src/build/micro_ros_setup': CMAKE_PREFIX_PATH=${CMAKE_PREFIX_PATH}:/opt/ros/jazzy DEBUGINFOD_URLS=https://debuginfod.ubuntu.com /usr/bin/cmake /home/mars/Documents/Lunabotics25-26/lunabot_ws/src/micro_ros_setup -DCMAKE_INSTALL_PREFIX=/home/mars/Documents/Lunabotics25-26/lunabot_ws/src/install/micro_ros_setup
[0.086s] -- The C compiler identification is GNU 13.3.0
[0.153s] -- The CXX compiler identification is GNU 13.3.0
[0.172s] -- Detecting C compiler ABI info
[0.286s] -- Detecting C compiler ABI info - done
[0.297s] -- Check for working C compiler: /usr/bin/cc - skipped
[0.297s] -- Detecting C compile features
[0.297s] -- Detecting C compile features - done
[0.306s] -- Detecting CXX compiler ABI info
[0.440s] -- Detecting CXX compiler ABI info - done
[0.462s] -- Check for working CXX compiler: /usr/bin/c++ - skipped
[0.463s] -- Detecting CXX compile features
[0.463s] -- Detecting CXX compile features - done
[0.467s] -- Found ament_cmake: 2.5.5 (/opt/ros/jazzy/share/ament_cmake/cmake)
[0.667s] -- Found Python3: /usr/bin/python3 (found version "3.12.3") found components: Interpreter 
[0.793s] -- Found ament_lint_auto: 0.17.4 (/opt/ros/jazzy/share/ament_lint_auto/cmake)
[0.909s] -- Configuring done (0.9s)
[0.911s] -- Generating done (0.0s)
[0.913s] -- Build files have been written to: /home/mars/Documents/Lunabotics25-26/lunabot_ws/src/build/micro_ros_setup
[0.923s] Invoked command in '/home/mars/Documents/Lunabotics25-26/lunabot_ws/src/build/micro_ros_setup' returned '0': CMAKE_PREFIX_PATH=${CMAKE_PREFIX_PATH}:/opt/ros/jazzy DEBUGINFOD_URLS=https://debuginfod.ubuntu.com /usr/bin/cmake /home/mars/Documents/Lunabotics25-26/lunabot_ws/src/micro_ros_setup -DCMAKE_INSTALL_PREFIX=/home/mars/Documents/Lunabotics25-26/lunabot_ws/src/install/micro_ros_setup
[0.923s] Invoking command in '/home/mars/Documents/Lunabotics25-26/lunabot_ws/src/build/micro_ros_setup': CMAKE_PREFIX_PATH=${CMAKE_PREFIX_PATH}:/opt/ros/jazzy DEBUGINFOD_URLS=https://debuginfod.ubuntu.com /usr/bin/cmake --build /home/mars/Documents/Lunabotics25-26/lunabot_ws/src/build/micro_ros_setup -- -j4 -l4
[0.976s] Invoked command in '/home/mars/Documents/Lunabotics25-26/lunabot_ws/src/build/micro_ros_setup' returned '0': CMAKE_PREFIX_PATH=${CMAKE_PREFIX_PATH}:/opt/ros/jazzy DEBUGINFOD_URLS=https://debuginfod.ubuntu.com /usr/bin/cmake --build /home/mars/Documents/Lunabotics25-26/lunabot_ws/src/build/micro_ros_setup -- -j4 -l4
[0.986s] Invoking command in '/home/mars/Documents/Lunabotics25-26/lunabot_ws/src/build/micro_ros_setup': CMAKE_PREFIX_PATH=${CMAKE_PREFIX_PATH}:/opt/ros/jazzy DEBUGINFOD_URLS=https://debuginfod.ubuntu.com /usr/bin/cmake --install /home/mars/Documents/Lunabotics25-26/lunabot_ws/src/build/micro_ros_setup
[0.995s] -- Install configuration: ""
[0.996s] -- Installing: /home/mars/Documents/Lunabotics25-26/lunabot_ws/src/install/micro_ros_setup/share/ament_index/resource_index/package_run_dependencies/micro_ros_setup
[0.996s] -- Installing: /home/mars/Documents/Lunabotics25-26/lunabot_ws/src/install/micro_ros_setup/share/ament_index/resource_index/parent_prefix_path/micro_ros_setup
[0.996s] -- Installing: /home/mars/Documents/Lunabotics25-26/lunabot_ws/src/install/micro_ros_setup/share/micro_ros_setup/environment/ament_prefix_path.sh
[0.997s] -- Installing: /home/mars/Documents/Lunabotics25-26/lunabot_ws/src/install/micro_ros_setup/share/micro_ros_setup/environment/ament_prefix_path.dsv
[0.997s] -- Installing: /home/mars/Documents/Lunabotics25-26/lunabot_ws/src/install/micro_ros_setup/share/micro_ros_setup/environment/path.sh
[0.997s] -- Installing: /home/mars/Documents/Lunabotics25-26/lunabot_ws/src/install/micro_ros_setup/share/micro_ros_setup/environment/path.dsv
[0.997s] -- Installing: /home/mars/Documents/Lunabotics25-26/lunabot_ws/src/install/micro_ros_setup/share/micro_ros_setup/local_setup.bash
[0.997s] -- Installing: /home/mars/Documents/Lunabotics25-26/lunabot_ws/src/install/micro_ros_setup/share/micro_ros_setup/local_setup.sh
[0.997s] -- Installing: /home/mars/Documents/Lunabotics25-26/lunabot_ws/src/install/micro_ros_setup/share/micro_ros_setup/local_setup.zsh
[0.997s] -- Installing: /home/mars/Documents/Lunabotics25-26/lunabot_ws/src/install/micro_ros_setup/share/micro_ros_setup/local_setup.dsv
[0.997s] -- Installing: /home/mars/Documents/Lunabotics25-26/lunabot_ws/src/install/micro_ros_setup/share/micro_ros_setup/package.dsv
[0.997s] -- Installing: /home/mars/Documents/Lunabotics25-26/lunabot_ws/src/install/micro_ros_setup/share/ament_index/resource_index/packages/micro_ros_setup
[0.998s] -- Installing: /home/mars/Documents/Lunabotics25-26/lunabot_ws/src/install/micro_ros_setup/share/micro_ros_setup/cmake/micro_ros_setupConfig.cmake
[0.998s] -- Installing: /home/mars/Documents/Lunabotics25-26/lunabot_ws/src/install/micro_ros_setup/share/micro_ros_setup/cmake/micro_ros_setupConfig-version.cmake
[0.998s] -- Installing: /home/mars/Documents/Lunabotics25-26/lunabot_ws/src/install/micro_ros_setup/share/micro_ros_setup/package.xml
[0.999s] -- Installing: /home/mars/Documents/Lunabotics25-26/lunabot_ws/src/install/micro_ros_setup/./config
[0.999s] -- Installing: /home/mars/Documents/Lunabotics25-26/lunabot_ws/src/install/micro_ros_setup/./config/raspbian
[1.000s] -- Installing: /home/mars/Documents/Lunabotics25-26/lunabot_ws/src/install/micro_ros_setup/./config/raspbian/dev_ros2_packages.txt
[1.000s] -- Installing: /home/mars/Documents/Lunabotics25-26/lunabot_ws/src/install/micro_ros_setup/./config/raspbian/generic
[1.000s] -- Installing: /home/mars/Documents/Lunabotics25-26/lunabot_ws/src/install/micro_ros_setup/./config/raspbian/generic/create.sh
[1.000s] -- Installing: /home/mars/Documents/Lunabotics25-26/lunabot_ws/src/install/micro_ros_setup/./config/raspbian/generic/client-colcon.meta
[1.001s] -- Installing: /home/mars/Documents/Lunabotics25-26/lunabot_ws/src/install/micro_ros_setup/./config/raspbian/generic/client_uros_packages.repos
[1.001s] -- Installing: /home/mars/Documents/Lunabotics25-26/lunabot_ws/src/install/micro_ros_setup/./config/raspbian/generic/supported_platforms
[1.001s] -- Installing: /home/mars/Documents/Lunabotics25-26/lunabot_ws/src/install/micro_ros_setup/./config/raspbian/generic/configure.sh
[1.002s] -- Installing: /home/mars/Documents/Lunabotics25-26/lunabot_ws/src/install/micro_ros_setup/./config/raspbian/generic/build.sh
[1.002s] -- Installing: /home/mars/Documents/Lunabotics25-26/lunabot_ws/src/install/micro_ros_setup/./config/raspbian/generic/flash.sh
[1.002s] -- Installing: /home/mars/Documents/Lunabotics25-26/lunabot_ws/src/install/micro_ros_setup/./config/raspbian/dev_uros_packages.repos
[1.002s] -- Installing: /home/mars/Documents/Lunabotics25-26/lunabot_ws/src/install/micro_ros_setup/./config/client_uros_packages.repos
[1.003s] -- Installing: /home/mars/Documents/Lunabotics25-26/lunabot_ws/src/install/micro_ros_setup/./config/agent_ros2_packages.txt
[1.003s] -- Installing: /home/mars/Documents/Lunabotics25-26/lunabot_ws/src/install/micro_ros_setup/./config/zephyr
[1.003s] -- Installing: /home/mars/Documents/Lunabotics25-26/lunabot_ws/src/install/micro_ros_setup/./config/zephyr/dev_ros2_packages.txt
[1.003s] -- Installing: /home/mars/Documents/Lunabotics25-26/lunabot_ws/src/install/micro_ros_setup/./config/zephyr/generic
[1.004s] -- Installing: /home/mars/Documents/Lunabotics25-26/lunabot_ws/src/install/micro_ros_setup/./config/zephyr/generic/create.sh
[1.005s] -- Installing: /home/mars/Documents/Lunabotics25-26/lunabot_ws/src/install/micro_ros_setup/./config/zephyr/generic/package.xml
[1.005s] -- Installing: /home/mars/Documents/Lunabotics25-26/lunabot_ws/src/install/micro_ros_setup/./config/zephyr/generic/client-colcon.meta
[1.005s] -- Installing: /home/mars/Documents/Lunabotics25-26/lunabot_ws/src/install/micro_ros_setup/./config/zephyr/generic/client_uros_packages.repos
[1.005s] -- Installing: /home/mars/Documents/Lunabotics25-26/lunabot_ws/src/install/micro_ros_setup/./config/zephyr/generic/board.repos
[1.005s] -- Installing: /home/mars/Documents/Lunabotics25-26/lunabot_ws/src/install/micro_ros_setup/./config/zephyr/generic/supported_platforms
[1.005s] -- Installing: /home/mars/Documents/Lunabotics25-26/lunabot_ws/src/install/micro_ros_setup/./config/zephyr/generic/configure.sh
[1.005s] -- Installing: /home/mars/Documents/Lunabotics25-26/lunabot_ws/src/install/micro_ros_setup/./config/zephyr/generic/build.sh
[1.005s] -- Installing: /home/mars/Documents/Lunabotics25-26/lunabot_ws/src/install/micro_ros_setup/./config/zephyr/generic/flash.sh
[1.005s] -- Installing: /home/mars/Documents/Lunabotics25-26/lunabot_ws/src/install/micro_ros_setup/./config/zephyr/dev_uros_packages.repos
[1.005s] -- Installing: /home/mars/Documents/Lunabotics25-26/lunabot_ws/src/install/micro_ros_setup/./config/zephyr/list_apps.sh
[1.006s] -- Installing: /home/mars/Documents/Lunabotics25-26/lunabot_ws/src/install/micro_ros_setup/./config/client_ros2_packages.txt
[1.006s] -- Installing: /home/mars/Documents/Lunabotics25-26/lunabot_ws/src/install/micro_ros_setup/./config/freertos
[1.006s] -- Installing: /home/mars/Documents/Lunabotics25-26/lunabot_ws/src/install/micro_ros_setup/./config/freertos/nucleo_f446re
[1.007s] -- Installing: /home/mars/Documents/Lunabotics25-26/lunabot_ws/src/install/micro_ros_setup/./config/freertos/nucleo_f446re/create.sh
[1.007s] -- Installing: /home/mars/Documents/Lunabotics25-26/lunabot_ws/src/install/micro_ros_setup/./config/freertos/nucleo_f446re/package.xml
[1.007s] -- Installing: /home/mars/Documents/Lunabotics25-26/lunabot_ws/src/install/micro_ros_setup/./config/freertos/nucleo_f446re/client-colcon.meta
[1.007s] -- Installing: /home/mars/Documents/Lunabotics25-26/lunabot_ws/src/install/micro_ros_setup/./config/freertos/nucleo_f446re/client_uros_packages.repos
[1.009s] -- Installing: /home/mars/Documents/Lunabotics25-26/lunabot_ws/src/install/micro_ros_setup/./config/freertos/nucleo_f446re/board.repos
[1.009s] -- Installing: /home/mars/Documents/Lunabotics25-26/lunabot_ws/src/install/micro_ros_setup/./config/freertos/nucleo_f446re/configure.sh
[1.009s] -- Installing: /home/mars/Documents/Lunabotics25-26/lunabot_ws/src/install/micro_ros_setup/./config/freertos/nucleo_f446re/build.sh
[1.009s] -- Installing: /home/mars/Documents/Lunabotics25-26/lunabot_ws/src/install/micro_ros_setup/./config/freertos/nucleo_f446re/flash.sh
[1.009s] -- Installing: /home/mars/Documents/Lunabotics25-26/lunabot_ws/src/install/micro_ros_setup/./config/freertos/dev_ros2_packages.txt
[1.009s] -- Installing: /home/mars/Documents/Lunabotics25-26/lunabot_ws/src/install/micro_ros_setup/./config/freertos/nucleo_f446ze
[1.009s] -- Installing: /home/mars/Documents/Lunabotics25-26/lunabot_ws/src/install/micro_ros_setup/./config/freertos/nucleo_f446ze/create.sh
[1.009s] -- Installing: /home/mars/Documents/Lunabotics25-26/lunabot_ws/src/install/micro_ros_setup/./config/freertos/nucleo_f446ze/package.xml
[1.009s] -- Installing: /home/mars/Documents/Lunabotics25-26/lunabot_ws/src/install/micro_ros_setup/./config/freertos/nucleo_f446ze/client-colcon.meta
[1.009s] -- Installing: /home/mars/Documents/Lunabotics25-26/lunabot_ws/src/install/micro_ros_setup/./config/freertos/nucleo_f446ze/client_uros_packages.repos
[1.010s] -- Installing: /home/mars/Documents/Lunabotics25-26/lunabot_ws/src/install/micro_ros_setup/./config/freertos/nucleo_f446ze/board.repos
[1.010s] -- Installing: /home/mars/Documents/Lunabotics25-26/lunabot_ws/src/install/micro_ros_setup/./config/freertos/nucleo_f446ze/configure.sh
[1.010s] -- Installing: /home/mars/Documents/Lunabotics25-26/lunabot_ws/src/install/micro_ros_setup/./config/freertos/nucleo_f446ze/build.sh
[1.010s] -- Installing: /home/mars/Documents/Lunabotics25-26/lunabot_ws/src/install/micro_ros_setup/./config/freertos/nucleo_f446ze/flash.sh
[1.010s] -- Installing: /home/mars/Documents/Lunabotics25-26/lunabot_ws/src/install/micro_ros_setup/./config/freertos/crazyflie21
[1.010s] -- Installing: /home/mars/Documents/Lunabotics25-26/lunabot_ws/src/install/micro_ros_setup/./config/freertos/crazyflie21/create.sh
[1.010s] -- Installing: /home/mars/Documents/Lunabotics25-26/lunabot_ws/src/install/micro_ros_setup/./config/freertos/crazyflie21/package.xml
[1.010s] -- Installing: /home/mars/Documents/Lunabotics25-26/lunabot_ws/src/install/micro_ros_setup/./config/freertos/crazyflie21/client-colcon.meta
[1.011s] -- Installing: /home/mars/Documents/Lunabotics25-26/lunabot_ws/src/install/micro_ros_setup/./config/freertos/crazyflie21/client_uros_packages.repos
[1.011s] -- Installing: /home/mars/Documents/Lunabotics25-26/lunabot_ws/src/install/micro_ros_setup/./config/freertos/crazyflie21/board.repos
[1.011s] -- Installing: /home/mars/Documents/Lunabotics25-26/lunabot_ws/src/install/micro_ros_setup/./config/freertos/crazyflie21/configure.sh
[1.011s] -- Installing: /home/mars/Documents/Lunabotics25-26/lunabot_ws/src/install/micro_ros_setup/./config/freertos/crazyflie21/build.sh
[1.012s] -- Installing: /home/mars/Documents/Lunabotics25-26/lunabot_ws/src/install/micro_ros_setup/./config/freertos/crazyflie21/flash.sh
[1.012s] -- Installing: /home/mars/Documents/Lunabotics25-26/lunabot_ws/src/install/micro_ros_setup/./config/freertos/nucleo_f767zi
[1.012s] -- Installing: /home/mars/Documents/Lunabotics25-26/lunabot_ws/src/install/micro_ros_setup/./config/freertos/nucleo_f767zi/create.sh
[1.012s] -- Installing: /home/mars/Documents/Lunabotics25-26/lunabot_ws/src/install/micro_ros_setup/./config/freertos/nucleo_f767zi/package.xml
[1.012s] -- Installing: /home/mars/Documents/Lunabotics25-26/lunabot_ws/src/install/micro_ros_setup/./config/freertos/nucleo_f767zi/client-colcon.meta
[1.012s] -- Installing: /home/mars/Documents/Lunabotics25-26/lunabot_ws/src/install/micro_ros_setup/./config/freertos/nucleo_f767zi/client_uros_packages.repos
[1.012s] -- Installing: /home/mars/Documents/Lunabotics25-26/lunabot_ws/src/install/micro_ros_setup/./config/freertos/nucleo_f767zi/board.repos
[1.012s] -- Installing: /home/mars/Documents/Lunabotics25-26/lunabot_ws/src/install/micro_ros_setup/./config/freertos/nucleo_f767zi/configure.sh
[1.012s] -- Installing: /home/mars/Documents/Lunabotics25-26/lunabot_ws/src/install/micro_ros_setup/./config/freertos/nucleo_f767zi/build.sh
[1.013s] -- Installing: /home/mars/Documents/Lunabotics25-26/lunabot_ws/src/install/micro_ros_setup/./config/freertos/nucleo_f767zi/flash.sh
[1.013s] -- Installing: /home/mars/Documents/Lunabotics25-26/lunabot_ws/src/install/micro_ros_setup/./config/freertos/olimex-stm32-e407
[1.013s] -- Installing: /home/mars/Documents/Lunabotics25-26/lunabot_ws/src/install/micro_ros_setup/./config/freertos/olimex-stm32-e407/create.sh
[1.013s] -- Installing: /home/mars/Documents/Lunabotics25-26/lunabot_ws/src/install/micro_ros_setup/./config/freertos/olimex-stm32-e407/package.xml
[1.014s] -- Installing: /home/mars/Documents/Lunabotics25-26/lunabot_ws/src/install/micro_ros_setup/./config/freertos/olimex-stm32-e407/client-colcon.meta
[1.014s] -- Installing: /home/mars/Documents/Lunabotics25-26/lunabot_ws/src/install/micro_ros_setup/./config/freertos/olimex-stm32-e407/client_uros_packages.repos
[1.014s] -- Installing: /home/mars/Documents/Lunabotics25-26/lunabot_ws/src/install/micro_ros_setup/./config/freertos/olimex-stm32-e407/board.repos
[1.014s] -- Installing: /home/mars/Documents/Lunabotics25-26/lunabot_ws/src/install/micro_ros_setup/./config/freertos/olimex-stm32-e407/configure.sh
[1.014s] -- Installing: /home/mars/Documents/Lunabotics25-26/lunabot_ws/src/install/micro_ros_setup/./config/freertos/olimex-stm32-e407/build.sh
[1.015s] -- Installing: /home/mars/Documents/Lunabotics25-26/lunabot_ws/src/install/micro_ros_setup/./config/freertos/olimex-stm32-e407/flash.sh
[1.015s] -- Installing: /home/mars/Documents/Lunabotics25-26/lunabot_ws/src/install/micro_ros_setup/./config/freertos/esp32
[1.016s] -- Installing: /home/mars/Documents/Lunabotics25-26/lunabot_ws/src/install/micro_ros_setup/./config/freertos/esp32/create.sh
[1.016s] -- Installing: /home/mars/Documents/Lunabotics25-26/lunabot_ws/src/install/micro_ros_setup/./config/freertos/esp32/package.xml
[1.016s] -- Installing: /home/mars/Documents/Lunabotics25-26/lunabot_ws/src/install/micro_ros_setup/./config/freertos/esp32/client-colcon.meta
[1.016s] -- Installing: /home/mars/Documents/Lunabotics25-26/lunabot_ws/src/install/micro_ros_setup/./config/freertos/esp32/client_uros_packages.repos
[1.016s] -- Installing: /home/mars/Documents/Lunabotics25-26/lunabot_ws/src/install/micro_ros_setup/./config/freertos/esp32/board.repos
[1.016s] -- Installing: /home/mars/Documents/Lunabotics25-26/lunabot_ws/src/install/micro_ros_setup/./config/freertos/esp32/README.md
[1.016s] -- Installing: /home/mars/Documents/Lunabotics25-26/lunabot_ws/src/install/micro_ros_setup/./config/freertos/esp32/configure.sh
[1.016s] -- Installing: /home/mars/Documents/Lunabotics25-26/lunabot_ws/src/install/micro_ros_setup/./config/freertos/esp32/build.sh
[1.016s] -- Installing: /home/mars/Documents/Lunabotics25-26/lunabot_ws/src/install/micro_ros_setup/./config/freertos/esp32/flash.sh
[1.017s] -- Installing: /home/mars/Documents/Lunabotics25-26/lunabot_ws/src/install/micro_ros_setup/./config/freertos/dev_uros_packages.repos
[1.017s] -- Installing: /home/mars/Documents/Lunabotics25-26/lunabot_ws/src/install/micro_ros_setup/./config/freertos/list_apps.sh
[1.017s] -- Installing: /home/mars/Documents/Lunabotics25-26/lunabot_ws/src/install/micro_ros_setup/./config/freertos/nucleo_f746zg
[1.017s] -- Installing: /home/mars/Documents/Lunabotics25-26/lunabot_ws/src/install/micro_ros_setup/./config/freertos/nucleo_f746zg/create.sh
[1.017s] -- Installing: /home/mars/Documents/Lunabotics25-26/lunabot_ws/src/install/micro_ros_setup/./config/freertos/nucleo_f746zg/package.xml
[1.017s] -- Installing: /home/mars/Documents/Lunabotics25-26/lunabot_ws/src/install/micro_ros_setup/./config/freertos/nucleo_f746zg/client-colcon.meta
[1.017s] -- Installing: /home/mars/Documents/Lunabotics25-26/lunabot_ws/src/install/micro_ros_setup/./config/freertos/nucleo_f746zg/client_uros_packages.repos
[1.017s] -- Installing: /home/mars/Documents/Lunabotics25-26/lunabot_ws/src/install/micro_ros_setup/./config/freertos/nucleo_f746zg/board.repos
[1.017s] -- Installing: /home/mars/Documents/Lunabotics25-26/lunabot_ws/src/install/micro_ros_setup/./config/freertos/nucleo_f746zg/configure.sh
[1.017s] -- Installing: /home/mars/Documents/Lunabotics25-26/lunabot_ws/src/install/micro_ros_setup/./config/freertos/nucleo_f746zg/build.sh
[1.017s] -- Installing: /home/mars/Documents/Lunabotics25-26/lunabot_ws/src/install/micro_ros_setup/./config/freertos/nucleo_f746zg/flash.sh
[1.017s] -- Installing: /home/mars/Documents/Lunabotics25-26/lunabot_ws/src/install/micro_ros_setup/./config/utils.sh
[1.017s] -- Installing: /home/mars/Documents/Lunabotics25-26/lunabot_ws/src/install/micro_ros_setup/./config/host
[1.017s] -- Installing: /home/mars/Documents/Lunabotics25-26/lunabot_ws/src/install/micro_ros_setup/./config/host/dev_ros2_packages.txt
[1.018s] -- Installing: /home/mars/Documents/Lunabotics25-26/lunabot_ws/src/install/micro_ros_setup/./config/host/generic
[1.018s] -- Installing: /home/mars/Documents/Lunabotics25-26/lunabot_ws/src/install/micro_ros_setup/./config/host/generic/create.sh
[1.018s] -- Installing: /home/mars/Documents/Lunabotics25-26/lunabot_ws/src/install/micro_ros_setup/./config/host/generic/client_host_packages.repos
[1.018s] -- Installing: /home/mars/Documents/Lunabotics25-26/lunabot_ws/src/install/micro_ros_setup/./config/host/generic/package.xml
[1.018s] -- Installing: /home/mars/Documents/Lunabotics25-26/lunabot_ws/src/install/micro_ros_setup/./config/host/generic/client-host-colcon.meta
[1.018s] -- Installing: /home/mars/Documents/Lunabotics25-26/lunabot_ws/src/install/micro_ros_setup/./config/host/generic/build.sh
[1.018s] -- Installing: /home/mars/Documents/Lunabotics25-26/lunabot_ws/src/install/micro_ros_setup/./config/host/generic/flash.sh
[1.019s] -- Installing: /home/mars/Documents/Lunabotics25-26/lunabot_ws/src/install/micro_ros_setup/./config/host/client_ros2_packages.txt
[1.019s] -- Installing: /home/mars/Documents/Lunabotics25-26/lunabot_ws/src/install/micro_ros_setup/./config/host/dev_uros_packages.repos
[1.019s] -- Installing: /home/mars/Documents/Lunabotics25-26/lunabot_ws/src/install/micro_ros_setup/./config/android
[1.019s] -- Installing: /home/mars/Documents/Lunabotics25-26/lunabot_ws/src/install/micro_ros_setup/./config/android/dev_ros2_packages.txt
[1.019s] -- Installing: /home/mars/Documents/Lunabotics25-26/lunabot_ws/src/install/micro_ros_setup/./config/android/generic
[1.019s] -- Installing: /home/mars/Documents/Lunabotics25-26/lunabot_ws/src/install/micro_ros_setup/./config/android/generic/create.sh
[1.019s] -- Installing: /home/mars/Documents/Lunabotics25-26/lunabot_ws/src/install/micro_ros_setup/./config/android/generic/package.xml
[1.019s] -- Installing: /home/mars/Documents/Lunabotics25-26/lunabot_ws/src/install/micro_ros_setup/./config/android/generic/client-colcon.meta
[1.019s] -- Installing: /home/mars/Documents/Lunabotics25-26/lunabot_ws/src/install/micro_ros_setup/./config/android/generic/client_uros_packages.repos
[1.019s] -- Installing: /home/mars/Documents/Lunabotics25-26/lunabot_ws/src/install/micro_ros_setup/./config/android/generic/build.sh
[1.019s] -- Installing: /home/mars/Documents/Lunabotics25-26/lunabot_ws/src/install/micro_ros_setup/./config/android/generic/flash.sh
[1.020s] -- Installing: /home/mars/Documents/Lunabotics25-26/lunabot_ws/src/install/micro_ros_setup/./config/android/dev_uros_packages.repos
[1.020s] -- Installing: /home/mars/Documents/Lunabotics25-26/lunabot_ws/src/install/micro_ros_setup/./config/generate_lib
[1.020s] -- Installing: /home/mars/Documents/Lunabotics25-26/lunabot_ws/src/install/micro_ros_setup/./config/generate_lib/dev_ros2_packages.txt
[1.020s] -- Installing: /home/mars/Documents/Lunabotics25-26/lunabot_ws/src/install/micro_ros_setup/./config/generate_lib/generic
[1.020s] -- Installing: /home/mars/Documents/Lunabotics25-26/lunabot_ws/src/install/micro_ros_setup/./config/generate_lib/generic/create.sh
[1.020s] -- Installing: /home/mars/Documents/Lunabotics25-26/lunabot_ws/src/install/micro_ros_setup/./config/generate_lib/generic/demo_toolchain.cmake
[1.020s] -- Installing: /home/mars/Documents/Lunabotics25-26/lunabot_ws/src/install/micro_ros_setup/./config/generate_lib/generic/package.xml
[1.020s] -- Installing: /home/mars/Documents/Lunabotics25-26/lunabot_ws/src/install/micro_ros_setup/./config/generate_lib/generic/client-colcon.meta
[1.020s] -- Installing: /home/mars/Documents/Lunabotics25-26/lunabot_ws/src/install/micro_ros_setup/./config/generate_lib/generic/client_uros_packages.repos
[1.020s] -- Installing: /home/mars/Documents/Lunabotics25-26/lunabot_ws/src/install/micro_ros_setup/./config/generate_lib/generic/build.sh
[1.020s] -- Installing: /home/mars/Documents/Lunabotics25-26/lunabot_ws/src/install/micro_ros_setup/./config/generate_lib/generic/flash.sh
[1.020s] -- Installing: /home/mars/Documents/Lunabotics25-26/lunabot_ws/src/install/micro_ros_setup/./config/generate_lib/dev_uros_packages.repos
[1.020s] -- Installing: /home/mars/Documents/Lunabotics25-26/lunabot_ws/src/install/micro_ros_setup/./config/agent_uros_packages.repos
[1.020s] -- Installing: /home/mars/Documents/Lunabotics25-26/lunabot_ws/src/install/micro_ros_setup/lib/micro_ros_setup/create_ws.sh
[1.020s] -- Installing: /home/mars/Documents/Lunabotics25-26/lunabot_ws/src/install/micro_ros_setup/lib/micro_ros_setup/create_agent_ws.sh
[1.021s] -- Installing: /home/mars/Documents/Lunabotics25-26/lunabot_ws/src/install/micro_ros_setup/lib/micro_ros_setup/create_firmware_ws.sh
[1.023s] -- Installing: /home/mars/Documents/Lunabotics25-26/lunabot_ws/src/install/micro_ros_setup/lib/micro_ros_setup/configure_firmware.sh
[1.023s] -- Installing: /home/mars/Documents/Lunabotics25-26/lunabot_ws/src/install/micro_ros_setup/lib/micro_ros_setup/flash_firmware.sh
[1.023s] -- Installing: /home/mars/Documents/Lunabotics25-26/lunabot_ws/src/install/micro_ros_setup/lib/micro_ros_setup/build_firmware.sh
[1.026s] -- Installing: /home/mars/Documents/Lunabotics25-26/lunabot_ws/src/install/micro_ros_setup/lib/micro_ros_setup/build_agent.sh
[1.026s] -- Installing: /home/mars/Documents/Lunabotics25-26/lunabot_ws/src/install/micro_ros_setup/lib/micro_ros_setup/yaml_filter.py
[1.026s] -- Installing: /home/mars/Documents/Lunabotics25-26/lunabot_ws/src/install/micro_ros_setup/lib/micro_ros_setup/clean_env.sh
[1.026s] -- Installing: /home/mars/Documents/Lunabotics25-26/lunabot_ws/src/install/micro_ros_setup/lib/micro_ros_setup/component
[1.033s] Invoked command in '/home/mars/Documents/Lunabotics25-26/lunabot_ws/src/build/micro_ros_setup' returned '0': CMAKE_PREFIX_PATH=${CMAKE_PREFIX_PATH}:/opt/ros/jazzy DEBUGINFOD_URLS=https://debuginfod.ubuntu.com /usr/bin/cmake --install /home/mars/Documents/Lunabotics25-26/lunabot_ws/src/build/micro_ros_setup
