[0.011s] Invoking command in '/home/sam/Desktop/Lunabotics25-26/lunabot_ws/build/lunabot_teleop': CMAKE_PREFIX_PATH=${CMAKE_PREFIX_PATH}:/opt/ros/jazzy DEBUGINFOD_URLS=https://debuginfod.ubuntu.com /usr/bin/cmake /home/sam/Desktop/Lunabotics25-26/lunabot_ws/src/lunabot_teleop -DCMAKE_INSTALL_PREFIX=/home/sam/Desktop/Lunabotics25-26/lunabot_ws/install/lunabot_teleop
[0.026s] -- Found ament_cmake: 2.5.4 (/opt/ros/jazzy/share/ament_cmake/cmake)
[0.137s] -- Found Python3: /usr/bin/python3 (found version "3.12.3") found components: Interpreter 
[0.214s] -- Found rclcpp: 28.1.13 (/opt/ros/jazzy/share/rclcpp/cmake)
[0.244s] -- Found rosidl_generator_c: 4.6.6 (/opt/ros/jazzy/share/rosidl_generator_c/cmake)
[0.253s] -- Found rosidl_generator_cpp: 4.6.6 (/opt/ros/jazzy/share/rosidl_generator_cpp/cmake)
[0.268s] -- Using all available rosidl_typesupport_c: rosidl_typesupport_fastrtps_c;rosidl_typesupport_introspection_c
[0.283s] -- Using all available rosidl_typesupport_cpp: rosidl_typesupport_fastrtps_cpp;rosidl_typesupport_introspection_cpp
[0.350s] -- Found rmw_implementation_cmake: 7.3.2 (/opt/ros/jazzy/share/rmw_implementation_cmake/cmake)
[0.352s] -- Found rmw_fastrtps_cpp: 8.4.3 (/opt/ros/jazzy/share/rmw_fastrtps_cpp/cmake)
[0.415s] -- Using RMW implementation 'rmw_fastrtps_cpp' as default
[0.482s] -- Found ament_lint_auto: 0.17.3 (/opt/ros/jazzy/share/ament_lint_auto/cmake)
[0.573s] -- Added test 'lint_cmake' to check CMake code style
[0.576s] -- Added test 'xmllint' to check XML markup files
[0.579s] -- Configuring done (0.6s)
[0.583s] -- Generating done (0.0s)
[0.585s] -- Build files have been written to: /home/sam/Desktop/Lunabotics25-26/lunabot_ws/build/lunabot_teleop
[0.592s] Invoked command in '/home/sam/Desktop/Lunabotics25-26/lunabot_ws/build/lunabot_teleop' returned '0': CMAKE_PREFIX_PATH=${CMAKE_PREFIX_PATH}:/opt/ros/jazzy DEBUGINFOD_URLS=https://debuginfod.ubuntu.com /usr/bin/cmake /home/sam/Desktop/Lunabotics25-26/lunabot_ws/src/lunabot_teleop -DCMAKE_INSTALL_PREFIX=/home/sam/Desktop/Lunabotics25-26/lunabot_ws/install/lunabot_teleop
[0.593s] Invoking command in '/home/sam/Desktop/Lunabotics25-26/lunabot_ws/build/lunabot_teleop': CMAKE_PREFIX_PATH=${CMAKE_PREFIX_PATH}:/opt/ros/jazzy DEBUGINFOD_URLS=https://debuginfod.ubuntu.com /usr/bin/cmake --build /home/sam/Desktop/Lunabotics25-26/lunabot_ws/build/lunabot_teleop -- -j6 -l6
[0.631s] Invoked command in '/home/sam/Desktop/Lunabotics25-26/lunabot_ws/build/lunabot_teleop' returned '0': CMAKE_PREFIX_PATH=${CMAKE_PREFIX_PATH}:/opt/ros/jazzy DEBUGINFOD_URLS=https://debuginfod.ubuntu.com /usr/bin/cmake --build /home/sam/Desktop/Lunabotics25-26/lunabot_ws/build/lunabot_teleop -- -j6 -l6
[0.639s] Invoking command in '/home/sam/Desktop/Lunabotics25-26/lunabot_ws/build/lunabot_teleop': CMAKE_PREFIX_PATH=${CMAKE_PREFIX_PATH}:/opt/ros/jazzy DEBUGINFOD_URLS=https://debuginfod.ubuntu.com /usr/bin/cmake --install /home/sam/Desktop/Lunabotics25-26/lunabot_ws/build/lunabot_teleop
[0.645s] -- Install configuration: ""
[0.646s] -- Installing: /home/sam/Desktop/Lunabotics25-26/lunabot_ws/install/lunabot_teleop/share/ament_index/resource_index/package_run_dependencies/lunabot_teleop
[0.646s] -- Installing: /home/sam/Desktop/Lunabotics25-26/lunabot_ws/install/lunabot_teleop/share/ament_index/resource_index/parent_prefix_path/lunabot_teleop
[0.646s] -- Installing: /home/sam/Desktop/Lunabotics25-26/lunabot_ws/install/lunabot_teleop/share/lunabot_teleop/environment/ament_prefix_path.sh
[0.646s] -- Installing: /home/sam/Desktop/Lunabotics25-26/lunabot_ws/install/lunabot_teleop/share/lunabot_teleop/environment/ament_prefix_path.dsv
[0.647s] -- Installing: /home/sam/Desktop/Lunabotics25-26/lunabot_ws/install/lunabot_teleop/share/lunabot_teleop/environment/path.sh
[0.647s] -- Installing: /home/sam/Desktop/Lunabotics25-26/lunabot_ws/install/lunabot_teleop/share/lunabot_teleop/environment/path.dsv
[0.647s] -- Installing: /home/sam/Desktop/Lunabotics25-26/lunabot_ws/install/lunabot_teleop/share/lunabot_teleop/local_setup.bash
[0.647s] -- Installing: /home/sam/Desktop/Lunabotics25-26/lunabot_ws/install/lunabot_teleop/share/lunabot_teleop/local_setup.sh
[0.647s] -- Installing: /home/sam/Desktop/Lunabotics25-26/lunabot_ws/install/lunabot_teleop/share/lunabot_teleop/local_setup.zsh
[0.647s] -- Installing: /home/sam/Desktop/Lunabotics25-26/lunabot_ws/install/lunabot_teleop/share/lunabot_teleop/local_setup.dsv
[0.647s] -- Installing: /home/sam/Desktop/Lunabotics25-26/lunabot_ws/install/lunabot_teleop/share/lunabot_teleop/package.dsv
[0.647s] -- Installing: /home/sam/Desktop/Lunabotics25-26/lunabot_ws/install/lunabot_teleop/share/ament_index/resource_index/packages/lunabot_teleop
[0.647s] -- Installing: /home/sam/Desktop/Lunabotics25-26/lunabot_ws/install/lunabot_teleop/share/lunabot_teleop/cmake/lunabot_teleopConfig.cmake
[0.648s] -- Installing: /home/sam/Desktop/Lunabotics25-26/lunabot_ws/install/lunabot_teleop/share/lunabot_teleop/cmake/lunabot_teleopConfig-version.cmake
[0.648s] -- Installing: /home/sam/Desktop/Lunabotics25-26/lunabot_ws/install/lunabot_teleop/share/lunabot_teleop/package.xml
[0.649s] Invoked command in '/home/sam/Desktop/Lunabotics25-26/lunabot_ws/build/lunabot_teleop' returned '0': CMAKE_PREFIX_PATH=${CMAKE_PREFIX_PATH}:/opt/ros/jazzy DEBUGINFOD_URLS=https://debuginfod.ubuntu.com /usr/bin/cmake --install /home/sam/Desktop/Lunabotics25-26/lunabot_ws/build/lunabot_teleop
