[0.014s] Invoking command in '/home/sam/Desktop/Lunabotics25-26/lunabot_ws/build/lunabot_hardware': CMAKE_PREFIX_PATH=${CMAKE_PREFIX_PATH}:/opt/ros/jazzy DEBUGINFOD_URLS=https://debuginfod.ubuntu.com /usr/bin/cmake /home/sam/Desktop/Lunabotics25-26/lunabot_ws/src/lunabot_hardware -DCMAKE_INSTALL_PREFIX=/home/sam/Desktop/Lunabotics25-26/lunabot_ws/install/lunabot_hardware
[0.082s] -- The C compiler identification is GNU 13.3.0
[0.138s] -- The CXX compiler identification is GNU 13.3.0
[0.154s] -- Detecting C compiler ABI info
[0.235s] -- Detecting C compiler ABI info - done
[0.241s] -- Check for working C compiler: /usr/bin/cc - skipped
[0.242s] -- Detecting C compile features
[0.242s] -- Detecting C compile features - done
[0.253s] -- Detecting CXX compiler ABI info
[0.338s] -- Detecting CXX compiler ABI info - done
[0.345s] -- Check for working CXX compiler: /usr/bin/c++ - skipped
[0.345s] -- Detecting CXX compile features
[0.346s] -- Detecting CXX compile features - done
[0.350s] -- Found ament_cmake: 2.5.4 (/opt/ros/jazzy/share/ament_cmake/cmake)
[0.477s] -- Found Python3: /usr/bin/python3 (found version "3.12.3") found components: Interpreter 
[0.583s] -- Found ament_lint_auto: 0.17.3 (/opt/ros/jazzy/share/ament_lint_auto/cmake)
[0.673s] -- Added test 'lint_cmake' to check CMake code style
[0.674s] -- Added test 'xmllint' to check XML markup files
[0.676s] -- Configuring done (0.7s)
[0.678s] -- Generating done (0.0s)
[0.679s] -- Build files have been written to: /home/sam/Desktop/Lunabotics25-26/lunabot_ws/build/lunabot_hardware
[0.684s] Invoked command in '/home/sam/Desktop/Lunabotics25-26/lunabot_ws/build/lunabot_hardware' returned '0': CMAKE_PREFIX_PATH=${CMAKE_PREFIX_PATH}:/opt/ros/jazzy DEBUGINFOD_URLS=https://debuginfod.ubuntu.com /usr/bin/cmake /home/sam/Desktop/Lunabotics25-26/lunabot_ws/src/lunabot_hardware -DCMAKE_INSTALL_PREFIX=/home/sam/Desktop/Lunabotics25-26/lunabot_ws/install/lunabot_hardware
[0.685s] Invoking command in '/home/sam/Desktop/Lunabotics25-26/lunabot_ws/build/lunabot_hardware': CMAKE_PREFIX_PATH=${CMAKE_PREFIX_PATH}:/opt/ros/jazzy DEBUGINFOD_URLS=https://debuginfod.ubuntu.com /usr/bin/cmake --build /home/sam/Desktop/Lunabotics25-26/lunabot_ws/build/lunabot_hardware -- -j6 -l6
[0.721s] Invoked command in '/home/sam/Desktop/Lunabotics25-26/lunabot_ws/build/lunabot_hardware' returned '0': CMAKE_PREFIX_PATH=${CMAKE_PREFIX_PATH}:/opt/ros/jazzy DEBUGINFOD_URLS=https://debuginfod.ubuntu.com /usr/bin/cmake --build /home/sam/Desktop/Lunabotics25-26/lunabot_ws/build/lunabot_hardware -- -j6 -l6
[0.722s] Invoking command in '/home/sam/Desktop/Lunabotics25-26/lunabot_ws/build/lunabot_hardware': CMAKE_PREFIX_PATH=${CMAKE_PREFIX_PATH}:/opt/ros/jazzy DEBUGINFOD_URLS=https://debuginfod.ubuntu.com /usr/bin/cmake --install /home/sam/Desktop/Lunabotics25-26/lunabot_ws/build/lunabot_hardware
[0.729s] -- Install configuration: ""
[0.729s] -- Installing: /home/sam/Desktop/Lunabotics25-26/lunabot_ws/install/lunabot_hardware/share/ament_index/resource_index/package_run_dependencies/lunabot_hardware
[0.729s] -- Installing: /home/sam/Desktop/Lunabotics25-26/lunabot_ws/install/lunabot_hardware/share/ament_index/resource_index/parent_prefix_path/lunabot_hardware
[0.729s] -- Installing: /home/sam/Desktop/Lunabotics25-26/lunabot_ws/install/lunabot_hardware/share/lunabot_hardware/environment/ament_prefix_path.sh
[0.729s] -- Installing: /home/sam/Desktop/Lunabotics25-26/lunabot_ws/install/lunabot_hardware/share/lunabot_hardware/environment/ament_prefix_path.dsv
[0.730s] -- Installing: /home/sam/Desktop/Lunabotics25-26/lunabot_ws/install/lunabot_hardware/share/lunabot_hardware/environment/path.sh
[0.730s] -- Installing: /home/sam/Desktop/Lunabotics25-26/lunabot_ws/install/lunabot_hardware/share/lunabot_hardware/environment/path.dsv
[0.730s] -- Installing: /home/sam/Desktop/Lunabotics25-26/lunabot_ws/install/lunabot_hardware/share/lunabot_hardware/local_setup.bash
[0.730s] -- Installing: /home/sam/Desktop/Lunabotics25-26/lunabot_ws/install/lunabot_hardware/share/lunabot_hardware/local_setup.sh
[0.730s] -- Installing: /home/sam/Desktop/Lunabotics25-26/lunabot_ws/install/lunabot_hardware/share/lunabot_hardware/local_setup.zsh
[0.730s] -- Installing: /home/sam/Desktop/Lunabotics25-26/lunabot_ws/install/lunabot_hardware/share/lunabot_hardware/local_setup.dsv
[0.730s] -- Installing: /home/sam/Desktop/Lunabotics25-26/lunabot_ws/install/lunabot_hardware/share/lunabot_hardware/package.dsv
[0.730s] -- Installing: /home/sam/Desktop/Lunabotics25-26/lunabot_ws/install/lunabot_hardware/share/ament_index/resource_index/packages/lunabot_hardware
[0.730s] -- Installing: /home/sam/Desktop/Lunabotics25-26/lunabot_ws/install/lunabot_hardware/share/lunabot_hardware/cmake/lunabot_hardwareConfig.cmake
[0.731s] -- Installing: /home/sam/Desktop/Lunabotics25-26/lunabot_ws/install/lunabot_hardware/share/lunabot_hardware/cmake/lunabot_hardwareConfig-version.cmake
[0.731s] -- Installing: /home/sam/Desktop/Lunabotics25-26/lunabot_ws/install/lunabot_hardware/share/lunabot_hardware/package.xml
[0.732s] Invoked command in '/home/sam/Desktop/Lunabotics25-26/lunabot_ws/build/lunabot_hardware' returned '0': CMAKE_PREFIX_PATH=${CMAKE_PREFIX_PATH}:/opt/ros/jazzy DEBUGINFOD_URLS=https://debuginfod.ubuntu.com /usr/bin/cmake --install /home/sam/Desktop/Lunabotics25-26/lunabot_ws/build/lunabot_hardware
