[0.018s] Invoking command in '/home/mars/Documents/Lunabotics25-26/lunabot_ws/build/micro_ros_msgs': CMAKE_PREFIX_PATH=${CMAKE_PREFIX_PATH}:/opt/ros/jazzy DEBUGINFOD_URLS=https://debuginfod.ubuntu.com /usr/bin/cmake --build /home/mars/Documents/Lunabotics25-26/lunabot_ws/build/micro_ros_msgs -- -j4 -l4
[0.099s] [  1%] Built target micro_ros_msgs__rosidl_generator_type_description
[0.118s] [  1%] Built target ament_cmake_python_copy_micro_ros_msgs
[0.159s] [ 22%] Built target micro_ros_msgs__cpp
[0.162s] [ 24%] Built target micro_ros_msgs__rosidl_generator_c
[0.213s] [ 33%] Built target micro_ros_msgs__rosidl_typesupport_c
[0.230s] [ 42%] Built target micro_ros_msgs__rosidl_typesupport_introspection_c
[0.230s] [ 51%] Built target micro_ros_msgs__rosidl_typesupport_fastrtps_c
[0.271s] [ 61%] Built target micro_ros_msgs__rosidl_typesupport_introspection_cpp
[0.285s] [ 70%] Built target micro_ros_msgs__rosidl_typesupport_fastrtps_cpp
[0.288s] [ 79%] Built target micro_ros_msgs__rosidl_typesupport_cpp
[0.327s] [ 79%] Built target micro_ros_msgs
[0.365s] [ 81%] Built target micro_ros_msgs__py
[0.416s] [ 88%] Built target micro_ros_msgs__rosidl_generator_py
[0.462s] [ 92%] Built target micro_ros_msgs_s__rosidl_typesupport_c
[0.464s] [ 96%] Built target micro_ros_msgs_s__rosidl_typesupport_introspection_c
[0.477s] [100%] Built target micro_ros_msgs_s__rosidl_typesupport_fastrtps_c
[0.544s] running egg_info
[0.563s] writing micro_ros_msgs.egg-info/PKG-INFO
[0.564s] writing dependency_links to micro_ros_msgs.egg-info/dependency_links.txt
[0.564s] writing top-level names to micro_ros_msgs.egg-info/top_level.txt
[0.620s] reading manifest file 'micro_ros_msgs.egg-info/SOURCES.txt'
[0.620s] writing manifest file 'micro_ros_msgs.egg-info/SOURCES.txt'
[0.672s] [100%] Built target ament_cmake_python_build_micro_ros_msgs_egg
[0.682s] Invoked command in '/home/mars/Documents/Lunabotics25-26/lunabot_ws/build/micro_ros_msgs' returned '0': CMAKE_PREFIX_PATH=${CMAKE_PREFIX_PATH}:/opt/ros/jazzy DEBUGINFOD_URLS=https://debuginfod.ubuntu.com /usr/bin/cmake --build /home/mars/Documents/Lunabotics25-26/lunabot_ws/build/micro_ros_msgs -- -j4 -l4
[0.684s] Invoking command in '/home/mars/Documents/Lunabotics25-26/lunabot_ws/build/micro_ros_msgs': CMAKE_PREFIX_PATH=${CMAKE_PREFIX_PATH}:/opt/ros/jazzy DEBUGINFOD_URLS=https://debuginfod.ubuntu.com /usr/bin/cmake --install /home/mars/Documents/Lunabotics25-26/lunabot_ws/build/micro_ros_msgs
[0.691s] -- Install configuration: ""
[0.692s] -- Up-to-date: /home/mars/Documents/Lunabotics25-26/lunabot_ws/install/micro_ros_msgs/share/ament_index/resource_index/rosidl_interfaces/micro_ros_msgs
[0.692s] -- Up-to-date: /home/mars/Documents/Lunabotics25-26/lunabot_ws/install/micro_ros_msgs/share/micro_ros_msgs/msg/Graph.json
[0.692s] -- Up-to-date: /home/mars/Documents/Lunabotics25-26/lunabot_ws/install/micro_ros_msgs/share/micro_ros_msgs/msg/Node.json
[0.692s] -- Up-to-date: /home/mars/Documents/Lunabotics25-26/lunabot_ws/install/micro_ros_msgs/share/micro_ros_msgs/msg/Entity.json
[0.692s] -- Up-to-date: /home/mars/Documents/Lunabotics25-26/lunabot_ws/install/micro_ros_msgs/include/micro_ros_msgs/micro_ros_msgs
[0.692s] -- Up-to-date: /home/mars/Documents/Lunabotics25-26/lunabot_ws/install/micro_ros_msgs/include/micro_ros_msgs/micro_ros_msgs/msg
[0.692s] -- Up-to-date: /home/mars/Documents/Lunabotics25-26/lunabot_ws/install/micro_ros_msgs/include/micro_ros_msgs/micro_ros_msgs/msg/graph.h
[0.692s] -- Up-to-date: /home/mars/Documents/Lunabotics25-26/lunabot_ws/install/micro_ros_msgs/include/micro_ros_msgs/micro_ros_msgs/msg/detail
[0.693s] -- Up-to-date: /home/mars/Documents/Lunabotics25-26/lunabot_ws/install/micro_ros_msgs/include/micro_ros_msgs/micro_ros_msgs/msg/detail/graph__functions.h
[0.693s] -- Installing: /home/mars/Documents/Lunabotics25-26/lunabot_ws/install/micro_ros_msgs/include/micro_ros_msgs/micro_ros_msgs/msg/detail/graph__type_support.c
[0.693s] -- Up-to-date: /home/mars/Documents/Lunabotics25-26/lunabot_ws/install/micro_ros_msgs/include/micro_ros_msgs/micro_ros_msgs/msg/detail/graph__struct.h
[0.693s] -- Up-to-date: /home/mars/Documents/Lunabotics25-26/lunabot_ws/install/micro_ros_msgs/include/micro_ros_msgs/micro_ros_msgs/msg/detail/graph__description.c
[0.693s] -- Up-to-date: /home/mars/Documents/Lunabotics25-26/lunabot_ws/install/micro_ros_msgs/include/micro_ros_msgs/micro_ros_msgs/msg/detail/graph__functions.c
[0.693s] -- Up-to-date: /home/mars/Documents/Lunabotics25-26/lunabot_ws/install/micro_ros_msgs/include/micro_ros_msgs/micro_ros_msgs/msg/detail/node__type_support.h
[0.693s] -- Up-to-date: /home/mars/Documents/Lunabotics25-26/lunabot_ws/install/micro_ros_msgs/include/micro_ros_msgs/micro_ros_msgs/msg/detail/entity__description.c
[0.693s] -- Up-to-date: /home/mars/Documents/Lunabotics25-26/lunabot_ws/install/micro_ros_msgs/include/micro_ros_msgs/micro_ros_msgs/msg/detail/entity__functions.h
[0.694s] -- Up-to-date: /home/mars/Documents/Lunabotics25-26/lunabot_ws/install/micro_ros_msgs/include/micro_ros_msgs/micro_ros_msgs/msg/detail/entity__functions.c
[0.694s] -- Up-to-date: /home/mars/Documents/Lunabotics25-26/lunabot_ws/install/micro_ros_msgs/include/micro_ros_msgs/micro_ros_msgs/msg/detail/node__functions.h
[0.694s] -- Up-to-date: /home/mars/Documents/Lunabotics25-26/lunabot_ws/install/micro_ros_msgs/include/micro_ros_msgs/micro_ros_msgs/msg/detail/node__description.c
[0.694s] -- Up-to-date: /home/mars/Documents/Lunabotics25-26/lunabot_ws/install/micro_ros_msgs/include/micro_ros_msgs/micro_ros_msgs/msg/detail/node__struct.h
[0.694s] -- Up-to-date: /home/mars/Documents/Lunabotics25-26/lunabot_ws/install/micro_ros_msgs/include/micro_ros_msgs/micro_ros_msgs/msg/detail/graph__type_support.h
[0.694s] -- Up-to-date: /home/mars/Documents/Lunabotics25-26/lunabot_ws/install/micro_ros_msgs/include/micro_ros_msgs/micro_ros_msgs/msg/detail/entity__struct.h
[0.694s] -- Up-to-date: /home/mars/Documents/Lunabotics25-26/lunabot_ws/install/micro_ros_msgs/include/micro_ros_msgs/micro_ros_msgs/msg/detail/entity__type_support.h
[0.694s] -- Installing: /home/mars/Documents/Lunabotics25-26/lunabot_ws/install/micro_ros_msgs/include/micro_ros_msgs/micro_ros_msgs/msg/detail/node__type_support.c
[0.695s] -- Installing: /home/mars/Documents/Lunabotics25-26/lunabot_ws/install/micro_ros_msgs/include/micro_ros_msgs/micro_ros_msgs/msg/detail/entity__type_support.c
[0.695s] -- Up-to-date: /home/mars/Documents/Lunabotics25-26/lunabot_ws/install/micro_ros_msgs/include/micro_ros_msgs/micro_ros_msgs/msg/detail/node__functions.c
[0.695s] -- Up-to-date: /home/mars/Documents/Lunabotics25-26/lunabot_ws/install/micro_ros_msgs/include/micro_ros_msgs/micro_ros_msgs/msg/rosidl_generator_c__visibility_control.h
[0.695s] -- Up-to-date: /home/mars/Documents/Lunabotics25-26/lunabot_ws/install/micro_ros_msgs/include/micro_ros_msgs/micro_ros_msgs/msg/entity.h
[0.695s] -- Up-to-date: /home/mars/Documents/Lunabotics25-26/lunabot_ws/install/micro_ros_msgs/include/micro_ros_msgs/micro_ros_msgs/msg/node.h
[0.695s] -- Up-to-date: /home/mars/Documents/Lunabotics25-26/lunabot_ws/install/micro_ros_msgs/share/micro_ros_msgs/environment/library_path.sh
[0.695s] -- Up-to-date: /home/mars/Documents/Lunabotics25-26/lunabot_ws/install/micro_ros_msgs/share/micro_ros_msgs/environment/library_path.dsv
[0.695s] -- Up-to-date: /home/mars/Documents/Lunabotics25-26/lunabot_ws/install/micro_ros_msgs/lib/libmicro_ros_msgs__rosidl_generator_c.so
[0.695s] -- Up-to-date: /home/mars/Documents/Lunabotics25-26/lunabot_ws/install/micro_ros_msgs/include/micro_ros_msgs/micro_ros_msgs
[0.696s] -- Up-to-date: /home/mars/Documents/Lunabotics25-26/lunabot_ws/install/micro_ros_msgs/include/micro_ros_msgs/micro_ros_msgs/msg
[0.696s] -- Up-to-date: /home/mars/Documents/Lunabotics25-26/lunabot_ws/install/micro_ros_msgs/include/micro_ros_msgs/micro_ros_msgs/msg/detail
[0.696s] -- Up-to-date: /home/mars/Documents/Lunabotics25-26/lunabot_ws/install/micro_ros_msgs/include/micro_ros_msgs/micro_ros_msgs/msg/detail/entity__rosidl_typesupport_fastrtps_c.h
[0.696s] -- Up-to-date: /home/mars/Documents/Lunabotics25-26/lunabot_ws/install/micro_ros_msgs/include/micro_ros_msgs/micro_ros_msgs/msg/detail/graph__rosidl_typesupport_fastrtps_c.h
[0.696s] -- Up-to-date: /home/mars/Documents/Lunabotics25-26/lunabot_ws/install/micro_ros_msgs/include/micro_ros_msgs/micro_ros_msgs/msg/detail/node__rosidl_typesupport_fastrtps_c.h
[0.696s] -- Up-to-date: /home/mars/Documents/Lunabotics25-26/lunabot_ws/install/micro_ros_msgs/include/micro_ros_msgs/micro_ros_msgs/msg/rosidl_typesupport_fastrtps_c__visibility_control.h
[0.696s] -- Up-to-date: /home/mars/Documents/Lunabotics25-26/lunabot_ws/install/micro_ros_msgs/lib/libmicro_ros_msgs__rosidl_typesupport_fastrtps_c.so
[0.696s] -- Up-to-date: /home/mars/Documents/Lunabotics25-26/lunabot_ws/install/micro_ros_msgs/include/micro_ros_msgs/micro_ros_msgs
[0.697s] -- Up-to-date: /home/mars/Documents/Lunabotics25-26/lunabot_ws/install/micro_ros_msgs/include/micro_ros_msgs/micro_ros_msgs/msg
[0.697s] -- Up-to-date: /home/mars/Documents/Lunabotics25-26/lunabot_ws/install/micro_ros_msgs/include/micro_ros_msgs/micro_ros_msgs/msg/rosidl_typesupport_introspection_c__visibility_control.h
[0.697s] -- Up-to-date: /home/mars/Documents/Lunabotics25-26/lunabot_ws/install/micro_ros_msgs/include/micro_ros_msgs/micro_ros_msgs/msg/detail
[0.697s] -- Installing: /home/mars/Documents/Lunabotics25-26/lunabot_ws/install/micro_ros_msgs/include/micro_ros_msgs/micro_ros_msgs/msg/detail/graph__type_support.c
[0.697s] -- Up-to-date: /home/mars/Documents/Lunabotics25-26/lunabot_ws/install/micro_ros_msgs/include/micro_ros_msgs/micro_ros_msgs/msg/detail/node__rosidl_typesupport_introspection_c.h
[0.697s] -- Up-to-date: /home/mars/Documents/Lunabotics25-26/lunabot_ws/install/micro_ros_msgs/include/micro_ros_msgs/micro_ros_msgs/msg/detail/entity__rosidl_typesupport_introspection_c.h
[0.697s] -- Up-to-date: /home/mars/Documents/Lunabotics25-26/lunabot_ws/install/micro_ros_msgs/include/micro_ros_msgs/micro_ros_msgs/msg/detail/graph__rosidl_typesupport_introspection_c.h
[0.697s] -- Installing: /home/mars/Documents/Lunabotics25-26/lunabot_ws/install/micro_ros_msgs/include/micro_ros_msgs/micro_ros_msgs/msg/detail/node__type_support.c
[0.697s] -- Installing: /home/mars/Documents/Lunabotics25-26/lunabot_ws/install/micro_ros_msgs/include/micro_ros_msgs/micro_ros_msgs/msg/detail/entity__type_support.c
[0.697s] -- Up-to-date: /home/mars/Documents/Lunabotics25-26/lunabot_ws/install/micro_ros_msgs/lib/libmicro_ros_msgs__rosidl_typesupport_introspection_c.so
[0.697s] -- Up-to-date: /home/mars/Documents/Lunabotics25-26/lunabot_ws/install/micro_ros_msgs/lib/libmicro_ros_msgs__rosidl_typesupport_c.so
[0.697s] -- Up-to-date: /home/mars/Documents/Lunabotics25-26/lunabot_ws/install/micro_ros_msgs/include/micro_ros_msgs/micro_ros_msgs
[0.697s] -- Up-to-date: /home/mars/Documents/Lunabotics25-26/lunabot_ws/install/micro_ros_msgs/include/micro_ros_msgs/micro_ros_msgs/msg
[0.697s] -- Up-to-date: /home/mars/Documents/Lunabotics25-26/lunabot_ws/install/micro_ros_msgs/include/micro_ros_msgs/micro_ros_msgs/msg/detail
[0.697s] -- Up-to-date: /home/mars/Documents/Lunabotics25-26/lunabot_ws/install/micro_ros_msgs/include/micro_ros_msgs/micro_ros_msgs/msg/detail/entity__traits.hpp
[0.698s] -- Up-to-date: /home/mars/Documents/Lunabotics25-26/lunabot_ws/install/micro_ros_msgs/include/micro_ros_msgs/micro_ros_msgs/msg/detail/graph__struct.hpp
[0.698s] -- Up-to-date: /home/mars/Documents/Lunabotics25-26/lunabot_ws/install/micro_ros_msgs/include/micro_ros_msgs/micro_ros_msgs/msg/detail/node__builder.hpp
[0.698s] -- Up-to-date: /home/mars/Documents/Lunabotics25-26/lunabot_ws/install/micro_ros_msgs/include/micro_ros_msgs/micro_ros_msgs/msg/detail/entity__builder.hpp
[0.698s] -- Up-to-date: /home/mars/Documents/Lunabotics25-26/lunabot_ws/install/micro_ros_msgs/include/micro_ros_msgs/micro_ros_msgs/msg/detail/graph__traits.hpp
[0.698s] -- Up-to-date: /home/mars/Documents/Lunabotics25-26/lunabot_ws/install/micro_ros_msgs/include/micro_ros_msgs/micro_ros_msgs/msg/detail/entity__type_support.hpp
[0.698s] -- Up-to-date: /home/mars/Documents/Lunabotics25-26/lunabot_ws/install/micro_ros_msgs/include/micro_ros_msgs/micro_ros_msgs/msg/detail/node__struct.hpp
[0.698s] -- Up-to-date: /home/mars/Documents/Lunabotics25-26/lunabot_ws/install/micro_ros_msgs/include/micro_ros_msgs/micro_ros_msgs/msg/detail/node__traits.hpp
[0.698s] -- Up-to-date: /home/mars/Documents/Lunabotics25-26/lunabot_ws/install/micro_ros_msgs/include/micro_ros_msgs/micro_ros_msgs/msg/detail/entity__struct.hpp
[0.698s] -- Up-to-date: /home/mars/Documents/Lunabotics25-26/lunabot_ws/install/micro_ros_msgs/include/micro_ros_msgs/micro_ros_msgs/msg/detail/graph__type_support.hpp
[0.698s] -- Up-to-date: /home/mars/Documents/Lunabotics25-26/lunabot_ws/install/micro_ros_msgs/include/micro_ros_msgs/micro_ros_msgs/msg/detail/graph__builder.hpp
[0.698s] -- Up-to-date: /home/mars/Documents/Lunabotics25-26/lunabot_ws/install/micro_ros_msgs/include/micro_ros_msgs/micro_ros_msgs/msg/detail/node__type_support.hpp
[0.698s] -- Up-to-date: /home/mars/Documents/Lunabotics25-26/lunabot_ws/install/micro_ros_msgs/include/micro_ros_msgs/micro_ros_msgs/msg/entity.hpp
[0.698s] -- Up-to-date: /home/mars/Documents/Lunabotics25-26/lunabot_ws/install/micro_ros_msgs/include/micro_ros_msgs/micro_ros_msgs/msg/node.hpp
[0.698s] -- Up-to-date: /home/mars/Documents/Lunabotics25-26/lunabot_ws/install/micro_ros_msgs/include/micro_ros_msgs/micro_ros_msgs/msg/rosidl_generator_cpp__visibility_control.hpp
[0.699s] -- Up-to-date: /home/mars/Documents/Lunabotics25-26/lunabot_ws/install/micro_ros_msgs/include/micro_ros_msgs/micro_ros_msgs/msg/graph.hpp
[0.699s] -- Up-to-date: /home/mars/Documents/Lunabotics25-26/lunabot_ws/install/micro_ros_msgs/include/micro_ros_msgs/micro_ros_msgs
[0.699s] -- Up-to-date: /home/mars/Documents/Lunabotics25-26/lunabot_ws/install/micro_ros_msgs/include/micro_ros_msgs/micro_ros_msgs/msg
[0.699s] -- Up-to-date: /home/mars/Documents/Lunabotics25-26/lunabot_ws/install/micro_ros_msgs/include/micro_ros_msgs/micro_ros_msgs/msg/rosidl_typesupport_fastrtps_cpp__visibility_control.h
[0.699s] -- Up-to-date: /home/mars/Documents/Lunabotics25-26/lunabot_ws/install/micro_ros_msgs/include/micro_ros_msgs/micro_ros_msgs/msg/detail
[0.699s] -- Up-to-date: /home/mars/Documents/Lunabotics25-26/lunabot_ws/install/micro_ros_msgs/include/micro_ros_msgs/micro_ros_msgs/msg/detail/entity__rosidl_typesupport_fastrtps_cpp.hpp
[0.699s] -- Up-to-date: /home/mars/Documents/Lunabotics25-26/lunabot_ws/install/micro_ros_msgs/include/micro_ros_msgs/micro_ros_msgs/msg/detail/dds_fastrtps
[0.699s] -- Up-to-date: /home/mars/Documents/Lunabotics25-26/lunabot_ws/install/micro_ros_msgs/include/micro_ros_msgs/micro_ros_msgs/msg/detail/graph__rosidl_typesupport_fastrtps_cpp.hpp
[0.699s] -- Up-to-date: /home/mars/Documents/Lunabotics25-26/lunabot_ws/install/micro_ros_msgs/include/micro_ros_msgs/micro_ros_msgs/msg/detail/node__rosidl_typesupport_fastrtps_cpp.hpp
[0.699s] -- Up-to-date: /home/mars/Documents/Lunabotics25-26/lunabot_ws/install/micro_ros_msgs/lib/libmicro_ros_msgs__rosidl_typesupport_fastrtps_cpp.so
[0.699s] -- Up-to-date: /home/mars/Documents/Lunabotics25-26/lunabot_ws/install/micro_ros_msgs/include/micro_ros_msgs/micro_ros_msgs
[0.699s] -- Up-to-date: /home/mars/Documents/Lunabotics25-26/lunabot_ws/install/micro_ros_msgs/include/micro_ros_msgs/micro_ros_msgs/msg
[0.699s] -- Up-to-date: /home/mars/Documents/Lunabotics25-26/lunabot_ws/install/micro_ros_msgs/include/micro_ros_msgs/micro_ros_msgs/msg/detail
[0.699s] -- Up-to-date: /home/mars/Documents/Lunabotics25-26/lunabot_ws/install/micro_ros_msgs/include/micro_ros_msgs/micro_ros_msgs/msg/detail/node__type_support.cpp
[0.699s] -- Up-to-date: /home/mars/Documents/Lunabotics25-26/lunabot_ws/install/micro_ros_msgs/include/micro_ros_msgs/micro_ros_msgs/msg/detail/entity__rosidl_typesupport_introspection_cpp.hpp
[0.700s] -- Up-to-date: /home/mars/Documents/Lunabotics25-26/lunabot_ws/install/micro_ros_msgs/include/micro_ros_msgs/micro_ros_msgs/msg/detail/graph__type_support.cpp
[0.700s] -- Up-to-date: /home/mars/Documents/Lunabotics25-26/lunabot_ws/install/micro_ros_msgs/include/micro_ros_msgs/micro_ros_msgs/msg/detail/entity__type_support.cpp
[0.700s] -- Up-to-date: /home/mars/Documents/Lunabotics25-26/lunabot_ws/install/micro_ros_msgs/include/micro_ros_msgs/micro_ros_msgs/msg/detail/graph__rosidl_typesupport_introspection_cpp.hpp
[0.700s] -- Up-to-date: /home/mars/Documents/Lunabotics25-26/lunabot_ws/install/micro_ros_msgs/include/micro_ros_msgs/micro_ros_msgs/msg/detail/node__rosidl_typesupport_introspection_cpp.hpp
[0.700s] -- Up-to-date: /home/mars/Documents/Lunabotics25-26/lunabot_ws/install/micro_ros_msgs/lib/libmicro_ros_msgs__rosidl_typesupport_introspection_cpp.so
[0.700s] -- Up-to-date: /home/mars/Documents/Lunabotics25-26/lunabot_ws/install/micro_ros_msgs/lib/libmicro_ros_msgs__rosidl_typesupport_cpp.so
[0.700s] -- Up-to-date: /home/mars/Documents/Lunabotics25-26/lunabot_ws/install/micro_ros_msgs/share/micro_ros_msgs/environment/pythonpath.sh
[0.700s] -- Up-to-date: /home/mars/Documents/Lunabotics25-26/lunabot_ws/install/micro_ros_msgs/share/micro_ros_msgs/environment/pythonpath.dsv
[0.700s] -- Up-to-date: /home/mars/Documents/Lunabotics25-26/lunabot_ws/install/micro_ros_msgs/lib/python3.12/site-packages/micro_ros_msgs-5.0.2-py3.12.egg-info
[0.700s] -- Installing: /home/mars/Documents/Lunabotics25-26/lunabot_ws/install/micro_ros_msgs/lib/python3.12/site-packages/micro_ros_msgs-5.0.2-py3.12.egg-info/SOURCES.txt
[0.700s] -- Installing: /home/mars/Documents/Lunabotics25-26/lunabot_ws/install/micro_ros_msgs/lib/python3.12/site-packages/micro_ros_msgs-5.0.2-py3.12.egg-info/dependency_links.txt
[0.700s] -- Installing: /home/mars/Documents/Lunabotics25-26/lunabot_ws/install/micro_ros_msgs/lib/python3.12/site-packages/micro_ros_msgs-5.0.2-py3.12.egg-info/PKG-INFO
[0.700s] -- Installing: /home/mars/Documents/Lunabotics25-26/lunabot_ws/install/micro_ros_msgs/lib/python3.12/site-packages/micro_ros_msgs-5.0.2-py3.12.egg-info/top_level.txt
[0.700s] -- Up-to-date: /home/mars/Documents/Lunabotics25-26/lunabot_ws/install/micro_ros_msgs/lib/python3.12/site-packages/micro_ros_msgs
[0.700s] -- Up-to-date: /home/mars/Documents/Lunabotics25-26/lunabot_ws/install/micro_ros_msgs/lib/python3.12/site-packages/micro_ros_msgs/_micro_ros_msgs_s.ep.rosidl_typesupport_introspection_c.c
[0.701s] -- Up-to-date: /home/mars/Documents/Lunabotics25-26/lunabot_ws/install/micro_ros_msgs/lib/python3.12/site-packages/micro_ros_msgs/_micro_ros_msgs_s.ep.rosidl_typesupport_c.c
[0.701s] -- Up-to-date: /home/mars/Documents/Lunabotics25-26/lunabot_ws/install/micro_ros_msgs/lib/python3.12/site-packages/micro_ros_msgs/micro_ros_msgs_s__rosidl_typesupport_c.so
[0.701s] -- Up-to-date: /home/mars/Documents/Lunabotics25-26/lunabot_ws/install/micro_ros_msgs/lib/python3.12/site-packages/micro_ros_msgs/micro_ros_msgs_s__rosidl_typesupport_fastrtps_c.so
[0.701s] -- Up-to-date: /home/mars/Documents/Lunabotics25-26/lunabot_ws/install/micro_ros_msgs/lib/python3.12/site-packages/micro_ros_msgs/micro_ros_msgs_s__rosidl_typesupport_introspection_c.so
[0.701s] -- Up-to-date: /home/mars/Documents/Lunabotics25-26/lunabot_ws/install/micro_ros_msgs/lib/python3.12/site-packages/micro_ros_msgs/msg
[0.701s] -- Up-to-date: /home/mars/Documents/Lunabotics25-26/lunabot_ws/install/micro_ros_msgs/lib/python3.12/site-packages/micro_ros_msgs/msg/_node.py
[0.701s] -- Up-to-date: /home/mars/Documents/Lunabotics25-26/lunabot_ws/install/micro_ros_msgs/lib/python3.12/site-packages/micro_ros_msgs/msg/_entity.py
[0.701s] -- Up-to-date: /home/mars/Documents/Lunabotics25-26/lunabot_ws/install/micro_ros_msgs/lib/python3.12/site-packages/micro_ros_msgs/msg/_graph.py
[0.701s] -- Up-to-date: /home/mars/Documents/Lunabotics25-26/lunabot_ws/install/micro_ros_msgs/lib/python3.12/site-packages/micro_ros_msgs/msg/__init__.py
[0.701s] -- Up-to-date: /home/mars/Documents/Lunabotics25-26/lunabot_ws/install/micro_ros_msgs/lib/python3.12/site-packages/micro_ros_msgs/msg/_node_s.c
[0.701s] -- Up-to-date: /home/mars/Documents/Lunabotics25-26/lunabot_ws/install/micro_ros_msgs/lib/python3.12/site-packages/micro_ros_msgs/msg/_entity_s.c
[0.701s] -- Up-to-date: /home/mars/Documents/Lunabotics25-26/lunabot_ws/install/micro_ros_msgs/lib/python3.12/site-packages/micro_ros_msgs/msg/_graph_s.c
[0.701s] -- Up-to-date: /home/mars/Documents/Lunabotics25-26/lunabot_ws/install/micro_ros_msgs/lib/python3.12/site-packages/micro_ros_msgs/__init__.py
[0.701s] -- Up-to-date: /home/mars/Documents/Lunabotics25-26/lunabot_ws/install/micro_ros_msgs/lib/python3.12/site-packages/micro_ros_msgs/_micro_ros_msgs_s.ep.rosidl_typesupport_fastrtps_c.c
[0.733s] Listing '/home/mars/Documents/Lunabotics25-26/lunabot_ws/install/micro_ros_msgs/lib/python3.12/site-packages/micro_ros_msgs'...
[0.733s] Listing '/home/mars/Documents/Lunabotics25-26/lunabot_ws/install/micro_ros_msgs/lib/python3.12/site-packages/micro_ros_msgs/msg'...
[0.742s] -- Up-to-date: /home/mars/Documents/Lunabotics25-26/lunabot_ws/install/micro_ros_msgs/lib/python3.12/site-packages/micro_ros_msgs/micro_ros_msgs_s__rosidl_typesupport_fastrtps_c.so
[0.744s] -- Up-to-date: /home/mars/Documents/Lunabotics25-26/lunabot_ws/install/micro_ros_msgs/lib/python3.12/site-packages/micro_ros_msgs/micro_ros_msgs_s__rosidl_typesupport_introspection_c.so
[0.744s] -- Up-to-date: /home/mars/Documents/Lunabotics25-26/lunabot_ws/install/micro_ros_msgs/lib/python3.12/site-packages/micro_ros_msgs/micro_ros_msgs_s__rosidl_typesupport_c.so
[0.744s] -- Up-to-date: /home/mars/Documents/Lunabotics25-26/lunabot_ws/install/micro_ros_msgs/lib/libmicro_ros_msgs__rosidl_generator_py.so
[0.747s] -- Up-to-date: /home/mars/Documents/Lunabotics25-26/lunabot_ws/install/micro_ros_msgs/share/micro_ros_msgs/msg/Graph.idl
[0.747s] -- Up-to-date: /home/mars/Documents/Lunabotics25-26/lunabot_ws/install/micro_ros_msgs/share/micro_ros_msgs/msg/Node.idl
[0.747s] -- Up-to-date: /home/mars/Documents/Lunabotics25-26/lunabot_ws/install/micro_ros_msgs/share/micro_ros_msgs/msg/Entity.idl
[0.747s] -- Up-to-date: /home/mars/Documents/Lunabotics25-26/lunabot_ws/install/micro_ros_msgs/share/micro_ros_msgs/msg/Graph.msg
[0.747s] -- Up-to-date: /home/mars/Documents/Lunabotics25-26/lunabot_ws/install/micro_ros_msgs/share/micro_ros_msgs/msg/Node.msg
[0.747s] -- Up-to-date: /home/mars/Documents/Lunabotics25-26/lunabot_ws/install/micro_ros_msgs/share/micro_ros_msgs/msg/Entity.msg
[0.747s] -- Up-to-date: /home/mars/Documents/Lunabotics25-26/lunabot_ws/install/micro_ros_msgs/share/ament_index/resource_index/package_run_dependencies/micro_ros_msgs
[0.747s] -- Up-to-date: /home/mars/Documents/Lunabotics25-26/lunabot_ws/install/micro_ros_msgs/share/ament_index/resource_index/parent_prefix_path/micro_ros_msgs
[0.748s] -- Up-to-date: /home/mars/Documents/Lunabotics25-26/lunabot_ws/install/micro_ros_msgs/share/micro_ros_msgs/environment/ament_prefix_path.sh
[0.748s] -- Up-to-date: /home/mars/Documents/Lunabotics25-26/lunabot_ws/install/micro_ros_msgs/share/micro_ros_msgs/environment/ament_prefix_path.dsv
[0.748s] -- Up-to-date: /home/mars/Documents/Lunabotics25-26/lunabot_ws/install/micro_ros_msgs/share/micro_ros_msgs/environment/path.sh
[0.748s] -- Up-to-date: /home/mars/Documents/Lunabotics25-26/lunabot_ws/install/micro_ros_msgs/share/micro_ros_msgs/environment/path.dsv
[0.748s] -- Up-to-date: /home/mars/Documents/Lunabotics25-26/lunabot_ws/install/micro_ros_msgs/share/micro_ros_msgs/local_setup.bash
[0.748s] -- Up-to-date: /home/mars/Documents/Lunabotics25-26/lunabot_ws/install/micro_ros_msgs/share/micro_ros_msgs/local_setup.sh
[0.748s] -- Up-to-date: /home/mars/Documents/Lunabotics25-26/lunabot_ws/install/micro_ros_msgs/share/micro_ros_msgs/local_setup.zsh
[0.748s] -- Up-to-date: /home/mars/Documents/Lunabotics25-26/lunabot_ws/install/micro_ros_msgs/share/micro_ros_msgs/local_setup.dsv
[0.748s] -- Installing: /home/mars/Documents/Lunabotics25-26/lunabot_ws/install/micro_ros_msgs/share/micro_ros_msgs/package.dsv
[0.748s] -- Up-to-date: /home/mars/Documents/Lunabotics25-26/lunabot_ws/install/micro_ros_msgs/share/ament_index/resource_index/packages/micro_ros_msgs
[0.748s] -- Up-to-date: /home/mars/Documents/Lunabotics25-26/lunabot_ws/install/micro_ros_msgs/share/micro_ros_msgs/cmake/export_micro_ros_msgs__rosidl_generator_cExport.cmake
[0.748s] -- Up-to-date: /home/mars/Documents/Lunabotics25-26/lunabot_ws/install/micro_ros_msgs/share/micro_ros_msgs/cmake/export_micro_ros_msgs__rosidl_generator_cExport-noconfig.cmake
[0.748s] -- Up-to-date: /home/mars/Documents/Lunabotics25-26/lunabot_ws/install/micro_ros_msgs/share/micro_ros_msgs/cmake/export_micro_ros_msgs__rosidl_typesupport_fastrtps_cExport.cmake
[0.748s] -- Up-to-date: /home/mars/Documents/Lunabotics25-26/lunabot_ws/install/micro_ros_msgs/share/micro_ros_msgs/cmake/export_micro_ros_msgs__rosidl_typesupport_fastrtps_cExport-noconfig.cmake
[0.748s] -- Up-to-date: /home/mars/Documents/Lunabotics25-26/lunabot_ws/install/micro_ros_msgs/share/micro_ros_msgs/cmake/micro_ros_msgs__rosidl_typesupport_introspection_cExport.cmake
[0.748s] -- Up-to-date: /home/mars/Documents/Lunabotics25-26/lunabot_ws/install/micro_ros_msgs/share/micro_ros_msgs/cmake/micro_ros_msgs__rosidl_typesupport_introspection_cExport-noconfig.cmake
[0.748s] -- Up-to-date: /home/mars/Documents/Lunabotics25-26/lunabot_ws/install/micro_ros_msgs/share/micro_ros_msgs/cmake/micro_ros_msgs__rosidl_typesupport_cExport.cmake
[0.749s] -- Up-to-date: /home/mars/Documents/Lunabotics25-26/lunabot_ws/install/micro_ros_msgs/share/micro_ros_msgs/cmake/micro_ros_msgs__rosidl_typesupport_cExport-noconfig.cmake
[0.749s] -- Up-to-date: /home/mars/Documents/Lunabotics25-26/lunabot_ws/install/micro_ros_msgs/share/micro_ros_msgs/cmake/export_micro_ros_msgs__rosidl_generator_cppExport.cmake
[0.749s] -- Up-to-date: /home/mars/Documents/Lunabotics25-26/lunabot_ws/install/micro_ros_msgs/share/micro_ros_msgs/cmake/export_micro_ros_msgs__rosidl_typesupport_fastrtps_cppExport.cmake
[0.749s] -- Up-to-date: /home/mars/Documents/Lunabotics25-26/lunabot_ws/install/micro_ros_msgs/share/micro_ros_msgs/cmake/export_micro_ros_msgs__rosidl_typesupport_fastrtps_cppExport-noconfig.cmake
[0.749s] -- Up-to-date: /home/mars/Documents/Lunabotics25-26/lunabot_ws/install/micro_ros_msgs/share/micro_ros_msgs/cmake/micro_ros_msgs__rosidl_typesupport_introspection_cppExport.cmake
[0.749s] -- Up-to-date: /home/mars/Documents/Lunabotics25-26/lunabot_ws/install/micro_ros_msgs/share/micro_ros_msgs/cmake/micro_ros_msgs__rosidl_typesupport_introspection_cppExport-noconfig.cmake
[0.749s] -- Up-to-date: /home/mars/Documents/Lunabotics25-26/lunabot_ws/install/micro_ros_msgs/share/micro_ros_msgs/cmake/micro_ros_msgs__rosidl_typesupport_cppExport.cmake
[0.749s] -- Up-to-date: /home/mars/Documents/Lunabotics25-26/lunabot_ws/install/micro_ros_msgs/share/micro_ros_msgs/cmake/micro_ros_msgs__rosidl_typesupport_cppExport-noconfig.cmake
[0.749s] -- Up-to-date: /home/mars/Documents/Lunabotics25-26/lunabot_ws/install/micro_ros_msgs/share/micro_ros_msgs/cmake/export_micro_ros_msgs__rosidl_generator_pyExport.cmake
[0.749s] -- Up-to-date: /home/mars/Documents/Lunabotics25-26/lunabot_ws/install/micro_ros_msgs/share/micro_ros_msgs/cmake/export_micro_ros_msgs__rosidl_generator_pyExport-noconfig.cmake
[0.749s] -- Up-to-date: /home/mars/Documents/Lunabotics25-26/lunabot_ws/install/micro_ros_msgs/share/micro_ros_msgs/cmake/rosidl_cmake-extras.cmake
[0.749s] -- Up-to-date: /home/mars/Documents/Lunabotics25-26/lunabot_ws/install/micro_ros_msgs/share/micro_ros_msgs/cmake/ament_cmake_export_include_directories-extras.cmake
[0.749s] -- Up-to-date: /home/mars/Documents/Lunabotics25-26/lunabot_ws/install/micro_ros_msgs/share/micro_ros_msgs/cmake/ament_cmake_export_libraries-extras.cmake
[0.749s] -- Up-to-date: /home/mars/Documents/Lunabotics25-26/lunabot_ws/install/micro_ros_msgs/share/micro_ros_msgs/cmake/ament_cmake_export_targets-extras.cmake
[0.749s] -- Up-to-date: /home/mars/Documents/Lunabotics25-26/lunabot_ws/install/micro_ros_msgs/share/micro_ros_msgs/cmake/rosidl_cmake_export_typesupport_targets-extras.cmake
[0.750s] -- Up-to-date: /home/mars/Documents/Lunabotics25-26/lunabot_ws/install/micro_ros_msgs/share/micro_ros_msgs/cmake/ament_cmake_export_dependencies-extras.cmake
[0.750s] -- Up-to-date: /home/mars/Documents/Lunabotics25-26/lunabot_ws/install/micro_ros_msgs/share/micro_ros_msgs/cmake/rosidl_cmake_export_typesupport_libraries-extras.cmake
[0.750s] -- Up-to-date: /home/mars/Documents/Lunabotics25-26/lunabot_ws/install/micro_ros_msgs/share/micro_ros_msgs/cmake/micro_ros_msgsConfig.cmake
[0.750s] -- Up-to-date: /home/mars/Documents/Lunabotics25-26/lunabot_ws/install/micro_ros_msgs/share/micro_ros_msgs/cmake/micro_ros_msgsConfig-version.cmake
[0.750s] -- Up-to-date: /home/mars/Documents/Lunabotics25-26/lunabot_ws/install/micro_ros_msgs/share/micro_ros_msgs/package.xml
[0.750s] Invoked command in '/home/mars/Documents/Lunabotics25-26/lunabot_ws/build/micro_ros_msgs' returned '0': CMAKE_PREFIX_PATH=${CMAKE_PREFIX_PATH}:/opt/ros/jazzy DEBUGINFOD_URLS=https://debuginfod.ubuntu.com /usr/bin/cmake --install /home/mars/Documents/Lunabotics25-26/lunabot_ws/build/micro_ros_msgs
