[0.017s] Invoking command in '/home/mars/Documents/Lunabotics25-26/lunabot_ws/src/build/lunabot_hardware': CMAKE_PREFIX_PATH=${CMAKE_PREFIX_PATH}:/opt/ros/jazzy DEBUGINFOD_URLS=https://debuginfod.ubuntu.com /usr/bin/cmake /home/mars/Documents/Lunabotics25-26/lunabot_ws/src/lunabot_hardware -DCMAKE_INSTALL_PREFIX=/home/mars/Documents/Lunabotics25-26/lunabot_ws/src/install/lunabot_hardware
[0.098s] -- The C compiler identification is GNU 13.3.0
[0.172s] -- The CXX compiler identification is GNU 13.3.0
[0.189s] -- Detecting C compiler ABI info
[0.308s] -- Detecting C compiler ABI info - done
[0.330s] -- Check for working C compiler: /usr/bin/cc - skipped
[0.330s] -- Detecting C compile features
[0.331s] -- Detecting C compile features - done
[0.347s] -- Detecting CXX compiler ABI info
[0.501s] -- Detecting CXX compiler ABI info - done
[0.519s] -- Check for working CXX compiler: /usr/bin/c++ - skipped
[0.519s] -- Detecting CXX compile features
[0.520s] -- Detecting CXX compile features - done
[0.523s] -- Found ament_cmake: 2.5.5 (/opt/ros/jazzy/share/ament_cmake/cmake)
[0.683s] -- Found Python3: /usr/bin/python3 (found version "3.12.3") found components: Interpreter 
[0.796s] -- Found ament_lint_auto: 0.17.4 (/opt/ros/jazzy/share/ament_lint_auto/cmake)
[0.932s] -- Added test 'cppcheck' to perform static code analysis on C / C++ code
[0.933s] -- Configured cppcheck include dirs: 
[0.933s] -- Configured cppcheck exclude dirs and/or files: 
[0.935s] -- Added test 'lint_cmake' to check CMake code style
[0.937s] -- Added test 'uncrustify' to check C / C++ code style
[0.937s] -- Configured uncrustify additional arguments: 
[0.937s] -- Added test 'xmllint' to check XML markup files
[0.942s] -- Configuring done (0.9s)
[0.947s] -- Generating done (0.0s)
[0.951s] -- Build files have been written to: /home/mars/Documents/Lunabotics25-26/lunabot_ws/src/build/lunabot_hardware
[0.958s] Invoked command in '/home/mars/Documents/Lunabotics25-26/lunabot_ws/src/build/lunabot_hardware' returned '0': CMAKE_PREFIX_PATH=${CMAKE_PREFIX_PATH}:/opt/ros/jazzy DEBUGINFOD_URLS=https://debuginfod.ubuntu.com /usr/bin/cmake /home/mars/Documents/Lunabotics25-26/lunabot_ws/src/lunabot_hardware -DCMAKE_INSTALL_PREFIX=/home/mars/Documents/Lunabotics25-26/lunabot_ws/src/install/lunabot_hardware
[0.959s] Invoking command in '/home/mars/Documents/Lunabotics25-26/lunabot_ws/src/build/lunabot_hardware': CMAKE_PREFIX_PATH=${CMAKE_PREFIX_PATH}:/opt/ros/jazzy DEBUGINFOD_URLS=https://debuginfod.ubuntu.com /usr/bin/cmake --build /home/mars/Documents/Lunabotics25-26/lunabot_ws/src/build/lunabot_hardware -- -j4 -l4
[0.999s] Invoked command in '/home/mars/Documents/Lunabotics25-26/lunabot_ws/src/build/lunabot_hardware' returned '0': CMAKE_PREFIX_PATH=${CMAKE_PREFIX_PATH}:/opt/ros/jazzy DEBUGINFOD_URLS=https://debuginfod.ubuntu.com /usr/bin/cmake --build /home/mars/Documents/Lunabotics25-26/lunabot_ws/src/build/lunabot_hardware -- -j4 -l4
[1.000s] Invoking command in '/home/mars/Documents/Lunabotics25-26/lunabot_ws/src/build/lunabot_hardware': CMAKE_PREFIX_PATH=${CMAKE_PREFIX_PATH}:/opt/ros/jazzy DEBUGINFOD_URLS=https://debuginfod.ubuntu.com /usr/bin/cmake --install /home/mars/Documents/Lunabotics25-26/lunabot_ws/src/build/lunabot_hardware
[1.021s] -- Install configuration: ""
[1.021s] -- Installing: /home/mars/Documents/Lunabotics25-26/lunabot_ws/src/install/lunabot_hardware/share/ament_index/resource_index/package_run_dependencies/lunabot_hardware
[1.022s] -- Installing: /home/mars/Documents/Lunabotics25-26/lunabot_ws/src/install/lunabot_hardware/share/ament_index/resource_index/parent_prefix_path/lunabot_hardware
[1.023s] -- Installing: /home/mars/Documents/Lunabotics25-26/lunabot_ws/src/install/lunabot_hardware/share/lunabot_hardware/environment/ament_prefix_path.sh
[1.023s] -- Installing: /home/mars/Documents/Lunabotics25-26/lunabot_ws/src/install/lunabot_hardware/share/lunabot_hardware/environment/ament_prefix_path.dsv
[1.023s] -- Installing: /home/mars/Documents/Lunabotics25-26/lunabot_ws/src/install/lunabot_hardware/share/lunabot_hardware/environment/path.sh
[1.023s] -- Installing: /home/mars/Documents/Lunabotics25-26/lunabot_ws/src/install/lunabot_hardware/share/lunabot_hardware/environment/path.dsv
[1.024s] -- Installing: /home/mars/Documents/Lunabotics25-26/lunabot_ws/src/install/lunabot_hardware/share/lunabot_hardware/local_setup.bash
[1.024s] -- Installing: /home/mars/Documents/Lunabotics25-26/lunabot_ws/src/install/lunabot_hardware/share/lunabot_hardware/local_setup.sh
[1.024s] -- Installing: /home/mars/Documents/Lunabotics25-26/lunabot_ws/src/install/lunabot_hardware/share/lunabot_hardware/local_setup.zsh
[1.024s] -- Installing: /home/mars/Documents/Lunabotics25-26/lunabot_ws/src/install/lunabot_hardware/share/lunabot_hardware/local_setup.dsv
[1.025s] -- Installing: /home/mars/Documents/Lunabotics25-26/lunabot_ws/src/install/lunabot_hardware/share/lunabot_hardware/package.dsv
[1.026s] -- Installing: /home/mars/Documents/Lunabotics25-26/lunabot_ws/src/install/lunabot_hardware/share/ament_index/resource_index/packages/lunabot_hardware
[1.026s] -- Installing: /home/mars/Documents/Lunabotics25-26/lunabot_ws/src/install/lunabot_hardware/share/lunabot_hardware/cmake/lunabot_hardwareConfig.cmake
[1.027s] -- Installing: /home/mars/Documents/Lunabotics25-26/lunabot_ws/src/install/lunabot_hardware/share/lunabot_hardware/cmake/lunabot_hardwareConfig-version.cmake
[1.027s] -- Installing: /home/mars/Documents/Lunabotics25-26/lunabot_ws/src/install/lunabot_hardware/share/lunabot_hardware/package.xml
[1.034s] Invoked command in '/home/mars/Documents/Lunabotics25-26/lunabot_ws/src/build/lunabot_hardware' returned '0': CMAKE_PREFIX_PATH=${CMAKE_PREFIX_PATH}:/opt/ros/jazzy DEBUGINFOD_URLS=https://debuginfod.ubuntu.com /usr/bin/cmake --install /home/mars/Documents/Lunabotics25-26/lunabot_ws/src/build/lunabot_hardware
