[0.021s] Invoking command in '/home/mars/Documents/Lunabotics25-26/lunabot_ws/build/micro_ros_msgs': CMAKE_PREFIX_PATH=${CMAKE_PREFIX_PATH}:/opt/ros/jazzy DEBUGINFOD_URLS=https://debuginfod.ubuntu.com /usr/bin/cmake --build /home/mars/Documents/Lunabotics25-26/lunabot_ws/build/micro_ros_msgs -- -j4 -l4
[0.088s] [  1%] Built target micro_ros_msgs__rosidl_generator_type_description
[0.124s] [  3%] Built target micro_ros_msgs__cpp
[0.141s] [  3%] Built target ament_cmake_python_copy_micro_ros_msgs
[0.141s] [ 24%] Built target micro_ros_msgs__rosidl_generator_c
[0.193s] [ 33%] Built target micro_ros_msgs__rosidl_typesupport_fastrtps_cpp
[0.201s] [ 42%] Built target micro_ros_msgs__rosidl_typesupport_cpp
[0.239s] [ 51%] Built target micro_ros_msgs__rosidl_typesupport_fastrtps_c
[0.241s] [ 61%] Built target micro_ros_msgs__rosidl_typesupport_introspection_c
[0.265s] [ 70%] Built target micro_ros_msgs__rosidl_typesupport_c
[0.304s] [ 79%] Built target micro_ros_msgs__rosidl_typesupport_introspection_cpp
[0.348s] [ 79%] Built target micro_ros_msgs
[0.378s] [ 81%] Built target micro_ros_msgs__py
[0.409s] [ 88%] Built target micro_ros_msgs__rosidl_generator_py
[0.442s] [ 92%] Built target micro_ros_msgs_s__rosidl_typesupport_introspection_c
[0.464s] [ 96%] Built target micro_ros_msgs_s__rosidl_typesupport_fastrtps_c
[0.482s] [100%] Built target micro_ros_msgs_s__rosidl_typesupport_c
[0.602s] running egg_info
[0.603s] writing micro_ros_msgs.egg-info/PKG-INFO
[0.603s] writing dependency_links to micro_ros_msgs.egg-info/dependency_links.txt
[0.603s] writing top-level names to micro_ros_msgs.egg-info/top_level.txt
[0.637s] reading manifest file 'micro_ros_msgs.egg-info/SOURCES.txt'
[0.638s] writing manifest file 'micro_ros_msgs.egg-info/SOURCES.txt'
[0.697s] [100%] Built target ament_cmake_python_build_micro_ros_msgs_egg
[0.724s] Invoked command in '/home/mars/Documents/Lunabotics25-26/lunabot_ws/build/micro_ros_msgs' returned '0': CMAKE_PREFIX_PATH=${CMAKE_PREFIX_PATH}:/opt/ros/jazzy DEBUGINFOD_URLS=https://debuginfod.ubuntu.com /usr/bin/cmake --build /home/mars/Documents/Lunabotics25-26/lunabot_ws/build/micro_ros_msgs -- -j4 -l4
[0.725s] Invoking command in '/home/mars/Documents/Lunabotics25-26/lunabot_ws/build/micro_ros_msgs': CMAKE_PREFIX_PATH=${CMAKE_PREFIX_PATH}:/opt/ros/jazzy DEBUGINFOD_URLS=https://debuginfod.ubuntu.com /usr/bin/cmake --install /home/mars/Documents/Lunabotics25-26/lunabot_ws/build/micro_ros_msgs
[0.733s] -- Install configuration: ""
[0.733s] -- Up-to-date: /home/mars/Documents/Lunabotics25-26/lunabot_ws/install/micro_ros_msgs/share/ament_index/resource_index/rosidl_interfaces/micro_ros_msgs
[0.734s] -- Up-to-date: /home/mars/Documents/Lunabotics25-26/lunabot_ws/install/micro_ros_msgs/share/micro_ros_msgs/msg/Graph.json
[0.734s] -- Up-to-date: /home/mars/Documents/Lunabotics25-26/lunabot_ws/install/micro_ros_msgs/share/micro_ros_msgs/msg/Node.json
[0.734s] -- Up-to-date: /home/mars/Documents/Lunabotics25-26/lunabot_ws/install/micro_ros_msgs/share/micro_ros_msgs/msg/Entity.json
[0.734s] -- Up-to-date: /home/mars/Documents/Lunabotics25-26/lunabot_ws/install/micro_ros_msgs/include/micro_ros_msgs/micro_ros_msgs
[0.734s] -- Up-to-date: /home/mars/Documents/Lunabotics25-26/lunabot_ws/install/micro_ros_msgs/include/micro_ros_msgs/micro_ros_msgs/msg
[0.734s] -- Up-to-date: /home/mars/Documents/Lunabotics25-26/lunabot_ws/install/micro_ros_msgs/include/micro_ros_msgs/micro_ros_msgs/msg/graph.h
[0.734s] -- Up-to-date: /home/mars/Documents/Lunabotics25-26/lunabot_ws/install/micro_ros_msgs/include/micro_ros_msgs/micro_ros_msgs/msg/detail
[0.734s] -- Up-to-date: /home/mars/Documents/Lunabotics25-26/lunabot_ws/install/micro_ros_msgs/include/micro_ros_msgs/micro_ros_msgs/msg/detail/graph__functions.h
[0.734s] -- Up-to-date: /home/mars/Documents/Lunabotics25-26/lunabot_ws/install/micro_ros_msgs/include/micro_ros_msgs/micro_ros_msgs/msg/detail/graph__type_support.c
[0.734s] -- Up-to-date: /home/mars/Documents/Lunabotics25-26/lunabot_ws/install/micro_ros_msgs/include/micro_ros_msgs/micro_ros_msgs/msg/detail/graph__struct.h
[0.734s] -- Up-to-date: /home/mars/Documents/Lunabotics25-26/lunabot_ws/install/micro_ros_msgs/include/micro_ros_msgs/micro_ros_msgs/msg/detail/graph__description.c
[0.734s] -- Up-to-date: /home/mars/Documents/Lunabotics25-26/lunabot_ws/install/micro_ros_msgs/include/micro_ros_msgs/micro_ros_msgs/msg/detail/graph__functions.c
[0.734s] -- Up-to-date: /home/mars/Documents/Lunabotics25-26/lunabot_ws/install/micro_ros_msgs/include/micro_ros_msgs/micro_ros_msgs/msg/detail/node__type_support.h
[0.735s] -- Up-to-date: /home/mars/Documents/Lunabotics25-26/lunabot_ws/install/micro_ros_msgs/include/micro_ros_msgs/micro_ros_msgs/msg/detail/entity__description.c
[0.735s] -- Up-to-date: /home/mars/Documents/Lunabotics25-26/lunabot_ws/install/micro_ros_msgs/include/micro_ros_msgs/micro_ros_msgs/msg/detail/entity__functions.h
[0.735s] -- Up-to-date: /home/mars/Documents/Lunabotics25-26/lunabot_ws/install/micro_ros_msgs/include/micro_ros_msgs/micro_ros_msgs/msg/detail/entity__functions.c
[0.735s] -- Up-to-date: /home/mars/Documents/Lunabotics25-26/lunabot_ws/install/micro_ros_msgs/include/micro_ros_msgs/micro_ros_msgs/msg/detail/node__functions.h
[0.735s] -- Up-to-date: /home/mars/Documents/Lunabotics25-26/lunabot_ws/install/micro_ros_msgs/include/micro_ros_msgs/micro_ros_msgs/msg/detail/node__description.c
[0.735s] -- Up-to-date: /home/mars/Documents/Lunabotics25-26/lunabot_ws/install/micro_ros_msgs/include/micro_ros_msgs/micro_ros_msgs/msg/detail/node__struct.h
[0.735s] -- Up-to-date: /home/mars/Documents/Lunabotics25-26/lunabot_ws/install/micro_ros_msgs/include/micro_ros_msgs/micro_ros_msgs/msg/detail/graph__type_support.h
[0.735s] -- Up-to-date: /home/mars/Documents/Lunabotics25-26/lunabot_ws/install/micro_ros_msgs/include/micro_ros_msgs/micro_ros_msgs/msg/detail/entity__struct.h
[0.735s] -- Up-to-date: /home/mars/Documents/Lunabotics25-26/lunabot_ws/install/micro_ros_msgs/include/micro_ros_msgs/micro_ros_msgs/msg/detail/entity__type_support.h
[0.736s] -- Up-to-date: /home/mars/Documents/Lunabotics25-26/lunabot_ws/install/micro_ros_msgs/include/micro_ros_msgs/micro_ros_msgs/msg/detail/node__type_support.c
[0.736s] -- Up-to-date: /home/mars/Documents/Lunabotics25-26/lunabot_ws/install/micro_ros_msgs/include/micro_ros_msgs/micro_ros_msgs/msg/detail/entity__type_support.c
[0.736s] -- Up-to-date: /home/mars/Documents/Lunabotics25-26/lunabot_ws/install/micro_ros_msgs/include/micro_ros_msgs/micro_ros_msgs/msg/detail/node__functions.c
[0.736s] -- Up-to-date: /home/mars/Documents/Lunabotics25-26/lunabot_ws/install/micro_ros_msgs/include/micro_ros_msgs/micro_ros_msgs/msg/rosidl_generator_c__visibility_control.h
[0.736s] -- Up-to-date: /home/mars/Documents/Lunabotics25-26/lunabot_ws/install/micro_ros_msgs/include/micro_ros_msgs/micro_ros_msgs/msg/entity.h
[0.736s] -- Up-to-date: /home/mars/Documents/Lunabotics25-26/lunabot_ws/install/micro_ros_msgs/include/micro_ros_msgs/micro_ros_msgs/msg/node.h
[0.736s] -- Up-to-date: /home/mars/Documents/Lunabotics25-26/lunabot_ws/install/micro_ros_msgs/share/micro_ros_msgs/environment/library_path.sh
[0.736s] -- Up-to-date: /home/mars/Documents/Lunabotics25-26/lunabot_ws/install/micro_ros_msgs/share/micro_ros_msgs/environment/library_path.dsv
[0.736s] -- Up-to-date: /home/mars/Documents/Lunabotics25-26/lunabot_ws/install/micro_ros_msgs/lib/libmicro_ros_msgs__rosidl_generator_c.so
[0.737s] -- Up-to-date: /home/mars/Documents/Lunabotics25-26/lunabot_ws/install/micro_ros_msgs/include/micro_ros_msgs/micro_ros_msgs
[0.737s] -- Up-to-date: /home/mars/Documents/Lunabotics25-26/lunabot_ws/install/micro_ros_msgs/include/micro_ros_msgs/micro_ros_msgs/msg
[0.737s] -- Up-to-date: /home/mars/Documents/Lunabotics25-26/lunabot_ws/install/micro_ros_msgs/include/micro_ros_msgs/micro_ros_msgs/msg/detail
[0.737s] -- Up-to-date: /home/mars/Documents/Lunabotics25-26/lunabot_ws/install/micro_ros_msgs/include/micro_ros_msgs/micro_ros_msgs/msg/detail/entity__rosidl_typesupport_fastrtps_c.h
[0.738s] -- Up-to-date: /home/mars/Documents/Lunabotics25-26/lunabot_ws/install/micro_ros_msgs/include/micro_ros_msgs/micro_ros_msgs/msg/detail/graph__rosidl_typesupport_fastrtps_c.h
[0.738s] -- Up-to-date: /home/mars/Documents/Lunabotics25-26/lunabot_ws/install/micro_ros_msgs/include/micro_ros_msgs/micro_ros_msgs/msg/detail/node__rosidl_typesupport_fastrtps_c.h
[0.738s] -- Up-to-date: /home/mars/Documents/Lunabotics25-26/lunabot_ws/install/micro_ros_msgs/include/micro_ros_msgs/micro_ros_msgs/msg/rosidl_typesupport_fastrtps_c__visibility_control.h
[0.738s] -- Up-to-date: /home/mars/Documents/Lunabotics25-26/lunabot_ws/install/micro_ros_msgs/lib/libmicro_ros_msgs__rosidl_typesupport_fastrtps_c.so
[0.738s] -- Up-to-date: /home/mars/Documents/Lunabotics25-26/lunabot_ws/install/micro_ros_msgs/include/micro_ros_msgs/micro_ros_msgs
[0.738s] -- Up-to-date: /home/mars/Documents/Lunabotics25-26/lunabot_ws/install/micro_ros_msgs/include/micro_ros_msgs/micro_ros_msgs/msg
[0.738s] -- Up-to-date: /home/mars/Documents/Lunabotics25-26/lunabot_ws/install/micro_ros_msgs/include/micro_ros_msgs/micro_ros_msgs/msg/rosidl_typesupport_introspection_c__visibility_control.h
[0.739s] -- Up-to-date: /home/mars/Documents/Lunabotics25-26/lunabot_ws/install/micro_ros_msgs/include/micro_ros_msgs/micro_ros_msgs/msg/detail
[0.739s] -- Up-to-date: /home/mars/Documents/Lunabotics25-26/lunabot_ws/install/micro_ros_msgs/include/micro_ros_msgs/micro_ros_msgs/msg/detail/graph__type_support.c
[0.739s] -- Up-to-date: /home/mars/Documents/Lunabotics25-26/lunabot_ws/install/micro_ros_msgs/include/micro_ros_msgs/micro_ros_msgs/msg/detail/node__rosidl_typesupport_introspection_c.h
[0.739s] -- Up-to-date: /home/mars/Documents/Lunabotics25-26/lunabot_ws/install/micro_ros_msgs/include/micro_ros_msgs/micro_ros_msgs/msg/detail/entity__rosidl_typesupport_introspection_c.h
[0.739s] -- Up-to-date: /home/mars/Documents/Lunabotics25-26/lunabot_ws/install/micro_ros_msgs/include/micro_ros_msgs/micro_ros_msgs/msg/detail/graph__rosidl_typesupport_introspection_c.h
[0.739s] -- Up-to-date: /home/mars/Documents/Lunabotics25-26/lunabot_ws/install/micro_ros_msgs/include/micro_ros_msgs/micro_ros_msgs/msg/detail/node__type_support.c
[0.739s] -- Up-to-date: /home/mars/Documents/Lunabotics25-26/lunabot_ws/install/micro_ros_msgs/include/micro_ros_msgs/micro_ros_msgs/msg/detail/entity__type_support.c
[0.739s] -- Up-to-date: /home/mars/Documents/Lunabotics25-26/lunabot_ws/install/micro_ros_msgs/lib/libmicro_ros_msgs__rosidl_typesupport_introspection_c.so
[0.739s] -- Up-to-date: /home/mars/Documents/Lunabotics25-26/lunabot_ws/install/micro_ros_msgs/lib/libmicro_ros_msgs__rosidl_typesupport_c.so
[0.739s] -- Up-to-date: /home/mars/Documents/Lunabotics25-26/lunabot_ws/install/micro_ros_msgs/include/micro_ros_msgs/micro_ros_msgs
[0.739s] -- Up-to-date: /home/mars/Documents/Lunabotics25-26/lunabot_ws/install/micro_ros_msgs/include/micro_ros_msgs/micro_ros_msgs/msg
[0.739s] -- Up-to-date: /home/mars/Documents/Lunabotics25-26/lunabot_ws/install/micro_ros_msgs/include/micro_ros_msgs/micro_ros_msgs/msg/detail
[0.740s] -- Up-to-date: /home/mars/Documents/Lunabotics25-26/lunabot_ws/install/micro_ros_msgs/include/micro_ros_msgs/micro_ros_msgs/msg/detail/entity__traits.hpp
[0.740s] -- Up-to-date: /home/mars/Documents/Lunabotics25-26/lunabot_ws/install/micro_ros_msgs/include/micro_ros_msgs/micro_ros_msgs/msg/detail/graph__struct.hpp
[0.740s] -- Up-to-date: /home/mars/Documents/Lunabotics25-26/lunabot_ws/install/micro_ros_msgs/include/micro_ros_msgs/micro_ros_msgs/msg/detail/node__builder.hpp
[0.740s] -- Up-to-date: /home/mars/Documents/Lunabotics25-26/lunabot_ws/install/micro_ros_msgs/include/micro_ros_msgs/micro_ros_msgs/msg/detail/entity__builder.hpp
[0.740s] -- Up-to-date: /home/mars/Documents/Lunabotics25-26/lunabot_ws/install/micro_ros_msgs/include/micro_ros_msgs/micro_ros_msgs/msg/detail/graph__traits.hpp
[0.740s] -- Up-to-date: /home/mars/Documents/Lunabotics25-26/lunabot_ws/install/micro_ros_msgs/include/micro_ros_msgs/micro_ros_msgs/msg/detail/entity__type_support.hpp
[0.740s] -- Up-to-date: /home/mars/Documents/Lunabotics25-26/lunabot_ws/install/micro_ros_msgs/include/micro_ros_msgs/micro_ros_msgs/msg/detail/node__struct.hpp
[0.740s] -- Up-to-date: /home/mars/Documents/Lunabotics25-26/lunabot_ws/install/micro_ros_msgs/include/micro_ros_msgs/micro_ros_msgs/msg/detail/node__traits.hpp
[0.740s] -- Up-to-date: /home/mars/Documents/Lunabotics25-26/lunabot_ws/install/micro_ros_msgs/include/micro_ros_msgs/micro_ros_msgs/msg/detail/entity__struct.hpp
[0.740s] -- Up-to-date: /home/mars/Documents/Lunabotics25-26/lunabot_ws/install/micro_ros_msgs/include/micro_ros_msgs/micro_ros_msgs/msg/detail/graph__type_support.hpp
[0.740s] -- Up-to-date: /home/mars/Documents/Lunabotics25-26/lunabot_ws/install/micro_ros_msgs/include/micro_ros_msgs/micro_ros_msgs/msg/detail/graph__builder.hpp
[0.740s] -- Up-to-date: /home/mars/Documents/Lunabotics25-26/lunabot_ws/install/micro_ros_msgs/include/micro_ros_msgs/micro_ros_msgs/msg/detail/node__type_support.hpp
[0.740s] -- Up-to-date: /home/mars/Documents/Lunabotics25-26/lunabot_ws/install/micro_ros_msgs/include/micro_ros_msgs/micro_ros_msgs/msg/entity.hpp
[0.740s] -- Up-to-date: /home/mars/Documents/Lunabotics25-26/lunabot_ws/install/micro_ros_msgs/include/micro_ros_msgs/micro_ros_msgs/msg/node.hpp
[0.741s] -- Up-to-date: /home/mars/Documents/Lunabotics25-26/lunabot_ws/install/micro_ros_msgs/include/micro_ros_msgs/micro_ros_msgs/msg/rosidl_generator_cpp__visibility_control.hpp
[0.741s] -- Up-to-date: /home/mars/Documents/Lunabotics25-26/lunabot_ws/install/micro_ros_msgs/include/micro_ros_msgs/micro_ros_msgs/msg/graph.hpp
[0.741s] -- Up-to-date: /home/mars/Documents/Lunabotics25-26/lunabot_ws/install/micro_ros_msgs/include/micro_ros_msgs/micro_ros_msgs
[0.741s] -- Up-to-date: /home/mars/Documents/Lunabotics25-26/lunabot_ws/install/micro_ros_msgs/include/micro_ros_msgs/micro_ros_msgs/msg
[0.741s] -- Up-to-date: /home/mars/Documents/Lunabotics25-26/lunabot_ws/install/micro_ros_msgs/include/micro_ros_msgs/micro_ros_msgs/msg/rosidl_typesupport_fastrtps_cpp__visibility_control.h
[0.741s] -- Up-to-date: /home/mars/Documents/Lunabotics25-26/lunabot_ws/install/micro_ros_msgs/include/micro_ros_msgs/micro_ros_msgs/msg/detail
[0.741s] -- Up-to-date: /home/mars/Documents/Lunabotics25-26/lunabot_ws/install/micro_ros_msgs/include/micro_ros_msgs/micro_ros_msgs/msg/detail/entity__rosidl_typesupport_fastrtps_cpp.hpp
[0.741s] -- Up-to-date: /home/mars/Documents/Lunabotics25-26/lunabot_ws/install/micro_ros_msgs/include/micro_ros_msgs/micro_ros_msgs/msg/detail/dds_fastrtps
[0.741s] -- Up-to-date: /home/mars/Documents/Lunabotics25-26/lunabot_ws/install/micro_ros_msgs/include/micro_ros_msgs/micro_ros_msgs/msg/detail/graph__rosidl_typesupport_fastrtps_cpp.hpp
[0.741s] -- Up-to-date: /home/mars/Documents/Lunabotics25-26/lunabot_ws/install/micro_ros_msgs/include/micro_ros_msgs/micro_ros_msgs/msg/detail/node__rosidl_typesupport_fastrtps_cpp.hpp
[0.741s] -- Up-to-date: /home/mars/Documents/Lunabotics25-26/lunabot_ws/install/micro_ros_msgs/lib/libmicro_ros_msgs__rosidl_typesupport_fastrtps_cpp.so
[0.741s] -- Up-to-date: /home/mars/Documents/Lunabotics25-26/lunabot_ws/install/micro_ros_msgs/include/micro_ros_msgs/micro_ros_msgs
[0.741s] -- Up-to-date: /home/mars/Documents/Lunabotics25-26/lunabot_ws/install/micro_ros_msgs/include/micro_ros_msgs/micro_ros_msgs/msg
[0.741s] -- Up-to-date: /home/mars/Documents/Lunabotics25-26/lunabot_ws/install/micro_ros_msgs/include/micro_ros_msgs/micro_ros_msgs/msg/detail
[0.743s] -- Up-to-date: /home/mars/Documents/Lunabotics25-26/lunabot_ws/install/micro_ros_msgs/include/micro_ros_msgs/micro_ros_msgs/msg/detail/node__type_support.cpp
[0.744s] -- Up-to-date: /home/mars/Documents/Lunabotics25-26/lunabot_ws/install/micro_ros_msgs/include/micro_ros_msgs/micro_ros_msgs/msg/detail/entity__rosidl_typesupport_introspection_cpp.hpp
[0.744s] -- Up-to-date: /home/mars/Documents/Lunabotics25-26/lunabot_ws/install/micro_ros_msgs/include/micro_ros_msgs/micro_ros_msgs/msg/detail/graph__type_support.cpp
[0.745s] -- Up-to-date: /home/mars/Documents/Lunabotics25-26/lunabot_ws/install/micro_ros_msgs/include/micro_ros_msgs/micro_ros_msgs/msg/detail/entity__type_support.cpp
[0.745s] -- Up-to-date: /home/mars/Documents/Lunabotics25-26/lunabot_ws/install/micro_ros_msgs/include/micro_ros_msgs/micro_ros_msgs/msg/detail/graph__rosidl_typesupport_introspection_cpp.hpp
[0.745s] -- Up-to-date: /home/mars/Documents/Lunabotics25-26/lunabot_ws/install/micro_ros_msgs/include/micro_ros_msgs/micro_ros_msgs/msg/detail/node__rosidl_typesupport_introspection_cpp.hpp
[0.745s] -- Up-to-date: /home/mars/Documents/Lunabotics25-26/lunabot_ws/install/micro_ros_msgs/lib/libmicro_ros_msgs__rosidl_typesupport_introspection_cpp.so
[0.745s] -- Up-to-date: /home/mars/Documents/Lunabotics25-26/lunabot_ws/install/micro_ros_msgs/lib/libmicro_ros_msgs__rosidl_typesupport_cpp.so
[0.745s] -- Up-to-date: /home/mars/Documents/Lunabotics25-26/lunabot_ws/install/micro_ros_msgs/share/micro_ros_msgs/environment/pythonpath.sh
[0.745s] -- Up-to-date: /home/mars/Documents/Lunabotics25-26/lunabot_ws/install/micro_ros_msgs/share/micro_ros_msgs/environment/pythonpath.dsv
[0.745s] -- Up-to-date: /home/mars/Documents/Lunabotics25-26/lunabot_ws/install/micro_ros_msgs/lib/python3.12/site-packages/micro_ros_msgs-5.0.2-py3.12.egg-info
[0.745s] -- Installing: /home/mars/Documents/Lunabotics25-26/lunabot_ws/install/micro_ros_msgs/lib/python3.12/site-packages/micro_ros_msgs-5.0.2-py3.12.egg-info/SOURCES.txt
[0.745s] -- Installing: /home/mars/Documents/Lunabotics25-26/lunabot_ws/install/micro_ros_msgs/lib/python3.12/site-packages/micro_ros_msgs-5.0.2-py3.12.egg-info/dependency_links.txt
[0.745s] -- Installing: /home/mars/Documents/Lunabotics25-26/lunabot_ws/install/micro_ros_msgs/lib/python3.12/site-packages/micro_ros_msgs-5.0.2-py3.12.egg-info/PKG-INFO
[0.745s] -- Installing: /home/mars/Documents/Lunabotics25-26/lunabot_ws/install/micro_ros_msgs/lib/python3.12/site-packages/micro_ros_msgs-5.0.2-py3.12.egg-info/top_level.txt
[0.745s] -- Up-to-date: /home/mars/Documents/Lunabotics25-26/lunabot_ws/install/micro_ros_msgs/lib/python3.12/site-packages/micro_ros_msgs
[0.746s] -- Up-to-date: /home/mars/Documents/Lunabotics25-26/lunabot_ws/install/micro_ros_msgs/lib/python3.12/site-packages/micro_ros_msgs/_micro_ros_msgs_s.ep.rosidl_typesupport_introspection_c.c
[0.746s] -- Up-to-date: /home/mars/Documents/Lunabotics25-26/lunabot_ws/install/micro_ros_msgs/lib/python3.12/site-packages/micro_ros_msgs/_micro_ros_msgs_s.ep.rosidl_typesupport_c.c
[0.746s] -- Up-to-date: /home/mars/Documents/Lunabotics25-26/lunabot_ws/install/micro_ros_msgs/lib/python3.12/site-packages/micro_ros_msgs/micro_ros_msgs_s__rosidl_typesupport_c.so
[0.746s] -- Up-to-date: /home/mars/Documents/Lunabotics25-26/lunabot_ws/install/micro_ros_msgs/lib/python3.12/site-packages/micro_ros_msgs/micro_ros_msgs_s__rosidl_typesupport_fastrtps_c.so
[0.746s] -- Up-to-date: /home/mars/Documents/Lunabotics25-26/lunabot_ws/install/micro_ros_msgs/lib/python3.12/site-packages/micro_ros_msgs/micro_ros_msgs_s__rosidl_typesupport_introspection_c.so
[0.746s] -- Up-to-date: /home/mars/Documents/Lunabotics25-26/lunabot_ws/install/micro_ros_msgs/lib/python3.12/site-packages/micro_ros_msgs/msg
[0.746s] -- Up-to-date: /home/mars/Documents/Lunabotics25-26/lunabot_ws/install/micro_ros_msgs/lib/python3.12/site-packages/micro_ros_msgs/msg/_node.py
[0.746s] -- Up-to-date: /home/mars/Documents/Lunabotics25-26/lunabot_ws/install/micro_ros_msgs/lib/python3.12/site-packages/micro_ros_msgs/msg/_entity.py
[0.746s] -- Up-to-date: /home/mars/Documents/Lunabotics25-26/lunabot_ws/install/micro_ros_msgs/lib/python3.12/site-packages/micro_ros_msgs/msg/_graph.py
[0.746s] -- Up-to-date: /home/mars/Documents/Lunabotics25-26/lunabot_ws/install/micro_ros_msgs/lib/python3.12/site-packages/micro_ros_msgs/msg/__init__.py
[0.746s] -- Up-to-date: /home/mars/Documents/Lunabotics25-26/lunabot_ws/install/micro_ros_msgs/lib/python3.12/site-packages/micro_ros_msgs/msg/_node_s.c
[0.746s] -- Up-to-date: /home/mars/Documents/Lunabotics25-26/lunabot_ws/install/micro_ros_msgs/lib/python3.12/site-packages/micro_ros_msgs/msg/_entity_s.c
[0.746s] -- Up-to-date: /home/mars/Documents/Lunabotics25-26/lunabot_ws/install/micro_ros_msgs/lib/python3.12/site-packages/micro_ros_msgs/msg/_graph_s.c
[0.746s] -- Up-to-date: /home/mars/Documents/Lunabotics25-26/lunabot_ws/install/micro_ros_msgs/lib/python3.12/site-packages/micro_ros_msgs/__init__.py
[0.747s] -- Up-to-date: /home/mars/Documents/Lunabotics25-26/lunabot_ws/install/micro_ros_msgs/lib/python3.12/site-packages/micro_ros_msgs/_micro_ros_msgs_s.ep.rosidl_typesupport_fastrtps_c.c
[0.823s] Listing '/home/mars/Documents/Lunabotics25-26/lunabot_ws/install/micro_ros_msgs/lib/python3.12/site-packages/micro_ros_msgs'...
[0.823s] Compiling '/home/mars/Documents/Lunabotics25-26/lunabot_ws/install/micro_ros_msgs/lib/python3.12/site-packages/micro_ros_msgs/__init__.py'...
[0.823s] Listing '/home/mars/Documents/Lunabotics25-26/lunabot_ws/install/micro_ros_msgs/lib/python3.12/site-packages/micro_ros_msgs/msg'...
[0.824s] Compiling '/home/mars/Documents/Lunabotics25-26/lunabot_ws/install/micro_ros_msgs/lib/python3.12/site-packages/micro_ros_msgs/msg/__init__.py'...
[0.824s] Compiling '/home/mars/Documents/Lunabotics25-26/lunabot_ws/install/micro_ros_msgs/lib/python3.12/site-packages/micro_ros_msgs/msg/_entity.py'...
[0.824s] Compiling '/home/mars/Documents/Lunabotics25-26/lunabot_ws/install/micro_ros_msgs/lib/python3.12/site-packages/micro_ros_msgs/msg/_graph.py'...
[0.824s] Compiling '/home/mars/Documents/Lunabotics25-26/lunabot_ws/install/micro_ros_msgs/lib/python3.12/site-packages/micro_ros_msgs/msg/_node.py'...
[0.833s] -- Up-to-date: /home/mars/Documents/Lunabotics25-26/lunabot_ws/install/micro_ros_msgs/lib/python3.12/site-packages/micro_ros_msgs/micro_ros_msgs_s__rosidl_typesupport_fastrtps_c.so
[0.833s] -- Up-to-date: /home/mars/Documents/Lunabotics25-26/lunabot_ws/install/micro_ros_msgs/lib/python3.12/site-packages/micro_ros_msgs/micro_ros_msgs_s__rosidl_typesupport_introspection_c.so
[0.834s] -- Up-to-date: /home/mars/Documents/Lunabotics25-26/lunabot_ws/install/micro_ros_msgs/lib/python3.12/site-packages/micro_ros_msgs/micro_ros_msgs_s__rosidl_typesupport_c.so
[0.835s] -- Up-to-date: /home/mars/Documents/Lunabotics25-26/lunabot_ws/install/micro_ros_msgs/lib/libmicro_ros_msgs__rosidl_generator_py.so
[0.835s] -- Up-to-date: /home/mars/Documents/Lunabotics25-26/lunabot_ws/install/micro_ros_msgs/share/micro_ros_msgs/msg/Graph.idl
[0.835s] -- Up-to-date: /home/mars/Documents/Lunabotics25-26/lunabot_ws/install/micro_ros_msgs/share/micro_ros_msgs/msg/Node.idl
[0.835s] -- Up-to-date: /home/mars/Documents/Lunabotics25-26/lunabot_ws/install/micro_ros_msgs/share/micro_ros_msgs/msg/Entity.idl
[0.835s] -- Up-to-date: /home/mars/Documents/Lunabotics25-26/lunabot_ws/install/micro_ros_msgs/share/micro_ros_msgs/msg/Graph.msg
[0.835s] -- Up-to-date: /home/mars/Documents/Lunabotics25-26/lunabot_ws/install/micro_ros_msgs/share/micro_ros_msgs/msg/Node.msg
[0.835s] -- Up-to-date: /home/mars/Documents/Lunabotics25-26/lunabot_ws/install/micro_ros_msgs/share/micro_ros_msgs/msg/Entity.msg
[0.835s] -- Up-to-date: /home/mars/Documents/Lunabotics25-26/lunabot_ws/install/micro_ros_msgs/share/ament_index/resource_index/package_run_dependencies/micro_ros_msgs
[0.835s] -- Up-to-date: /home/mars/Documents/Lunabotics25-26/lunabot_ws/install/micro_ros_msgs/share/ament_index/resource_index/parent_prefix_path/micro_ros_msgs
[0.836s] -- Up-to-date: /home/mars/Documents/Lunabotics25-26/lunabot_ws/install/micro_ros_msgs/share/micro_ros_msgs/environment/ament_prefix_path.sh
[0.836s] -- Up-to-date: /home/mars/Documents/Lunabotics25-26/lunabot_ws/install/micro_ros_msgs/share/micro_ros_msgs/environment/ament_prefix_path.dsv
[0.836s] -- Up-to-date: /home/mars/Documents/Lunabotics25-26/lunabot_ws/install/micro_ros_msgs/share/micro_ros_msgs/environment/path.sh
[0.836s] -- Up-to-date: /home/mars/Documents/Lunabotics25-26/lunabot_ws/install/micro_ros_msgs/share/micro_ros_msgs/environment/path.dsv
[0.836s] -- Up-to-date: /home/mars/Documents/Lunabotics25-26/lunabot_ws/install/micro_ros_msgs/share/micro_ros_msgs/local_setup.bash
[0.836s] -- Up-to-date: /home/mars/Documents/Lunabotics25-26/lunabot_ws/install/micro_ros_msgs/share/micro_ros_msgs/local_setup.sh
[0.836s] -- Up-to-date: /home/mars/Documents/Lunabotics25-26/lunabot_ws/install/micro_ros_msgs/share/micro_ros_msgs/local_setup.zsh
[0.836s] -- Up-to-date: /home/mars/Documents/Lunabotics25-26/lunabot_ws/install/micro_ros_msgs/share/micro_ros_msgs/local_setup.dsv
[0.836s] -- Installing: /home/mars/Documents/Lunabotics25-26/lunabot_ws/install/micro_ros_msgs/share/micro_ros_msgs/package.dsv
[0.837s] -- Up-to-date: /home/mars/Documents/Lunabotics25-26/lunabot_ws/install/micro_ros_msgs/share/ament_index/resource_index/packages/micro_ros_msgs
[0.837s] -- Up-to-date: /home/mars/Documents/Lunabotics25-26/lunabot_ws/install/micro_ros_msgs/share/micro_ros_msgs/cmake/export_micro_ros_msgs__rosidl_generator_cExport.cmake
[0.837s] -- Up-to-date: /home/mars/Documents/Lunabotics25-26/lunabot_ws/install/micro_ros_msgs/share/micro_ros_msgs/cmake/export_micro_ros_msgs__rosidl_generator_cExport-noconfig.cmake
[0.837s] -- Up-to-date: /home/mars/Documents/Lunabotics25-26/lunabot_ws/install/micro_ros_msgs/share/micro_ros_msgs/cmake/export_micro_ros_msgs__rosidl_typesupport_fastrtps_cExport.cmake
[0.837s] -- Up-to-date: /home/mars/Documents/Lunabotics25-26/lunabot_ws/install/micro_ros_msgs/share/micro_ros_msgs/cmake/export_micro_ros_msgs__rosidl_typesupport_fastrtps_cExport-noconfig.cmake
[0.837s] -- Up-to-date: /home/mars/Documents/Lunabotics25-26/lunabot_ws/install/micro_ros_msgs/share/micro_ros_msgs/cmake/micro_ros_msgs__rosidl_typesupport_introspection_cExport.cmake
[0.837s] -- Up-to-date: /home/mars/Documents/Lunabotics25-26/lunabot_ws/install/micro_ros_msgs/share/micro_ros_msgs/cmake/micro_ros_msgs__rosidl_typesupport_introspection_cExport-noconfig.cmake
[0.837s] -- Up-to-date: /home/mars/Documents/Lunabotics25-26/lunabot_ws/install/micro_ros_msgs/share/micro_ros_msgs/cmake/micro_ros_msgs__rosidl_typesupport_cExport.cmake
[0.837s] -- Up-to-date: /home/mars/Documents/Lunabotics25-26/lunabot_ws/install/micro_ros_msgs/share/micro_ros_msgs/cmake/micro_ros_msgs__rosidl_typesupport_cExport-noconfig.cmake
[0.837s] -- Up-to-date: /home/mars/Documents/Lunabotics25-26/lunabot_ws/install/micro_ros_msgs/share/micro_ros_msgs/cmake/export_micro_ros_msgs__rosidl_generator_cppExport.cmake
[0.837s] -- Up-to-date: /home/mars/Documents/Lunabotics25-26/lunabot_ws/install/micro_ros_msgs/share/micro_ros_msgs/cmake/export_micro_ros_msgs__rosidl_typesupport_fastrtps_cppExport.cmake
[0.837s] -- Up-to-date: /home/mars/Documents/Lunabotics25-26/lunabot_ws/install/micro_ros_msgs/share/micro_ros_msgs/cmake/export_micro_ros_msgs__rosidl_typesupport_fastrtps_cppExport-noconfig.cmake
[0.838s] -- Up-to-date: /home/mars/Documents/Lunabotics25-26/lunabot_ws/install/micro_ros_msgs/share/micro_ros_msgs/cmake/micro_ros_msgs__rosidl_typesupport_introspection_cppExport.cmake
[0.838s] -- Up-to-date: /home/mars/Documents/Lunabotics25-26/lunabot_ws/install/micro_ros_msgs/share/micro_ros_msgs/cmake/micro_ros_msgs__rosidl_typesupport_introspection_cppExport-noconfig.cmake
[0.838s] -- Up-to-date: /home/mars/Documents/Lunabotics25-26/lunabot_ws/install/micro_ros_msgs/share/micro_ros_msgs/cmake/micro_ros_msgs__rosidl_typesupport_cppExport.cmake
[0.838s] -- Up-to-date: /home/mars/Documents/Lunabotics25-26/lunabot_ws/install/micro_ros_msgs/share/micro_ros_msgs/cmake/micro_ros_msgs__rosidl_typesupport_cppExport-noconfig.cmake
[0.838s] -- Up-to-date: /home/mars/Documents/Lunabotics25-26/lunabot_ws/install/micro_ros_msgs/share/micro_ros_msgs/cmake/export_micro_ros_msgs__rosidl_generator_pyExport.cmake
[0.838s] -- Up-to-date: /home/mars/Documents/Lunabotics25-26/lunabot_ws/install/micro_ros_msgs/share/micro_ros_msgs/cmake/export_micro_ros_msgs__rosidl_generator_pyExport-noconfig.cmake
[0.838s] -- Up-to-date: /home/mars/Documents/Lunabotics25-26/lunabot_ws/install/micro_ros_msgs/share/micro_ros_msgs/cmake/rosidl_cmake-extras.cmake
[0.838s] -- Up-to-date: /home/mars/Documents/Lunabotics25-26/lunabot_ws/install/micro_ros_msgs/share/micro_ros_msgs/cmake/ament_cmake_export_include_directories-extras.cmake
[0.838s] -- Up-to-date: /home/mars/Documents/Lunabotics25-26/lunabot_ws/install/micro_ros_msgs/share/micro_ros_msgs/cmake/ament_cmake_export_libraries-extras.cmake
[0.839s] -- Up-to-date: /home/mars/Documents/Lunabotics25-26/lunabot_ws/install/micro_ros_msgs/share/micro_ros_msgs/cmake/ament_cmake_export_targets-extras.cmake
[0.840s] -- Up-to-date: /home/mars/Documents/Lunabotics25-26/lunabot_ws/install/micro_ros_msgs/share/micro_ros_msgs/cmake/rosidl_cmake_export_typesupport_targets-extras.cmake
[0.840s] -- Up-to-date: /home/mars/Documents/Lunabotics25-26/lunabot_ws/install/micro_ros_msgs/share/micro_ros_msgs/cmake/ament_cmake_export_dependencies-extras.cmake
[0.840s] -- Up-to-date: /home/mars/Documents/Lunabotics25-26/lunabot_ws/install/micro_ros_msgs/share/micro_ros_msgs/cmake/rosidl_cmake_export_typesupport_libraries-extras.cmake
[0.840s] -- Up-to-date: /home/mars/Documents/Lunabotics25-26/lunabot_ws/install/micro_ros_msgs/share/micro_ros_msgs/cmake/micro_ros_msgsConfig.cmake
[0.840s] -- Up-to-date: /home/mars/Documents/Lunabotics25-26/lunabot_ws/install/micro_ros_msgs/share/micro_ros_msgs/cmake/micro_ros_msgsConfig-version.cmake
[0.840s] -- Up-to-date: /home/mars/Documents/Lunabotics25-26/lunabot_ws/install/micro_ros_msgs/share/micro_ros_msgs/package.xml
[0.840s] Invoked command in '/home/mars/Documents/Lunabotics25-26/lunabot_ws/build/micro_ros_msgs' returned '0': CMAKE_PREFIX_PATH=${CMAKE_PREFIX_PATH}:/opt/ros/jazzy DEBUGINFOD_URLS=https://debuginfod.ubuntu.com /usr/bin/cmake --install /home/mars/Documents/Lunabotics25-26/lunabot_ws/build/micro_ros_msgs
