[ 50%] [32mBuilding CXX object CMakeFiles/joy_to_cmd_vel.dir/src/joy_to_cmd_vel.cpp.o[0m
[100%] [32m[1mLinking CXX executable joy_to_cmd_vel[0m
[100%] Built target joy_to_cmd_vel
-- Install configuration: ""
-- Installing: /home/mars/Documents/Lunabotics25-26/lunabot_ws/install/lunabot_teleop/lib/lunabot_teleop/joy_to_cmd_vel
-- Set non-toolchain portion of runtime path of "/home/mars/Documents/Lunabotics25-26/lunabot_ws/install/lunabot_teleop/lib/lunabot_teleop/joy_to_cmd_vel" to ""
-- Up-to-date: /home/mars/Documents/Lunabotics25-26/lunabot_ws/install/lunabot_teleop/share/ament_index/resource_index/package_run_dependencies/lunabot_teleop
-- Up-to-date: /home/mars/Documents/Lunabotics25-26/lunabot_ws/install/lunabot_teleop/share/ament_index/resource_index/parent_prefix_path/lunabot_teleop
-- Up-to-date: /home/mars/Documents/Lunabotics25-26/lunabot_ws/install/lunabot_teleop/share/lunabot_teleop/environment/ament_prefix_path.sh
-- Up-to-date: /home/mars/Documents/Lunabotics25-26/lunabot_ws/install/lunabot_teleop/share/lunabot_teleop/environment/ament_prefix_path.dsv
-- Up-to-date: /home/mars/Documents/Lunabotics25-26/lunabot_ws/install/lunabot_teleop/share/lunabot_teleop/environment/path.sh
-- Up-to-date: /home/mars/Documents/Lunabotics25-26/lunabot_ws/install/lunabot_teleop/share/lunabot_teleop/environment/path.dsv
-- Up-to-date: /home/mars/Documents/Lunabotics25-26/lunabot_ws/install/lunabot_teleop/share/lunabot_teleop/local_setup.bash
-- Up-to-date: /home/mars/Documents/Lunabotics25-26/lunabot_ws/install/lunabot_teleop/share/lunabot_teleop/local_setup.sh
-- Up-to-date: /home/mars/Documents/Lunabotics25-26/lunabot_ws/install/lunabot_teleop/share/lunabot_teleop/local_setup.zsh
-- Up-to-date: /home/mars/Documents/Lunabotics25-26/lunabot_ws/install/lunabot_teleop/share/lunabot_teleop/local_setup.dsv
-- Installing: /home/mars/Documents/Lunabotics25-26/lunabot_ws/install/lunabot_teleop/share/lunabot_teleop/package.dsv
-- Up-to-date: /home/mars/Documents/Lunabotics25-26/lunabot_ws/install/lunabot_teleop/share/ament_index/resource_index/packages/lunabot_teleop
-- Up-to-date: /home/mars/Documents/Lunabotics25-26/lunabot_ws/install/lunabot_teleop/share/lunabot_teleop/cmake/lunabot_teleopConfig.cmake
-- Up-to-date: /home/mars/Documents/Lunabotics25-26/lunabot_ws/install/lunabot_teleop/share/lunabot_teleop/cmake/lunabot_teleopConfig-version.cmake
-- Up-to-date: /home/mars/Documents/Lunabotics25-26/lunabot_ws/install/lunabot_teleop/share/lunabot_teleop/package.xml
