[0.017s] Invoking command in '/home/mars/Documents/Lunabotics25-26/lunabot_ws/build/drive_base_msgs': CMAKE_PREFIX_PATH=${CMAKE_PREFIX_PATH}:/opt/ros/jazzy DEBUGINFOD_URLS=https://debuginfod.ubuntu.com /usr/bin/cmake --build /home/mars/Documents/Lunabotics25-26/lunabot_ws/build/drive_base_msgs -- -j4 -l4
[0.048s] -- Found ament_cmake: 2.5.5 (/opt/ros/jazzy/share/ament_cmake/cmake)
[0.091s] -- Found Python3: /usr/bin/python3 (found version "3.12.3") found components: Interpreter 
[0.357s] -- Found std_msgs: 5.3.6 (/opt/ros/jazzy/share/std_msgs/cmake)
[0.437s] -- Found rosidl_generator_c: 4.6.7 (/opt/ros/jazzy/share/rosidl_generator_c/cmake)
[0.456s] -- Found rosidl_generator_cpp: 4.6.7 (/opt/ros/jazzy/share/rosidl_generator_cpp/cmake)
[0.475s] -- Using all available rosidl_typesupport_c: rosidl_typesupport_fastrtps_c;rosidl_typesupport_introspection_c
[0.499s] -- Using all available rosidl_typesupport_cpp: rosidl_typesupport_fastrtps_cpp;rosidl_typesupport_introspection_cpp
[0.594s] -- Found rosidl_default_generators: 1.6.0 (/opt/ros/jazzy/share/rosidl_default_generators/cmake)
[0.595s] -- Found rosidl_adapter: 4.6.7 (/opt/ros/jazzy/share/rosidl_adapter/cmake)
[0.938s] -- Found ament_cmake_cppcheck: 0.17.4 (/opt/ros/jazzy/share/ament_cmake_cppcheck/cmake)
[0.942s] -- Found ament_cmake_cpplint: 0.17.4 (/opt/ros/jazzy/share/ament_cmake_cpplint/cmake)
[0.942s] -- Found ament_cmake_uncrustify: 0.17.4 (/opt/ros/jazzy/share/ament_cmake_uncrustify/cmake)
[0.942s] -- Found ament_cmake_ros: 0.12.0 (/opt/ros/jazzy/share/ament_cmake_ros/cmake)
[1.213s] -- Using all available rosidl_typesupport_c: rosidl_typesupport_fastrtps_c;rosidl_typesupport_introspection_c
[1.320s] -- Using all available rosidl_typesupport_cpp: rosidl_typesupport_fastrtps_cpp;rosidl_typesupport_introspection_cpp
[1.326s] -- Found python_cmake_module: 0.11.1 (/opt/ros/jazzy/share/python_cmake_module/cmake)
[1.622s] -- Found Python3: /usr/bin/python3 (found version "3.12.3") found components: Interpreter Development NumPy Development.Module Development.Embed 
[1.671s] -- Found ament_cmake_flake8: 0.17.4 (/opt/ros/jazzy/share/ament_cmake_flake8/cmake)
[1.671s] -- Found ament_cmake_pep257: 0.17.4 (/opt/ros/jazzy/share/ament_cmake_pep257/cmake)
[1.677s] -- Configuring done (1.6s)
[1.721s] -- Generating done (0.0s)
[1.735s] -- Build files have been written to: /home/mars/Documents/Lunabotics25-26/lunabot_ws/build/drive_base_msgs
[1.772s] [  1%] Built target drive_base_msgs__rosidl_generator_type_description
[1.795s] [  1%] Built target ament_cmake_python_copy_drive_base_msgs
[1.800s] [  3%] Built target drive_base_msgs__cpp
[1.801s] [ 25%] Built target drive_base_msgs__rosidl_generator_c
[1.871s] [ 34%] Built target drive_base_msgs__rosidl_typesupport_cpp
[1.880s] [ 43%] Built target drive_base_msgs__rosidl_typesupport_fastrtps_cpp
[1.893s] [ 53%] Built target drive_base_msgs__rosidl_typesupport_fastrtps_c
[1.922s] [ 62%] Built target drive_base_msgs__rosidl_typesupport_c
[1.933s] [ 71%] Built target drive_base_msgs__rosidl_typesupport_introspection_c
[1.939s] [ 81%] Built target drive_base_msgs__rosidl_typesupport_introspection_cpp
[1.961s] [ 81%] Built target drive_base_msgs
[1.982s] [ 82%] Built target drive_base_msgs__py
[2.012s] [ 90%] Built target drive_base_msgs__rosidl_generator_py
[2.076s] [ 93%] Built target drive_base_msgs_s__rosidl_typesupport_fastrtps_c
[2.081s] [ 96%] Built target drive_base_msgs_s__rosidl_typesupport_c
[2.083s] [100%] Built target drive_base_msgs_s__rosidl_typesupport_introspection_c
[2.107s] running egg_info
[2.127s] writing drive_base_msgs.egg-info/PKG-INFO
[2.127s] writing dependency_links to drive_base_msgs.egg-info/dependency_links.txt
[2.127s] writing top-level names to drive_base_msgs.egg-info/top_level.txt
[2.182s] reading manifest file 'drive_base_msgs.egg-info/SOURCES.txt'
[2.182s] writing manifest file 'drive_base_msgs.egg-info/SOURCES.txt'
[2.230s] [100%] Built target ament_cmake_python_build_drive_base_msgs_egg
[2.241s] Invoked command in '/home/mars/Documents/Lunabotics25-26/lunabot_ws/build/drive_base_msgs' returned '0': CMAKE_PREFIX_PATH=${CMAKE_PREFIX_PATH}:/opt/ros/jazzy DEBUGINFOD_URLS=https://debuginfod.ubuntu.com /usr/bin/cmake --build /home/mars/Documents/Lunabotics25-26/lunabot_ws/build/drive_base_msgs -- -j4 -l4
[2.242s] Invoking command in '/home/mars/Documents/Lunabotics25-26/lunabot_ws/build/drive_base_msgs': CMAKE_PREFIX_PATH=${CMAKE_PREFIX_PATH}:/opt/ros/jazzy DEBUGINFOD_URLS=https://debuginfod.ubuntu.com /usr/bin/cmake --install /home/mars/Documents/Lunabotics25-26/lunabot_ws/build/drive_base_msgs
[2.251s] -- Install configuration: ""
[2.251s] -- Up-to-date: /home/mars/Documents/Lunabotics25-26/lunabot_ws/install/drive_base_msgs/share/ament_index/resource_index/rosidl_interfaces/drive_base_msgs
[2.252s] -- Up-to-date: /home/mars/Documents/Lunabotics25-26/lunabot_ws/install/drive_base_msgs/share/drive_base_msgs/msg/CommandHeader.json
[2.254s] -- Up-to-date: /home/mars/Documents/Lunabotics25-26/lunabot_ws/install/drive_base_msgs/share/drive_base_msgs/msg/BaseInfo.json
[2.254s] -- Up-to-date: /home/mars/Documents/Lunabotics25-26/lunabot_ws/install/drive_base_msgs/share/drive_base_msgs/msg/CommandStatus.json
[2.254s] -- Up-to-date: /home/mars/Documents/Lunabotics25-26/lunabot_ws/install/drive_base_msgs/share/drive_base_msgs/msg/TRVCommand.json
[2.254s] -- Up-to-date: /home/mars/Documents/Lunabotics25-26/lunabot_ws/install/drive_base_msgs/include/drive_base_msgs/drive_base_msgs
[2.255s] -- Up-to-date: /home/mars/Documents/Lunabotics25-26/lunabot_ws/install/drive_base_msgs/include/drive_base_msgs/drive_base_msgs/msg
[2.255s] -- Up-to-date: /home/mars/Documents/Lunabotics25-26/lunabot_ws/install/drive_base_msgs/include/drive_base_msgs/drive_base_msgs/msg/trv_command.h
[2.255s] -- Up-to-date: /home/mars/Documents/Lunabotics25-26/lunabot_ws/install/drive_base_msgs/include/drive_base_msgs/drive_base_msgs/msg/base_info.h
[2.255s] -- Up-to-date: /home/mars/Documents/Lunabotics25-26/lunabot_ws/install/drive_base_msgs/include/drive_base_msgs/drive_base_msgs/msg/detail
[2.255s] -- Up-to-date: /home/mars/Documents/Lunabotics25-26/lunabot_ws/install/drive_base_msgs/include/drive_base_msgs/drive_base_msgs/msg/detail/trv_command__functions.c
[2.255s] -- Up-to-date: /home/mars/Documents/Lunabotics25-26/lunabot_ws/install/drive_base_msgs/include/drive_base_msgs/drive_base_msgs/msg/detail/base_info__description.c
[2.255s] -- Up-to-date: /home/mars/Documents/Lunabotics25-26/lunabot_ws/install/drive_base_msgs/include/drive_base_msgs/drive_base_msgs/msg/detail/base_info__struct.h
[2.255s] -- Up-to-date: /home/mars/Documents/Lunabotics25-26/lunabot_ws/install/drive_base_msgs/include/drive_base_msgs/drive_base_msgs/msg/detail/command_header__description.c
[2.255s] -- Up-to-date: /home/mars/Documents/Lunabotics25-26/lunabot_ws/install/drive_base_msgs/include/drive_base_msgs/drive_base_msgs/msg/detail/command_header__type_support.h
[2.255s] -- Up-to-date: /home/mars/Documents/Lunabotics25-26/lunabot_ws/install/drive_base_msgs/include/drive_base_msgs/drive_base_msgs/msg/detail/command_status__struct.h
[2.255s] -- Up-to-date: /home/mars/Documents/Lunabotics25-26/lunabot_ws/install/drive_base_msgs/include/drive_base_msgs/drive_base_msgs/msg/detail/command_status__functions.h
[2.255s] -- Up-to-date: /home/mars/Documents/Lunabotics25-26/lunabot_ws/install/drive_base_msgs/include/drive_base_msgs/drive_base_msgs/msg/detail/trv_command__struct.h
[2.255s] -- Up-to-date: /home/mars/Documents/Lunabotics25-26/lunabot_ws/install/drive_base_msgs/include/drive_base_msgs/drive_base_msgs/msg/detail/base_info__type_support.c
[2.256s] -- Up-to-date: /home/mars/Documents/Lunabotics25-26/lunabot_ws/install/drive_base_msgs/include/drive_base_msgs/drive_base_msgs/msg/detail/trv_command__type_support.h
[2.258s] -- Up-to-date: /home/mars/Documents/Lunabotics25-26/lunabot_ws/install/drive_base_msgs/include/drive_base_msgs/drive_base_msgs/msg/detail/base_info__type_support.h
[2.258s] -- Up-to-date: /home/mars/Documents/Lunabotics25-26/lunabot_ws/install/drive_base_msgs/include/drive_base_msgs/drive_base_msgs/msg/detail/command_status__description.c
[2.258s] -- Up-to-date: /home/mars/Documents/Lunabotics25-26/lunabot_ws/install/drive_base_msgs/include/drive_base_msgs/drive_base_msgs/msg/detail/trv_command__type_support.c
[2.258s] -- Up-to-date: /home/mars/Documents/Lunabotics25-26/lunabot_ws/install/drive_base_msgs/include/drive_base_msgs/drive_base_msgs/msg/detail/base_info__functions.c
[2.258s] -- Up-to-date: /home/mars/Documents/Lunabotics25-26/lunabot_ws/install/drive_base_msgs/include/drive_base_msgs/drive_base_msgs/msg/detail/trv_command__description.c
[2.258s] -- Up-to-date: /home/mars/Documents/Lunabotics25-26/lunabot_ws/install/drive_base_msgs/include/drive_base_msgs/drive_base_msgs/msg/detail/command_status__functions.c
[2.258s] -- Up-to-date: /home/mars/Documents/Lunabotics25-26/lunabot_ws/install/drive_base_msgs/include/drive_base_msgs/drive_base_msgs/msg/detail/command_header__functions.c
[2.258s] -- Up-to-date: /home/mars/Documents/Lunabotics25-26/lunabot_ws/install/drive_base_msgs/include/drive_base_msgs/drive_base_msgs/msg/detail/command_header__functions.h
[2.258s] -- Up-to-date: /home/mars/Documents/Lunabotics25-26/lunabot_ws/install/drive_base_msgs/include/drive_base_msgs/drive_base_msgs/msg/detail/trv_command__functions.h
[2.258s] -- Up-to-date: /home/mars/Documents/Lunabotics25-26/lunabot_ws/install/drive_base_msgs/include/drive_base_msgs/drive_base_msgs/msg/detail/command_header__type_support.c
[2.258s] -- Up-to-date: /home/mars/Documents/Lunabotics25-26/lunabot_ws/install/drive_base_msgs/include/drive_base_msgs/drive_base_msgs/msg/detail/base_info__functions.h
[2.259s] -- Up-to-date: /home/mars/Documents/Lunabotics25-26/lunabot_ws/install/drive_base_msgs/include/drive_base_msgs/drive_base_msgs/msg/detail/command_status__type_support.h
[2.259s] -- Up-to-date: /home/mars/Documents/Lunabotics25-26/lunabot_ws/install/drive_base_msgs/include/drive_base_msgs/drive_base_msgs/msg/detail/command_header__struct.h
[2.259s] -- Up-to-date: /home/mars/Documents/Lunabotics25-26/lunabot_ws/install/drive_base_msgs/include/drive_base_msgs/drive_base_msgs/msg/detail/command_status__type_support.c
[2.259s] -- Up-to-date: /home/mars/Documents/Lunabotics25-26/lunabot_ws/install/drive_base_msgs/include/drive_base_msgs/drive_base_msgs/msg/rosidl_generator_c__visibility_control.h
[2.259s] -- Up-to-date: /home/mars/Documents/Lunabotics25-26/lunabot_ws/install/drive_base_msgs/include/drive_base_msgs/drive_base_msgs/msg/command_header.h
[2.259s] -- Up-to-date: /home/mars/Documents/Lunabotics25-26/lunabot_ws/install/drive_base_msgs/include/drive_base_msgs/drive_base_msgs/msg/command_status.h
[2.259s] -- Up-to-date: /home/mars/Documents/Lunabotics25-26/lunabot_ws/install/drive_base_msgs/share/drive_base_msgs/environment/library_path.sh
[2.259s] -- Up-to-date: /home/mars/Documents/Lunabotics25-26/lunabot_ws/install/drive_base_msgs/share/drive_base_msgs/environment/library_path.dsv
[2.259s] -- Up-to-date: /home/mars/Documents/Lunabotics25-26/lunabot_ws/install/drive_base_msgs/lib/libdrive_base_msgs__rosidl_generator_c.so
[2.259s] -- Up-to-date: /home/mars/Documents/Lunabotics25-26/lunabot_ws/install/drive_base_msgs/include/drive_base_msgs/drive_base_msgs
[2.259s] -- Up-to-date: /home/mars/Documents/Lunabotics25-26/lunabot_ws/install/drive_base_msgs/include/drive_base_msgs/drive_base_msgs/msg
[2.259s] -- Up-to-date: /home/mars/Documents/Lunabotics25-26/lunabot_ws/install/drive_base_msgs/include/drive_base_msgs/drive_base_msgs/msg/detail
[2.259s] -- Up-to-date: /home/mars/Documents/Lunabotics25-26/lunabot_ws/install/drive_base_msgs/include/drive_base_msgs/drive_base_msgs/msg/detail/trv_command__rosidl_typesupport_fastrtps_c.h
[2.259s] -- Up-to-date: /home/mars/Documents/Lunabotics25-26/lunabot_ws/install/drive_base_msgs/include/drive_base_msgs/drive_base_msgs/msg/detail/command_header__rosidl_typesupport_fastrtps_c.h
[2.259s] -- Up-to-date: /home/mars/Documents/Lunabotics25-26/lunabot_ws/install/drive_base_msgs/include/drive_base_msgs/drive_base_msgs/msg/detail/command_status__rosidl_typesupport_fastrtps_c.h
[2.259s] -- Up-to-date: /home/mars/Documents/Lunabotics25-26/lunabot_ws/install/drive_base_msgs/include/drive_base_msgs/drive_base_msgs/msg/detail/base_info__rosidl_typesupport_fastrtps_c.h
[2.259s] -- Up-to-date: /home/mars/Documents/Lunabotics25-26/lunabot_ws/install/drive_base_msgs/include/drive_base_msgs/drive_base_msgs/msg/rosidl_typesupport_fastrtps_c__visibility_control.h
[2.259s] -- Up-to-date: /home/mars/Documents/Lunabotics25-26/lunabot_ws/install/drive_base_msgs/lib/libdrive_base_msgs__rosidl_typesupport_fastrtps_c.so
[2.260s] -- Up-to-date: /home/mars/Documents/Lunabotics25-26/lunabot_ws/install/drive_base_msgs/include/drive_base_msgs/drive_base_msgs
[2.260s] -- Up-to-date: /home/mars/Documents/Lunabotics25-26/lunabot_ws/install/drive_base_msgs/include/drive_base_msgs/drive_base_msgs/msg
[2.260s] -- Up-to-date: /home/mars/Documents/Lunabotics25-26/lunabot_ws/install/drive_base_msgs/include/drive_base_msgs/drive_base_msgs/msg/command_header.hpp
[2.260s] -- Up-to-date: /home/mars/Documents/Lunabotics25-26/lunabot_ws/install/drive_base_msgs/include/drive_base_msgs/drive_base_msgs/msg/base_info.hpp
[2.263s] -- Up-to-date: /home/mars/Documents/Lunabotics25-26/lunabot_ws/install/drive_base_msgs/include/drive_base_msgs/drive_base_msgs/msg/detail
[2.263s] -- Up-to-date: /home/mars/Documents/Lunabotics25-26/lunabot_ws/install/drive_base_msgs/include/drive_base_msgs/drive_base_msgs/msg/detail/command_header__traits.hpp
[2.263s] -- Up-to-date: /home/mars/Documents/Lunabotics25-26/lunabot_ws/install/drive_base_msgs/include/drive_base_msgs/drive_base_msgs/msg/detail/base_info__type_support.hpp
[2.263s] -- Up-to-date: /home/mars/Documents/Lunabotics25-26/lunabot_ws/install/drive_base_msgs/include/drive_base_msgs/drive_base_msgs/msg/detail/trv_command__struct.hpp
[2.263s] -- Up-to-date: /home/mars/Documents/Lunabotics25-26/lunabot_ws/install/drive_base_msgs/include/drive_base_msgs/drive_base_msgs/msg/detail/command_status__type_support.hpp
[2.263s] -- Up-to-date: /home/mars/Documents/Lunabotics25-26/lunabot_ws/install/drive_base_msgs/include/drive_base_msgs/drive_base_msgs/msg/detail/trv_command__traits.hpp
[2.263s] -- Up-to-date: /home/mars/Documents/Lunabotics25-26/lunabot_ws/install/drive_base_msgs/include/drive_base_msgs/drive_base_msgs/msg/detail/command_status__struct.hpp
[2.263s] -- Up-to-date: /home/mars/Documents/Lunabotics25-26/lunabot_ws/install/drive_base_msgs/include/drive_base_msgs/drive_base_msgs/msg/detail/command_header__builder.hpp
[2.264s] -- Up-to-date: /home/mars/Documents/Lunabotics25-26/lunabot_ws/install/drive_base_msgs/include/drive_base_msgs/drive_base_msgs/msg/detail/base_info__traits.hpp
[2.264s] -- Up-to-date: /home/mars/Documents/Lunabotics25-26/lunabot_ws/install/drive_base_msgs/include/drive_base_msgs/drive_base_msgs/msg/detail/base_info__struct.hpp
[2.264s] -- Up-to-date: /home/mars/Documents/Lunabotics25-26/lunabot_ws/install/drive_base_msgs/include/drive_base_msgs/drive_base_msgs/msg/detail/command_header__type_support.hpp
[2.264s] -- Up-to-date: /home/mars/Documents/Lunabotics25-26/lunabot_ws/install/drive_base_msgs/include/drive_base_msgs/drive_base_msgs/msg/detail/trv_command__type_support.hpp
[2.264s] -- Up-to-date: /home/mars/Documents/Lunabotics25-26/lunabot_ws/install/drive_base_msgs/include/drive_base_msgs/drive_base_msgs/msg/detail/command_status__builder.hpp
[2.264s] -- Up-to-date: /home/mars/Documents/Lunabotics25-26/lunabot_ws/install/drive_base_msgs/include/drive_base_msgs/drive_base_msgs/msg/detail/base_info__builder.hpp
[2.264s] -- Up-to-date: /home/mars/Documents/Lunabotics25-26/lunabot_ws/install/drive_base_msgs/include/drive_base_msgs/drive_base_msgs/msg/detail/trv_command__builder.hpp
[2.264s] -- Up-to-date: /home/mars/Documents/Lunabotics25-26/lunabot_ws/install/drive_base_msgs/include/drive_base_msgs/drive_base_msgs/msg/detail/command_header__struct.hpp
[2.264s] -- Up-to-date: /home/mars/Documents/Lunabotics25-26/lunabot_ws/install/drive_base_msgs/include/drive_base_msgs/drive_base_msgs/msg/detail/command_status__traits.hpp
[2.264s] -- Up-to-date: /home/mars/Documents/Lunabotics25-26/lunabot_ws/install/drive_base_msgs/include/drive_base_msgs/drive_base_msgs/msg/command_status.hpp
[2.264s] -- Up-to-date: /home/mars/Documents/Lunabotics25-26/lunabot_ws/install/drive_base_msgs/include/drive_base_msgs/drive_base_msgs/msg/rosidl_generator_cpp__visibility_control.hpp
[2.264s] -- Up-to-date: /home/mars/Documents/Lunabotics25-26/lunabot_ws/install/drive_base_msgs/include/drive_base_msgs/drive_base_msgs/msg/trv_command.hpp
[2.264s] -- Up-to-date: /home/mars/Documents/Lunabotics25-26/lunabot_ws/install/drive_base_msgs/include/drive_base_msgs/drive_base_msgs
[2.264s] -- Up-to-date: /home/mars/Documents/Lunabotics25-26/lunabot_ws/install/drive_base_msgs/include/drive_base_msgs/drive_base_msgs/msg
[2.264s] -- Up-to-date: /home/mars/Documents/Lunabotics25-26/lunabot_ws/install/drive_base_msgs/include/drive_base_msgs/drive_base_msgs/msg/rosidl_typesupport_fastrtps_cpp__visibility_control.h
[2.264s] -- Up-to-date: /home/mars/Documents/Lunabotics25-26/lunabot_ws/install/drive_base_msgs/include/drive_base_msgs/drive_base_msgs/msg/detail
[2.264s] -- Up-to-date: /home/mars/Documents/Lunabotics25-26/lunabot_ws/install/drive_base_msgs/include/drive_base_msgs/drive_base_msgs/msg/detail/trv_command__rosidl_typesupport_fastrtps_cpp.hpp
[2.264s] -- Up-to-date: /home/mars/Documents/Lunabotics25-26/lunabot_ws/install/drive_base_msgs/include/drive_base_msgs/drive_base_msgs/msg/detail/command_header__rosidl_typesupport_fastrtps_cpp.hpp
[2.265s] -- Up-to-date: /home/mars/Documents/Lunabotics25-26/lunabot_ws/install/drive_base_msgs/include/drive_base_msgs/drive_base_msgs/msg/detail/command_status__rosidl_typesupport_fastrtps_cpp.hpp
[2.265s] -- Up-to-date: /home/mars/Documents/Lunabotics25-26/lunabot_ws/install/drive_base_msgs/include/drive_base_msgs/drive_base_msgs/msg/detail/dds_fastrtps
[2.265s] -- Up-to-date: /home/mars/Documents/Lunabotics25-26/lunabot_ws/install/drive_base_msgs/include/drive_base_msgs/drive_base_msgs/msg/detail/base_info__rosidl_typesupport_fastrtps_cpp.hpp
[2.265s] -- Up-to-date: /home/mars/Documents/Lunabotics25-26/lunabot_ws/install/drive_base_msgs/lib/libdrive_base_msgs__rosidl_typesupport_fastrtps_cpp.so
[2.265s] -- Up-to-date: /home/mars/Documents/Lunabotics25-26/lunabot_ws/install/drive_base_msgs/include/drive_base_msgs/drive_base_msgs
[2.265s] -- Up-to-date: /home/mars/Documents/Lunabotics25-26/lunabot_ws/install/drive_base_msgs/include/drive_base_msgs/drive_base_msgs/msg
[2.265s] -- Up-to-date: /home/mars/Documents/Lunabotics25-26/lunabot_ws/install/drive_base_msgs/include/drive_base_msgs/drive_base_msgs/msg/rosidl_typesupport_introspection_c__visibility_control.h
[2.265s] -- Up-to-date: /home/mars/Documents/Lunabotics25-26/lunabot_ws/install/drive_base_msgs/include/drive_base_msgs/drive_base_msgs/msg/detail
[2.265s] -- Up-to-date: /home/mars/Documents/Lunabotics25-26/lunabot_ws/install/drive_base_msgs/include/drive_base_msgs/drive_base_msgs/msg/detail/base_info__rosidl_typesupport_introspection_c.h
[2.265s] -- Up-to-date: /home/mars/Documents/Lunabotics25-26/lunabot_ws/install/drive_base_msgs/include/drive_base_msgs/drive_base_msgs/msg/detail/base_info__type_support.c
[2.265s] -- Up-to-date: /home/mars/Documents/Lunabotics25-26/lunabot_ws/install/drive_base_msgs/include/drive_base_msgs/drive_base_msgs/msg/detail/trv_command__type_support.c
[2.265s] -- Up-to-date: /home/mars/Documents/Lunabotics25-26/lunabot_ws/install/drive_base_msgs/include/drive_base_msgs/drive_base_msgs/msg/detail/trv_command__rosidl_typesupport_introspection_c.h
[2.265s] -- Up-to-date: /home/mars/Documents/Lunabotics25-26/lunabot_ws/install/drive_base_msgs/include/drive_base_msgs/drive_base_msgs/msg/detail/command_status__rosidl_typesupport_introspection_c.h
[2.265s] -- Up-to-date: /home/mars/Documents/Lunabotics25-26/lunabot_ws/install/drive_base_msgs/include/drive_base_msgs/drive_base_msgs/msg/detail/command_header__type_support.c
[2.265s] -- Up-to-date: /home/mars/Documents/Lunabotics25-26/lunabot_ws/install/drive_base_msgs/include/drive_base_msgs/drive_base_msgs/msg/detail/command_header__rosidl_typesupport_introspection_c.h
[2.265s] -- Up-to-date: /home/mars/Documents/Lunabotics25-26/lunabot_ws/install/drive_base_msgs/include/drive_base_msgs/drive_base_msgs/msg/detail/command_status__type_support.c
[2.265s] -- Up-to-date: /home/mars/Documents/Lunabotics25-26/lunabot_ws/install/drive_base_msgs/lib/libdrive_base_msgs__rosidl_typesupport_introspection_c.so
[2.265s] -- Up-to-date: /home/mars/Documents/Lunabotics25-26/lunabot_ws/install/drive_base_msgs/lib/libdrive_base_msgs__rosidl_typesupport_c.so
[2.266s] -- Up-to-date: /home/mars/Documents/Lunabotics25-26/lunabot_ws/install/drive_base_msgs/include/drive_base_msgs/drive_base_msgs
[2.266s] -- Up-to-date: /home/mars/Documents/Lunabotics25-26/lunabot_ws/install/drive_base_msgs/include/drive_base_msgs/drive_base_msgs/msg
[2.266s] -- Up-to-date: /home/mars/Documents/Lunabotics25-26/lunabot_ws/install/drive_base_msgs/include/drive_base_msgs/drive_base_msgs/msg/detail
[2.266s] -- Up-to-date: /home/mars/Documents/Lunabotics25-26/lunabot_ws/install/drive_base_msgs/include/drive_base_msgs/drive_base_msgs/msg/detail/command_status__type_support.cpp
[2.268s] -- Up-to-date: /home/mars/Documents/Lunabotics25-26/lunabot_ws/install/drive_base_msgs/include/drive_base_msgs/drive_base_msgs/msg/detail/trv_command__rosidl_typesupport_introspection_cpp.hpp
[2.268s] -- Up-to-date: /home/mars/Documents/Lunabotics25-26/lunabot_ws/install/drive_base_msgs/include/drive_base_msgs/drive_base_msgs/msg/detail/command_header__rosidl_typesupport_introspection_cpp.hpp
[2.269s] -- Up-to-date: /home/mars/Documents/Lunabotics25-26/lunabot_ws/install/drive_base_msgs/include/drive_base_msgs/drive_base_msgs/msg/detail/trv_command__type_support.cpp
[2.269s] -- Up-to-date: /home/mars/Documents/Lunabotics25-26/lunabot_ws/install/drive_base_msgs/include/drive_base_msgs/drive_base_msgs/msg/detail/command_header__type_support.cpp
[2.270s] -- Up-to-date: /home/mars/Documents/Lunabotics25-26/lunabot_ws/install/drive_base_msgs/include/drive_base_msgs/drive_base_msgs/msg/detail/base_info__rosidl_typesupport_introspection_cpp.hpp
[2.270s] -- Up-to-date: /home/mars/Documents/Lunabotics25-26/lunabot_ws/install/drive_base_msgs/include/drive_base_msgs/drive_base_msgs/msg/detail/command_status__rosidl_typesupport_introspection_cpp.hpp
[2.270s] -- Up-to-date: /home/mars/Documents/Lunabotics25-26/lunabot_ws/install/drive_base_msgs/include/drive_base_msgs/drive_base_msgs/msg/detail/base_info__type_support.cpp
[2.270s] -- Up-to-date: /home/mars/Documents/Lunabotics25-26/lunabot_ws/install/drive_base_msgs/lib/libdrive_base_msgs__rosidl_typesupport_introspection_cpp.so
[2.270s] -- Up-to-date: /home/mars/Documents/Lunabotics25-26/lunabot_ws/install/drive_base_msgs/lib/libdrive_base_msgs__rosidl_typesupport_cpp.so
[2.270s] -- Up-to-date: /home/mars/Documents/Lunabotics25-26/lunabot_ws/install/drive_base_msgs/share/drive_base_msgs/environment/pythonpath.sh
[2.270s] -- Up-to-date: /home/mars/Documents/Lunabotics25-26/lunabot_ws/install/drive_base_msgs/share/drive_base_msgs/environment/pythonpath.dsv
[2.270s] -- Up-to-date: /home/mars/Documents/Lunabotics25-26/lunabot_ws/install/drive_base_msgs/lib/python3.12/site-packages/drive_base_msgs-0.0.0-py3.12.egg-info
[2.270s] -- Installing: /home/mars/Documents/Lunabotics25-26/lunabot_ws/install/drive_base_msgs/lib/python3.12/site-packages/drive_base_msgs-0.0.0-py3.12.egg-info/SOURCES.txt
[2.270s] -- Installing: /home/mars/Documents/Lunabotics25-26/lunabot_ws/install/drive_base_msgs/lib/python3.12/site-packages/drive_base_msgs-0.0.0-py3.12.egg-info/dependency_links.txt
[2.270s] -- Installing: /home/mars/Documents/Lunabotics25-26/lunabot_ws/install/drive_base_msgs/lib/python3.12/site-packages/drive_base_msgs-0.0.0-py3.12.egg-info/PKG-INFO
[2.270s] -- Installing: /home/mars/Documents/Lunabotics25-26/lunabot_ws/install/drive_base_msgs/lib/python3.12/site-packages/drive_base_msgs-0.0.0-py3.12.egg-info/top_level.txt
[2.270s] -- Up-to-date: /home/mars/Documents/Lunabotics25-26/lunabot_ws/install/drive_base_msgs/lib/python3.12/site-packages/drive_base_msgs
[2.271s] -- Up-to-date: /home/mars/Documents/Lunabotics25-26/lunabot_ws/install/drive_base_msgs/lib/python3.12/site-packages/drive_base_msgs/_drive_base_msgs_s.ep.rosidl_typesupport_fastrtps_c.c
[2.271s] -- Up-to-date: /home/mars/Documents/Lunabotics25-26/lunabot_ws/install/drive_base_msgs/lib/python3.12/site-packages/drive_base_msgs/drive_base_msgs_s__rosidl_typesupport_fastrtps_c.so
[2.271s] -- Up-to-date: /home/mars/Documents/Lunabotics25-26/lunabot_ws/install/drive_base_msgs/lib/python3.12/site-packages/drive_base_msgs/_drive_base_msgs_s.ep.rosidl_typesupport_introspection_c.c
[2.271s] -- Up-to-date: /home/mars/Documents/Lunabotics25-26/lunabot_ws/install/drive_base_msgs/lib/python3.12/site-packages/drive_base_msgs/drive_base_msgs_s__rosidl_typesupport_c.so
[2.271s] -- Up-to-date: /home/mars/Documents/Lunabotics25-26/lunabot_ws/install/drive_base_msgs/lib/python3.12/site-packages/drive_base_msgs/msg
[2.271s] -- Up-to-date: /home/mars/Documents/Lunabotics25-26/lunabot_ws/install/drive_base_msgs/lib/python3.12/site-packages/drive_base_msgs/msg/_base_info_s.c
[2.271s] -- Up-to-date: /home/mars/Documents/Lunabotics25-26/lunabot_ws/install/drive_base_msgs/lib/python3.12/site-packages/drive_base_msgs/msg/_base_info.py
[2.271s] -- Up-to-date: /home/mars/Documents/Lunabotics25-26/lunabot_ws/install/drive_base_msgs/lib/python3.12/site-packages/drive_base_msgs/msg/_command_header_s.c
[2.271s] -- Up-to-date: /home/mars/Documents/Lunabotics25-26/lunabot_ws/install/drive_base_msgs/lib/python3.12/site-packages/drive_base_msgs/msg/_command_status.py
[2.271s] -- Up-to-date: /home/mars/Documents/Lunabotics25-26/lunabot_ws/install/drive_base_msgs/lib/python3.12/site-packages/drive_base_msgs/msg/_command_status_s.c
[2.271s] -- Up-to-date: /home/mars/Documents/Lunabotics25-26/lunabot_ws/install/drive_base_msgs/lib/python3.12/site-packages/drive_base_msgs/msg/_command_header.py
[2.271s] -- Up-to-date: /home/mars/Documents/Lunabotics25-26/lunabot_ws/install/drive_base_msgs/lib/python3.12/site-packages/drive_base_msgs/msg/_trv_command_s.c
[2.271s] -- Up-to-date: /home/mars/Documents/Lunabotics25-26/lunabot_ws/install/drive_base_msgs/lib/python3.12/site-packages/drive_base_msgs/msg/__init__.py
[2.271s] -- Up-to-date: /home/mars/Documents/Lunabotics25-26/lunabot_ws/install/drive_base_msgs/lib/python3.12/site-packages/drive_base_msgs/msg/_trv_command.py
[2.271s] -- Installing: /home/mars/Documents/Lunabotics25-26/lunabot_ws/install/drive_base_msgs/lib/python3.12/site-packages/drive_base_msgs/__init__.py
[2.271s] -- Up-to-date: /home/mars/Documents/Lunabotics25-26/lunabot_ws/install/drive_base_msgs/lib/python3.12/site-packages/drive_base_msgs/_drive_base_msgs_s.ep.rosidl_typesupport_c.c
[2.271s] -- Up-to-date: /home/mars/Documents/Lunabotics25-26/lunabot_ws/install/drive_base_msgs/lib/python3.12/site-packages/drive_base_msgs/drive_base_msgs_s__rosidl_typesupport_introspection_c.so
[2.304s] Listing '/home/mars/Documents/Lunabotics25-26/lunabot_ws/install/drive_base_msgs/lib/python3.12/site-packages/drive_base_msgs'...
[2.304s] Compiling '/home/mars/Documents/Lunabotics25-26/lunabot_ws/install/drive_base_msgs/lib/python3.12/site-packages/drive_base_msgs/__init__.py'...
[2.304s] Listing '/home/mars/Documents/Lunabotics25-26/lunabot_ws/install/drive_base_msgs/lib/python3.12/site-packages/drive_base_msgs/msg'...
[2.304s] Compiling '/home/mars/Documents/Lunabotics25-26/lunabot_ws/install/drive_base_msgs/lib/python3.12/site-packages/drive_base_msgs/msg/__init__.py'...
[2.304s] Compiling '/home/mars/Documents/Lunabotics25-26/lunabot_ws/install/drive_base_msgs/lib/python3.12/site-packages/drive_base_msgs/msg/_base_info.py'...
[2.304s] Compiling '/home/mars/Documents/Lunabotics25-26/lunabot_ws/install/drive_base_msgs/lib/python3.12/site-packages/drive_base_msgs/msg/_command_header.py'...
[2.304s] Compiling '/home/mars/Documents/Lunabotics25-26/lunabot_ws/install/drive_base_msgs/lib/python3.12/site-packages/drive_base_msgs/msg/_command_status.py'...
[2.304s] Compiling '/home/mars/Documents/Lunabotics25-26/lunabot_ws/install/drive_base_msgs/lib/python3.12/site-packages/drive_base_msgs/msg/_trv_command.py'...
[2.313s] -- Up-to-date: /home/mars/Documents/Lunabotics25-26/lunabot_ws/install/drive_base_msgs/lib/python3.12/site-packages/drive_base_msgs/drive_base_msgs_s__rosidl_typesupport_fastrtps_c.so
[2.316s] -- Up-to-date: /home/mars/Documents/Lunabotics25-26/lunabot_ws/install/drive_base_msgs/lib/python3.12/site-packages/drive_base_msgs/drive_base_msgs_s__rosidl_typesupport_introspection_c.so
[2.316s] -- Up-to-date: /home/mars/Documents/Lunabotics25-26/lunabot_ws/install/drive_base_msgs/lib/python3.12/site-packages/drive_base_msgs/drive_base_msgs_s__rosidl_typesupport_c.so
[2.316s] -- Up-to-date: /home/mars/Documents/Lunabotics25-26/lunabot_ws/install/drive_base_msgs/lib/libdrive_base_msgs__rosidl_generator_py.so
[2.316s] -- Up-to-date: /home/mars/Documents/Lunabotics25-26/lunabot_ws/install/drive_base_msgs/share/drive_base_msgs/msg/CommandHeader.idl
[2.316s] -- Up-to-date: /home/mars/Documents/Lunabotics25-26/lunabot_ws/install/drive_base_msgs/share/drive_base_msgs/msg/BaseInfo.idl
[2.316s] -- Up-to-date: /home/mars/Documents/Lunabotics25-26/lunabot_ws/install/drive_base_msgs/share/drive_base_msgs/msg/CommandStatus.idl
[2.316s] -- Up-to-date: /home/mars/Documents/Lunabotics25-26/lunabot_ws/install/drive_base_msgs/share/drive_base_msgs/msg/TRVCommand.idl
[2.316s] -- Up-to-date: /home/mars/Documents/Lunabotics25-26/lunabot_ws/install/drive_base_msgs/share/drive_base_msgs/msg/CommandHeader.msg
[2.316s] -- Up-to-date: /home/mars/Documents/Lunabotics25-26/lunabot_ws/install/drive_base_msgs/share/drive_base_msgs/msg/BaseInfo.msg
[2.317s] -- Up-to-date: /home/mars/Documents/Lunabotics25-26/lunabot_ws/install/drive_base_msgs/share/drive_base_msgs/msg/CommandStatus.msg
[2.317s] -- Up-to-date: /home/mars/Documents/Lunabotics25-26/lunabot_ws/install/drive_base_msgs/share/drive_base_msgs/msg/TRVCommand.msg
[2.317s] -- Up-to-date: /home/mars/Documents/Lunabotics25-26/lunabot_ws/install/drive_base_msgs/share/ament_index/resource_index/package_run_dependencies/drive_base_msgs
[2.317s] -- Installing: /home/mars/Documents/Lunabotics25-26/lunabot_ws/install/drive_base_msgs/share/ament_index/resource_index/parent_prefix_path/drive_base_msgs
[2.317s] -- Up-to-date: /home/mars/Documents/Lunabotics25-26/lunabot_ws/install/drive_base_msgs/share/drive_base_msgs/environment/ament_prefix_path.sh
[2.317s] -- Up-to-date: /home/mars/Documents/Lunabotics25-26/lunabot_ws/install/drive_base_msgs/share/drive_base_msgs/environment/ament_prefix_path.dsv
[2.317s] -- Up-to-date: /home/mars/Documents/Lunabotics25-26/lunabot_ws/install/drive_base_msgs/share/drive_base_msgs/environment/path.sh
[2.317s] -- Up-to-date: /home/mars/Documents/Lunabotics25-26/lunabot_ws/install/drive_base_msgs/share/drive_base_msgs/environment/path.dsv
[2.317s] -- Up-to-date: /home/mars/Documents/Lunabotics25-26/lunabot_ws/install/drive_base_msgs/share/drive_base_msgs/local_setup.bash
[2.317s] -- Up-to-date: /home/mars/Documents/Lunabotics25-26/lunabot_ws/install/drive_base_msgs/share/drive_base_msgs/local_setup.sh
[2.317s] -- Up-to-date: /home/mars/Documents/Lunabotics25-26/lunabot_ws/install/drive_base_msgs/share/drive_base_msgs/local_setup.zsh
[2.317s] -- Up-to-date: /home/mars/Documents/Lunabotics25-26/lunabot_ws/install/drive_base_msgs/share/drive_base_msgs/local_setup.dsv
[2.317s] -- Installing: /home/mars/Documents/Lunabotics25-26/lunabot_ws/install/drive_base_msgs/share/drive_base_msgs/package.dsv
[2.317s] -- Up-to-date: /home/mars/Documents/Lunabotics25-26/lunabot_ws/install/drive_base_msgs/share/ament_index/resource_index/packages/drive_base_msgs
[2.317s] -- Up-to-date: /home/mars/Documents/Lunabotics25-26/lunabot_ws/install/drive_base_msgs/share/drive_base_msgs/cmake/export_drive_base_msgs__rosidl_generator_cExport.cmake
[2.321s] -- Up-to-date: /home/mars/Documents/Lunabotics25-26/lunabot_ws/install/drive_base_msgs/share/drive_base_msgs/cmake/export_drive_base_msgs__rosidl_generator_cExport-noconfig.cmake
[2.325s] -- Up-to-date: /home/mars/Documents/Lunabotics25-26/lunabot_ws/install/drive_base_msgs/share/drive_base_msgs/cmake/export_drive_base_msgs__rosidl_typesupport_fastrtps_cExport.cmake
[2.328s] -- Up-to-date: /home/mars/Documents/Lunabotics25-26/lunabot_ws/install/drive_base_msgs/share/drive_base_msgs/cmake/export_drive_base_msgs__rosidl_typesupport_fastrtps_cExport-noconfig.cmake
[2.329s] -- Up-to-date: /home/mars/Documents/Lunabotics25-26/lunabot_ws/install/drive_base_msgs/share/drive_base_msgs/cmake/export_drive_base_msgs__rosidl_generator_cppExport.cmake
[2.332s] -- Up-to-date: /home/mars/Documents/Lunabotics25-26/lunabot_ws/install/drive_base_msgs/share/drive_base_msgs/cmake/export_drive_base_msgs__rosidl_typesupport_fastrtps_cppExport.cmake
[2.332s] -- Up-to-date: /home/mars/Documents/Lunabotics25-26/lunabot_ws/install/drive_base_msgs/share/drive_base_msgs/cmake/export_drive_base_msgs__rosidl_typesupport_fastrtps_cppExport-noconfig.cmake
[2.332s] -- Up-to-date: /home/mars/Documents/Lunabotics25-26/lunabot_ws/install/drive_base_msgs/share/drive_base_msgs/cmake/drive_base_msgs__rosidl_typesupport_introspection_cExport.cmake
[2.332s] -- Up-to-date: /home/mars/Documents/Lunabotics25-26/lunabot_ws/install/drive_base_msgs/share/drive_base_msgs/cmake/drive_base_msgs__rosidl_typesupport_introspection_cExport-noconfig.cmake
[2.332s] -- Up-to-date: /home/mars/Documents/Lunabotics25-26/lunabot_ws/install/drive_base_msgs/share/drive_base_msgs/cmake/drive_base_msgs__rosidl_typesupport_cExport.cmake
[2.332s] -- Up-to-date: /home/mars/Documents/Lunabotics25-26/lunabot_ws/install/drive_base_msgs/share/drive_base_msgs/cmake/drive_base_msgs__rosidl_typesupport_cExport-noconfig.cmake
[2.332s] -- Up-to-date: /home/mars/Documents/Lunabotics25-26/lunabot_ws/install/drive_base_msgs/share/drive_base_msgs/cmake/drive_base_msgs__rosidl_typesupport_introspection_cppExport.cmake
[2.332s] -- Up-to-date: /home/mars/Documents/Lunabotics25-26/lunabot_ws/install/drive_base_msgs/share/drive_base_msgs/cmake/drive_base_msgs__rosidl_typesupport_introspection_cppExport-noconfig.cmake
[2.332s] -- Up-to-date: /home/mars/Documents/Lunabotics25-26/lunabot_ws/install/drive_base_msgs/share/drive_base_msgs/cmake/drive_base_msgs__rosidl_typesupport_cppExport.cmake
[2.332s] -- Up-to-date: /home/mars/Documents/Lunabotics25-26/lunabot_ws/install/drive_base_msgs/share/drive_base_msgs/cmake/drive_base_msgs__rosidl_typesupport_cppExport-noconfig.cmake
[2.332s] -- Up-to-date: /home/mars/Documents/Lunabotics25-26/lunabot_ws/install/drive_base_msgs/share/drive_base_msgs/cmake/export_drive_base_msgs__rosidl_generator_pyExport.cmake
[2.332s] -- Up-to-date: /home/mars/Documents/Lunabotics25-26/lunabot_ws/install/drive_base_msgs/share/drive_base_msgs/cmake/export_drive_base_msgs__rosidl_generator_pyExport-noconfig.cmake
[2.333s] -- Up-to-date: /home/mars/Documents/Lunabotics25-26/lunabot_ws/install/drive_base_msgs/share/drive_base_msgs/cmake/rosidl_cmake-extras.cmake
[2.333s] -- Up-to-date: /home/mars/Documents/Lunabotics25-26/lunabot_ws/install/drive_base_msgs/share/drive_base_msgs/cmake/ament_cmake_export_dependencies-extras.cmake
[2.333s] -- Up-to-date: /home/mars/Documents/Lunabotics25-26/lunabot_ws/install/drive_base_msgs/share/drive_base_msgs/cmake/ament_cmake_export_include_directories-extras.cmake
[2.333s] -- Up-to-date: /home/mars/Documents/Lunabotics25-26/lunabot_ws/install/drive_base_msgs/share/drive_base_msgs/cmake/ament_cmake_export_libraries-extras.cmake
[2.333s] -- Up-to-date: /home/mars/Documents/Lunabotics25-26/lunabot_ws/install/drive_base_msgs/share/drive_base_msgs/cmake/ament_cmake_export_targets-extras.cmake
[2.333s] -- Up-to-date: /home/mars/Documents/Lunabotics25-26/lunabot_ws/install/drive_base_msgs/share/drive_base_msgs/cmake/rosidl_cmake_export_typesupport_targets-extras.cmake
[2.333s] -- Up-to-date: /home/mars/Documents/Lunabotics25-26/lunabot_ws/install/drive_base_msgs/share/drive_base_msgs/cmake/rosidl_cmake_export_typesupport_libraries-extras.cmake
[2.333s] -- Up-to-date: /home/mars/Documents/Lunabotics25-26/lunabot_ws/install/drive_base_msgs/share/drive_base_msgs/cmake/drive_base_msgsConfig.cmake
[2.333s] -- Up-to-date: /home/mars/Documents/Lunabotics25-26/lunabot_ws/install/drive_base_msgs/share/drive_base_msgs/cmake/drive_base_msgsConfig-version.cmake
[2.333s] -- Up-to-date: /home/mars/Documents/Lunabotics25-26/lunabot_ws/install/drive_base_msgs/share/drive_base_msgs/package.xml
[2.333s] Invoked command in '/home/mars/Documents/Lunabotics25-26/lunabot_ws/build/drive_base_msgs' returned '0': CMAKE_PREFIX_PATH=${CMAKE_PREFIX_PATH}:/opt/ros/jazzy DEBUGINFOD_URLS=https://debuginfod.ubuntu.com /usr/bin/cmake --install /home/mars/Documents/Lunabotics25-26/lunabot_ws/build/drive_base_msgs
