[0.017s] Invoking command in '/home/mars/Documents/Lunabotics25-26/lunabot_ws/build/lunabot_teleop': CMAKE_PREFIX_PATH=${CMAKE_PREFIX_PATH}:/opt/ros/jazzy DEBUGINFOD_URLS=https://debuginfod.ubuntu.com /usr/bin/cmake --build /home/mars/Documents/Lunabotics25-26/lunabot_ws/build/lunabot_teleop -- -j4 -l4
[0.086s] [100%] Built target joy_to_cmd_vel
[0.120s] Invoked command in '/home/mars/Documents/Lunabotics25-26/lunabot_ws/build/lunabot_teleop' returned '0': CMAKE_PREFIX_PATH=${CMAKE_PREFIX_PATH}:/opt/ros/jazzy DEBUGINFOD_URLS=https://debuginfod.ubuntu.com /usr/bin/cmake --build /home/mars/Documents/Lunabotics25-26/lunabot_ws/build/lunabot_teleop -- -j4 -l4
[0.121s] Invoking command in '/home/mars/Documents/Lunabotics25-26/lunabot_ws/build/lunabot_teleop': CMAKE_PREFIX_PATH=${CMAKE_PREFIX_PATH}:/opt/ros/jazzy DEBUGINFOD_URLS=https://debuginfod.ubuntu.com /usr/bin/cmake --install /home/mars/Documents/Lunabotics25-26/lunabot_ws/build/lunabot_teleop
[0.127s] -- Install configuration: ""
[0.128s] -- Up-to-date: /home/mars/Documents/Lunabotics25-26/lunabot_ws/install/lunabot_teleop/lib/lunabot_teleop/joy_to_cmd_vel
[0.128s] -- Up-to-date: /home/mars/Documents/Lunabotics25-26/lunabot_ws/install/lunabot_teleop/share/ament_index/resource_index/package_run_dependencies/lunabot_teleop
[0.128s] -- Up-to-date: /home/mars/Documents/Lunabotics25-26/lunabot_ws/install/lunabot_teleop/share/ament_index/resource_index/parent_prefix_path/lunabot_teleop
[0.128s] -- Up-to-date: /home/mars/Documents/Lunabotics25-26/lunabot_ws/install/lunabot_teleop/share/lunabot_teleop/environment/ament_prefix_path.sh
[0.128s] -- Up-to-date: /home/mars/Documents/Lunabotics25-26/lunabot_ws/install/lunabot_teleop/share/lunabot_teleop/environment/ament_prefix_path.dsv
[0.128s] -- Up-to-date: /home/mars/Documents/Lunabotics25-26/lunabot_ws/install/lunabot_teleop/share/lunabot_teleop/environment/path.sh
[0.128s] -- Up-to-date: /home/mars/Documents/Lunabotics25-26/lunabot_ws/install/lunabot_teleop/share/lunabot_teleop/environment/path.dsv
[0.128s] -- Up-to-date: /home/mars/Documents/Lunabotics25-26/lunabot_ws/install/lunabot_teleop/share/lunabot_teleop/local_setup.bash
[0.128s] -- Up-to-date: /home/mars/Documents/Lunabotics25-26/lunabot_ws/install/lunabot_teleop/share/lunabot_teleop/local_setup.sh
[0.128s] -- Up-to-date: /home/mars/Documents/Lunabotics25-26/lunabot_ws/install/lunabot_teleop/share/lunabot_teleop/local_setup.zsh
[0.128s] -- Up-to-date: /home/mars/Documents/Lunabotics25-26/lunabot_ws/install/lunabot_teleop/share/lunabot_teleop/local_setup.dsv
[0.128s] -- Installing: /home/mars/Documents/Lunabotics25-26/lunabot_ws/install/lunabot_teleop/share/lunabot_teleop/package.dsv
[0.128s] -- Up-to-date: /home/mars/Documents/Lunabotics25-26/lunabot_ws/install/lunabot_teleop/share/ament_index/resource_index/packages/lunabot_teleop
[0.129s] -- Up-to-date: /home/mars/Documents/Lunabotics25-26/lunabot_ws/install/lunabot_teleop/share/lunabot_teleop/cmake/lunabot_teleopConfig.cmake
[0.129s] -- Up-to-date: /home/mars/Documents/Lunabotics25-26/lunabot_ws/install/lunabot_teleop/share/lunabot_teleop/cmake/lunabot_teleopConfig-version.cmake
[0.129s] -- Up-to-date: /home/mars/Documents/Lunabotics25-26/lunabot_ws/install/lunabot_teleop/share/lunabot_teleop/package.xml
[0.130s] Invoked command in '/home/mars/Documents/Lunabotics25-26/lunabot_ws/build/lunabot_teleop' returned '0': CMAKE_PREFIX_PATH=${CMAKE_PREFIX_PATH}:/opt/ros/jazzy DEBUGINFOD_URLS=https://debuginfod.ubuntu.com /usr/bin/cmake --install /home/mars/Documents/Lunabotics25-26/lunabot_ws/build/lunabot_teleop
