[0.016s] Invoking command in '/home/sam/Desktop/Lunabotics25-26/lunabot_ws/build/lunabot_teleop': CMAKE_PREFIX_PATH=${CMAKE_PREFIX_PATH}:/opt/ros/jazzy DEBUGINFOD_URLS=https://debuginfod.ubuntu.com /usr/bin/cmake --build /home/sam/Desktop/Lunabotics25-26/lunabot_ws/build/lunabot_teleop -- -j6 -l6
[0.054s] Invoked command in '/home/sam/Desktop/Lunabotics25-26/lunabot_ws/build/lunabot_teleop' returned '0': CMAKE_PREFIX_PATH=${CMAKE_PREFIX_PATH}:/opt/ros/jazzy DEBUGINFOD_URLS=https://debuginfod.ubuntu.com /usr/bin/cmake --build /home/sam/Desktop/Lunabotics25-26/lunabot_ws/build/lunabot_teleop -- -j6 -l6
[0.064s] Invoking command in '/home/sam/Desktop/Lunabotics25-26/lunabot_ws/build/lunabot_teleop': CMAKE_PREFIX_PATH=${CMAKE_PREFIX_PATH}:/opt/ros/jazzy DEBUGINFOD_URLS=https://debuginfod.ubuntu.com /usr/bin/cmake --install /home/sam/Desktop/Lunabotics25-26/lunabot_ws/build/lunabot_teleop
[0.072s] -- Install configuration: ""
[0.072s] -- Up-to-date: /home/sam/Desktop/Lunabotics25-26/lunabot_ws/install/lunabot_teleop/share/ament_index/resource_index/package_run_dependencies/lunabot_teleop
[0.072s] -- Up-to-date: /home/sam/Desktop/Lunabotics25-26/lunabot_ws/install/lunabot_teleop/share/ament_index/resource_index/parent_prefix_path/lunabot_teleop
[0.072s] -- Up-to-date: /home/sam/Desktop/Lunabotics25-26/lunabot_ws/install/lunabot_teleop/share/lunabot_teleop/environment/ament_prefix_path.sh
[0.072s] -- Up-to-date: /home/sam/Desktop/Lunabotics25-26/lunabot_ws/install/lunabot_teleop/share/lunabot_teleop/environment/ament_prefix_path.dsv
[0.072s] -- Up-to-date: /home/sam/Desktop/Lunabotics25-26/lunabot_ws/install/lunabot_teleop/share/lunabot_teleop/environment/path.sh
[0.072s] -- Up-to-date: /home/sam/Desktop/Lunabotics25-26/lunabot_ws/install/lunabot_teleop/share/lunabot_teleop/environment/path.dsv
[0.072s] -- Up-to-date: /home/sam/Desktop/Lunabotics25-26/lunabot_ws/install/lunabot_teleop/share/lunabot_teleop/local_setup.bash
[0.072s] -- Up-to-date: /home/sam/Desktop/Lunabotics25-26/lunabot_ws/install/lunabot_teleop/share/lunabot_teleop/local_setup.sh
[0.073s] -- Up-to-date: /home/sam/Desktop/Lunabotics25-26/lunabot_ws/install/lunabot_teleop/share/lunabot_teleop/local_setup.zsh
[0.073s] -- Up-to-date: /home/sam/Desktop/Lunabotics25-26/lunabot_ws/install/lunabot_teleop/share/lunabot_teleop/local_setup.dsv
[0.073s] -- Up-to-date: /home/sam/Desktop/Lunabotics25-26/lunabot_ws/install/lunabot_teleop/share/lunabot_teleop/package.dsv
[0.073s] -- Up-to-date: /home/sam/Desktop/Lunabotics25-26/lunabot_ws/install/lunabot_teleop/share/ament_index/resource_index/packages/lunabot_teleop
[0.073s] -- Up-to-date: /home/sam/Desktop/Lunabotics25-26/lunabot_ws/install/lunabot_teleop/share/lunabot_teleop/cmake/lunabot_teleopConfig.cmake
[0.073s] -- Up-to-date: /home/sam/Desktop/Lunabotics25-26/lunabot_ws/install/lunabot_teleop/share/lunabot_teleop/cmake/lunabot_teleopConfig-version.cmake
[0.073s] -- Up-to-date: /home/sam/Desktop/Lunabotics25-26/lunabot_ws/install/lunabot_teleop/share/lunabot_teleop/package.xml
[0.074s] Invoked command in '/home/sam/Desktop/Lunabotics25-26/lunabot_ws/build/lunabot_teleop' returned '0': CMAKE_PREFIX_PATH=${CMAKE_PREFIX_PATH}:/opt/ros/jazzy DEBUGINFOD_URLS=https://debuginfod.ubuntu.com /usr/bin/cmake --install /home/sam/Desktop/Lunabotics25-26/lunabot_ws/build/lunabot_teleop
