[0.017s] Invoking command in '/home/mars/Documents/Lunabotics25-26/lunabot_ws/build/drive_base_msgs': CMAKE_PREFIX_PATH=${CMAKE_PREFIX_PATH}:/opt/ros/jazzy DEBUGINFOD_URLS=https://debuginfod.ubuntu.com /usr/bin/cmake --build /home/mars/Documents/Lunabotics25-26/lunabot_ws/build/drive_base_msgs -- -j4 -l4
[0.085s] [  1%] Built target drive_base_msgs__rosidl_generator_type_description
[0.117s] [  1%] Built target ament_cmake_python_copy_drive_base_msgs
[0.130s] [  3%] Built target drive_base_msgs__cpp
[0.159s] [ 25%] Built target drive_base_msgs__rosidl_generator_c
[0.235s] [ 34%] Built target drive_base_msgs__rosidl_typesupport_fastrtps_c
[0.242s] [ 43%] Built target drive_base_msgs__rosidl_typesupport_cpp
[0.245s] [ 53%] Built target drive_base_msgs__rosidl_typesupport_fastrtps_cpp
[0.295s] [ 62%] Built target drive_base_msgs__rosidl_typesupport_introspection_c
[0.316s] [ 71%] Built target drive_base_msgs__rosidl_typesupport_c
[0.316s] [ 81%] Built target drive_base_msgs__rosidl_typesupport_introspection_cpp
[0.352s] [ 81%] Built target drive_base_msgs
[0.400s] [ 82%] Built target drive_base_msgs__py
[0.464s] [ 90%] Built target drive_base_msgs__rosidl_generator_py
[0.526s] [ 93%] Built target drive_base_msgs_s__rosidl_typesupport_introspection_c
[0.545s] [ 96%] Built target drive_base_msgs_s__rosidl_typesupport_c
[0.551s] [100%] Built target drive_base_msgs_s__rosidl_typesupport_fastrtps_c
[0.616s] running egg_info
[0.639s] writing drive_base_msgs.egg-info/PKG-INFO
[0.639s] writing dependency_links to drive_base_msgs.egg-info/dependency_links.txt
[0.640s] writing top-level names to drive_base_msgs.egg-info/top_level.txt
[0.707s] reading manifest file 'drive_base_msgs.egg-info/SOURCES.txt'
[0.707s] writing manifest file 'drive_base_msgs.egg-info/SOURCES.txt'
[0.758s] [100%] Built target ament_cmake_python_build_drive_base_msgs_egg
[0.766s] Invoked command in '/home/mars/Documents/Lunabotics25-26/lunabot_ws/build/drive_base_msgs' returned '0': CMAKE_PREFIX_PATH=${CMAKE_PREFIX_PATH}:/opt/ros/jazzy DEBUGINFOD_URLS=https://debuginfod.ubuntu.com /usr/bin/cmake --build /home/mars/Documents/Lunabotics25-26/lunabot_ws/build/drive_base_msgs -- -j4 -l4
[0.766s] Invoking command in '/home/mars/Documents/Lunabotics25-26/lunabot_ws/build/drive_base_msgs': CMAKE_PREFIX_PATH=${CMAKE_PREFIX_PATH}:/opt/ros/jazzy DEBUGINFOD_URLS=https://debuginfod.ubuntu.com /usr/bin/cmake --install /home/mars/Documents/Lunabotics25-26/lunabot_ws/build/drive_base_msgs
[0.774s] -- Install configuration: ""
[0.774s] -- Up-to-date: /home/mars/Documents/Lunabotics25-26/lunabot_ws/install/drive_base_msgs/share/ament_index/resource_index/rosidl_interfaces/drive_base_msgs
[0.774s] -- Up-to-date: /home/mars/Documents/Lunabotics25-26/lunabot_ws/install/drive_base_msgs/share/drive_base_msgs/msg/CommandHeader.json
[0.774s] -- Up-to-date: /home/mars/Documents/Lunabotics25-26/lunabot_ws/install/drive_base_msgs/share/drive_base_msgs/msg/BaseInfo.json
[0.774s] -- Up-to-date: /home/mars/Documents/Lunabotics25-26/lunabot_ws/install/drive_base_msgs/share/drive_base_msgs/msg/CommandStatus.json
[0.774s] -- Up-to-date: /home/mars/Documents/Lunabotics25-26/lunabot_ws/install/drive_base_msgs/share/drive_base_msgs/msg/TRVCommand.json
[0.774s] -- Up-to-date: /home/mars/Documents/Lunabotics25-26/lunabot_ws/install/drive_base_msgs/include/drive_base_msgs/drive_base_msgs
[0.774s] -- Up-to-date: /home/mars/Documents/Lunabotics25-26/lunabot_ws/install/drive_base_msgs/include/drive_base_msgs/drive_base_msgs/msg
[0.774s] -- Up-to-date: /home/mars/Documents/Lunabotics25-26/lunabot_ws/install/drive_base_msgs/include/drive_base_msgs/drive_base_msgs/msg/trv_command.h
[0.775s] -- Up-to-date: /home/mars/Documents/Lunabotics25-26/lunabot_ws/install/drive_base_msgs/include/drive_base_msgs/drive_base_msgs/msg/base_info.h
[0.775s] -- Up-to-date: /home/mars/Documents/Lunabotics25-26/lunabot_ws/install/drive_base_msgs/include/drive_base_msgs/drive_base_msgs/msg/detail
[0.775s] -- Up-to-date: /home/mars/Documents/Lunabotics25-26/lunabot_ws/install/drive_base_msgs/include/drive_base_msgs/drive_base_msgs/msg/detail/trv_command__functions.c
[0.775s] -- Up-to-date: /home/mars/Documents/Lunabotics25-26/lunabot_ws/install/drive_base_msgs/include/drive_base_msgs/drive_base_msgs/msg/detail/base_info__description.c
[0.775s] -- Up-to-date: /home/mars/Documents/Lunabotics25-26/lunabot_ws/install/drive_base_msgs/include/drive_base_msgs/drive_base_msgs/msg/detail/base_info__struct.h
[0.778s] -- Up-to-date: /home/mars/Documents/Lunabotics25-26/lunabot_ws/install/drive_base_msgs/include/drive_base_msgs/drive_base_msgs/msg/detail/command_header__description.c
[0.778s] -- Up-to-date: /home/mars/Documents/Lunabotics25-26/lunabot_ws/install/drive_base_msgs/include/drive_base_msgs/drive_base_msgs/msg/detail/command_header__type_support.h
[0.778s] -- Up-to-date: /home/mars/Documents/Lunabotics25-26/lunabot_ws/install/drive_base_msgs/include/drive_base_msgs/drive_base_msgs/msg/detail/command_status__struct.h
[0.778s] -- Up-to-date: /home/mars/Documents/Lunabotics25-26/lunabot_ws/install/drive_base_msgs/include/drive_base_msgs/drive_base_msgs/msg/detail/command_status__functions.h
[0.778s] -- Up-to-date: /home/mars/Documents/Lunabotics25-26/lunabot_ws/install/drive_base_msgs/include/drive_base_msgs/drive_base_msgs/msg/detail/trv_command__struct.h
[0.778s] -- Up-to-date: /home/mars/Documents/Lunabotics25-26/lunabot_ws/install/drive_base_msgs/include/drive_base_msgs/drive_base_msgs/msg/detail/base_info__type_support.c
[0.778s] -- Up-to-date: /home/mars/Documents/Lunabotics25-26/lunabot_ws/install/drive_base_msgs/include/drive_base_msgs/drive_base_msgs/msg/detail/trv_command__type_support.h
[0.778s] -- Up-to-date: /home/mars/Documents/Lunabotics25-26/lunabot_ws/install/drive_base_msgs/include/drive_base_msgs/drive_base_msgs/msg/detail/base_info__type_support.h
[0.778s] -- Up-to-date: /home/mars/Documents/Lunabotics25-26/lunabot_ws/install/drive_base_msgs/include/drive_base_msgs/drive_base_msgs/msg/detail/command_status__description.c
[0.778s] -- Up-to-date: /home/mars/Documents/Lunabotics25-26/lunabot_ws/install/drive_base_msgs/include/drive_base_msgs/drive_base_msgs/msg/detail/trv_command__type_support.c
[0.778s] -- Up-to-date: /home/mars/Documents/Lunabotics25-26/lunabot_ws/install/drive_base_msgs/include/drive_base_msgs/drive_base_msgs/msg/detail/base_info__functions.c
[0.778s] -- Up-to-date: /home/mars/Documents/Lunabotics25-26/lunabot_ws/install/drive_base_msgs/include/drive_base_msgs/drive_base_msgs/msg/detail/trv_command__description.c
[0.778s] -- Up-to-date: /home/mars/Documents/Lunabotics25-26/lunabot_ws/install/drive_base_msgs/include/drive_base_msgs/drive_base_msgs/msg/detail/command_status__functions.c
[0.778s] -- Up-to-date: /home/mars/Documents/Lunabotics25-26/lunabot_ws/install/drive_base_msgs/include/drive_base_msgs/drive_base_msgs/msg/detail/command_header__functions.c
[0.778s] -- Up-to-date: /home/mars/Documents/Lunabotics25-26/lunabot_ws/install/drive_base_msgs/include/drive_base_msgs/drive_base_msgs/msg/detail/command_header__functions.h
[0.778s] -- Up-to-date: /home/mars/Documents/Lunabotics25-26/lunabot_ws/install/drive_base_msgs/include/drive_base_msgs/drive_base_msgs/msg/detail/trv_command__functions.h
[0.779s] -- Up-to-date: /home/mars/Documents/Lunabotics25-26/lunabot_ws/install/drive_base_msgs/include/drive_base_msgs/drive_base_msgs/msg/detail/command_header__type_support.c
[0.779s] -- Up-to-date: /home/mars/Documents/Lunabotics25-26/lunabot_ws/install/drive_base_msgs/include/drive_base_msgs/drive_base_msgs/msg/detail/base_info__functions.h
[0.779s] -- Up-to-date: /home/mars/Documents/Lunabotics25-26/lunabot_ws/install/drive_base_msgs/include/drive_base_msgs/drive_base_msgs/msg/detail/command_status__type_support.h
[0.779s] -- Up-to-date: /home/mars/Documents/Lunabotics25-26/lunabot_ws/install/drive_base_msgs/include/drive_base_msgs/drive_base_msgs/msg/detail/command_header__struct.h
[0.779s] -- Up-to-date: /home/mars/Documents/Lunabotics25-26/lunabot_ws/install/drive_base_msgs/include/drive_base_msgs/drive_base_msgs/msg/detail/command_status__type_support.c
[0.779s] -- Up-to-date: /home/mars/Documents/Lunabotics25-26/lunabot_ws/install/drive_base_msgs/include/drive_base_msgs/drive_base_msgs/msg/rosidl_generator_c__visibility_control.h
[0.779s] -- Up-to-date: /home/mars/Documents/Lunabotics25-26/lunabot_ws/install/drive_base_msgs/include/drive_base_msgs/drive_base_msgs/msg/command_header.h
[0.779s] -- Up-to-date: /home/mars/Documents/Lunabotics25-26/lunabot_ws/install/drive_base_msgs/include/drive_base_msgs/drive_base_msgs/msg/command_status.h
[0.779s] -- Up-to-date: /home/mars/Documents/Lunabotics25-26/lunabot_ws/install/drive_base_msgs/share/drive_base_msgs/environment/library_path.sh
[0.779s] -- Up-to-date: /home/mars/Documents/Lunabotics25-26/lunabot_ws/install/drive_base_msgs/share/drive_base_msgs/environment/library_path.dsv
[0.779s] -- Up-to-date: /home/mars/Documents/Lunabotics25-26/lunabot_ws/install/drive_base_msgs/lib/libdrive_base_msgs__rosidl_generator_c.so
[0.779s] -- Up-to-date: /home/mars/Documents/Lunabotics25-26/lunabot_ws/install/drive_base_msgs/include/drive_base_msgs/drive_base_msgs
[0.779s] -- Up-to-date: /home/mars/Documents/Lunabotics25-26/lunabot_ws/install/drive_base_msgs/include/drive_base_msgs/drive_base_msgs/msg
[0.779s] -- Up-to-date: /home/mars/Documents/Lunabotics25-26/lunabot_ws/install/drive_base_msgs/include/drive_base_msgs/drive_base_msgs/msg/detail
[0.779s] -- Up-to-date: /home/mars/Documents/Lunabotics25-26/lunabot_ws/install/drive_base_msgs/include/drive_base_msgs/drive_base_msgs/msg/detail/trv_command__rosidl_typesupport_fastrtps_c.h
[0.779s] -- Up-to-date: /home/mars/Documents/Lunabotics25-26/lunabot_ws/install/drive_base_msgs/include/drive_base_msgs/drive_base_msgs/msg/detail/command_header__rosidl_typesupport_fastrtps_c.h
[0.779s] -- Up-to-date: /home/mars/Documents/Lunabotics25-26/lunabot_ws/install/drive_base_msgs/include/drive_base_msgs/drive_base_msgs/msg/detail/command_status__rosidl_typesupport_fastrtps_c.h
[0.780s] -- Up-to-date: /home/mars/Documents/Lunabotics25-26/lunabot_ws/install/drive_base_msgs/include/drive_base_msgs/drive_base_msgs/msg/detail/base_info__rosidl_typesupport_fastrtps_c.h
[0.780s] -- Up-to-date: /home/mars/Documents/Lunabotics25-26/lunabot_ws/install/drive_base_msgs/include/drive_base_msgs/drive_base_msgs/msg/rosidl_typesupport_fastrtps_c__visibility_control.h
[0.780s] -- Up-to-date: /home/mars/Documents/Lunabotics25-26/lunabot_ws/install/drive_base_msgs/lib/libdrive_base_msgs__rosidl_typesupport_fastrtps_c.so
[0.780s] -- Up-to-date: /home/mars/Documents/Lunabotics25-26/lunabot_ws/install/drive_base_msgs/include/drive_base_msgs/drive_base_msgs
[0.780s] -- Up-to-date: /home/mars/Documents/Lunabotics25-26/lunabot_ws/install/drive_base_msgs/include/drive_base_msgs/drive_base_msgs/msg
[0.780s] -- Up-to-date: /home/mars/Documents/Lunabotics25-26/lunabot_ws/install/drive_base_msgs/include/drive_base_msgs/drive_base_msgs/msg/command_header.hpp
[0.780s] -- Up-to-date: /home/mars/Documents/Lunabotics25-26/lunabot_ws/install/drive_base_msgs/include/drive_base_msgs/drive_base_msgs/msg/base_info.hpp
[0.780s] -- Up-to-date: /home/mars/Documents/Lunabotics25-26/lunabot_ws/install/drive_base_msgs/include/drive_base_msgs/drive_base_msgs/msg/detail
[0.780s] -- Up-to-date: /home/mars/Documents/Lunabotics25-26/lunabot_ws/install/drive_base_msgs/include/drive_base_msgs/drive_base_msgs/msg/detail/command_header__traits.hpp
[0.780s] -- Up-to-date: /home/mars/Documents/Lunabotics25-26/lunabot_ws/install/drive_base_msgs/include/drive_base_msgs/drive_base_msgs/msg/detail/base_info__type_support.hpp
[0.780s] -- Up-to-date: /home/mars/Documents/Lunabotics25-26/lunabot_ws/install/drive_base_msgs/include/drive_base_msgs/drive_base_msgs/msg/detail/trv_command__struct.hpp
[0.780s] -- Up-to-date: /home/mars/Documents/Lunabotics25-26/lunabot_ws/install/drive_base_msgs/include/drive_base_msgs/drive_base_msgs/msg/detail/command_status__type_support.hpp
[0.780s] -- Up-to-date: /home/mars/Documents/Lunabotics25-26/lunabot_ws/install/drive_base_msgs/include/drive_base_msgs/drive_base_msgs/msg/detail/trv_command__traits.hpp
[0.780s] -- Up-to-date: /home/mars/Documents/Lunabotics25-26/lunabot_ws/install/drive_base_msgs/include/drive_base_msgs/drive_base_msgs/msg/detail/command_status__struct.hpp
[0.780s] -- Up-to-date: /home/mars/Documents/Lunabotics25-26/lunabot_ws/install/drive_base_msgs/include/drive_base_msgs/drive_base_msgs/msg/detail/command_header__builder.hpp
[0.780s] -- Up-to-date: /home/mars/Documents/Lunabotics25-26/lunabot_ws/install/drive_base_msgs/include/drive_base_msgs/drive_base_msgs/msg/detail/base_info__traits.hpp
[0.781s] -- Up-to-date: /home/mars/Documents/Lunabotics25-26/lunabot_ws/install/drive_base_msgs/include/drive_base_msgs/drive_base_msgs/msg/detail/base_info__struct.hpp
[0.781s] -- Up-to-date: /home/mars/Documents/Lunabotics25-26/lunabot_ws/install/drive_base_msgs/include/drive_base_msgs/drive_base_msgs/msg/detail/command_header__type_support.hpp
[0.781s] -- Up-to-date: /home/mars/Documents/Lunabotics25-26/lunabot_ws/install/drive_base_msgs/include/drive_base_msgs/drive_base_msgs/msg/detail/trv_command__type_support.hpp
[0.781s] -- Up-to-date: /home/mars/Documents/Lunabotics25-26/lunabot_ws/install/drive_base_msgs/include/drive_base_msgs/drive_base_msgs/msg/detail/command_status__builder.hpp
[0.781s] -- Up-to-date: /home/mars/Documents/Lunabotics25-26/lunabot_ws/install/drive_base_msgs/include/drive_base_msgs/drive_base_msgs/msg/detail/base_info__builder.hpp
[0.781s] -- Up-to-date: /home/mars/Documents/Lunabotics25-26/lunabot_ws/install/drive_base_msgs/include/drive_base_msgs/drive_base_msgs/msg/detail/trv_command__builder.hpp
[0.781s] -- Up-to-date: /home/mars/Documents/Lunabotics25-26/lunabot_ws/install/drive_base_msgs/include/drive_base_msgs/drive_base_msgs/msg/detail/command_header__struct.hpp
[0.781s] -- Up-to-date: /home/mars/Documents/Lunabotics25-26/lunabot_ws/install/drive_base_msgs/include/drive_base_msgs/drive_base_msgs/msg/detail/command_status__traits.hpp
[0.781s] -- Up-to-date: /home/mars/Documents/Lunabotics25-26/lunabot_ws/install/drive_base_msgs/include/drive_base_msgs/drive_base_msgs/msg/command_status.hpp
[0.781s] -- Up-to-date: /home/mars/Documents/Lunabotics25-26/lunabot_ws/install/drive_base_msgs/include/drive_base_msgs/drive_base_msgs/msg/rosidl_generator_cpp__visibility_control.hpp
[0.781s] -- Up-to-date: /home/mars/Documents/Lunabotics25-26/lunabot_ws/install/drive_base_msgs/include/drive_base_msgs/drive_base_msgs/msg/trv_command.hpp
[0.781s] -- Up-to-date: /home/mars/Documents/Lunabotics25-26/lunabot_ws/install/drive_base_msgs/include/drive_base_msgs/drive_base_msgs
[0.781s] -- Up-to-date: /home/mars/Documents/Lunabotics25-26/lunabot_ws/install/drive_base_msgs/include/drive_base_msgs/drive_base_msgs/msg
[0.781s] -- Up-to-date: /home/mars/Documents/Lunabotics25-26/lunabot_ws/install/drive_base_msgs/include/drive_base_msgs/drive_base_msgs/msg/rosidl_typesupport_fastrtps_cpp__visibility_control.h
[0.781s] -- Up-to-date: /home/mars/Documents/Lunabotics25-26/lunabot_ws/install/drive_base_msgs/include/drive_base_msgs/drive_base_msgs/msg/detail
[0.781s] -- Up-to-date: /home/mars/Documents/Lunabotics25-26/lunabot_ws/install/drive_base_msgs/include/drive_base_msgs/drive_base_msgs/msg/detail/trv_command__rosidl_typesupport_fastrtps_cpp.hpp
[0.781s] -- Up-to-date: /home/mars/Documents/Lunabotics25-26/lunabot_ws/install/drive_base_msgs/include/drive_base_msgs/drive_base_msgs/msg/detail/command_header__rosidl_typesupport_fastrtps_cpp.hpp
[0.782s] -- Up-to-date: /home/mars/Documents/Lunabotics25-26/lunabot_ws/install/drive_base_msgs/include/drive_base_msgs/drive_base_msgs/msg/detail/command_status__rosidl_typesupport_fastrtps_cpp.hpp
[0.782s] -- Up-to-date: /home/mars/Documents/Lunabotics25-26/lunabot_ws/install/drive_base_msgs/include/drive_base_msgs/drive_base_msgs/msg/detail/dds_fastrtps
[0.782s] -- Up-to-date: /home/mars/Documents/Lunabotics25-26/lunabot_ws/install/drive_base_msgs/include/drive_base_msgs/drive_base_msgs/msg/detail/base_info__rosidl_typesupport_fastrtps_cpp.hpp
[0.782s] -- Up-to-date: /home/mars/Documents/Lunabotics25-26/lunabot_ws/install/drive_base_msgs/lib/libdrive_base_msgs__rosidl_typesupport_fastrtps_cpp.so
[0.782s] -- Up-to-date: /home/mars/Documents/Lunabotics25-26/lunabot_ws/install/drive_base_msgs/include/drive_base_msgs/drive_base_msgs
[0.782s] -- Up-to-date: /home/mars/Documents/Lunabotics25-26/lunabot_ws/install/drive_base_msgs/include/drive_base_msgs/drive_base_msgs/msg
[0.782s] -- Up-to-date: /home/mars/Documents/Lunabotics25-26/lunabot_ws/install/drive_base_msgs/include/drive_base_msgs/drive_base_msgs/msg/rosidl_typesupport_introspection_c__visibility_control.h
[0.782s] -- Up-to-date: /home/mars/Documents/Lunabotics25-26/lunabot_ws/install/drive_base_msgs/include/drive_base_msgs/drive_base_msgs/msg/detail
[0.782s] -- Up-to-date: /home/mars/Documents/Lunabotics25-26/lunabot_ws/install/drive_base_msgs/include/drive_base_msgs/drive_base_msgs/msg/detail/base_info__rosidl_typesupport_introspection_c.h
[0.782s] -- Up-to-date: /home/mars/Documents/Lunabotics25-26/lunabot_ws/install/drive_base_msgs/include/drive_base_msgs/drive_base_msgs/msg/detail/base_info__type_support.c
[0.782s] -- Up-to-date: /home/mars/Documents/Lunabotics25-26/lunabot_ws/install/drive_base_msgs/include/drive_base_msgs/drive_base_msgs/msg/detail/trv_command__type_support.c
[0.782s] -- Up-to-date: /home/mars/Documents/Lunabotics25-26/lunabot_ws/install/drive_base_msgs/include/drive_base_msgs/drive_base_msgs/msg/detail/trv_command__rosidl_typesupport_introspection_c.h
[0.782s] -- Up-to-date: /home/mars/Documents/Lunabotics25-26/lunabot_ws/install/drive_base_msgs/include/drive_base_msgs/drive_base_msgs/msg/detail/command_status__rosidl_typesupport_introspection_c.h
[0.782s] -- Up-to-date: /home/mars/Documents/Lunabotics25-26/lunabot_ws/install/drive_base_msgs/include/drive_base_msgs/drive_base_msgs/msg/detail/command_header__type_support.c
[0.782s] -- Up-to-date: /home/mars/Documents/Lunabotics25-26/lunabot_ws/install/drive_base_msgs/include/drive_base_msgs/drive_base_msgs/msg/detail/command_header__rosidl_typesupport_introspection_c.h
[0.782s] -- Up-to-date: /home/mars/Documents/Lunabotics25-26/lunabot_ws/install/drive_base_msgs/include/drive_base_msgs/drive_base_msgs/msg/detail/command_status__type_support.c
[0.782s] -- Up-to-date: /home/mars/Documents/Lunabotics25-26/lunabot_ws/install/drive_base_msgs/lib/libdrive_base_msgs__rosidl_typesupport_introspection_c.so
[0.787s] -- Up-to-date: /home/mars/Documents/Lunabotics25-26/lunabot_ws/install/drive_base_msgs/lib/libdrive_base_msgs__rosidl_typesupport_c.so
[0.787s] -- Up-to-date: /home/mars/Documents/Lunabotics25-26/lunabot_ws/install/drive_base_msgs/include/drive_base_msgs/drive_base_msgs
[0.787s] -- Up-to-date: /home/mars/Documents/Lunabotics25-26/lunabot_ws/install/drive_base_msgs/include/drive_base_msgs/drive_base_msgs/msg
[0.787s] -- Up-to-date: /home/mars/Documents/Lunabotics25-26/lunabot_ws/install/drive_base_msgs/include/drive_base_msgs/drive_base_msgs/msg/detail
[0.787s] -- Up-to-date: /home/mars/Documents/Lunabotics25-26/lunabot_ws/install/drive_base_msgs/include/drive_base_msgs/drive_base_msgs/msg/detail/command_status__type_support.cpp
[0.787s] -- Up-to-date: /home/mars/Documents/Lunabotics25-26/lunabot_ws/install/drive_base_msgs/include/drive_base_msgs/drive_base_msgs/msg/detail/trv_command__rosidl_typesupport_introspection_cpp.hpp
[0.787s] -- Up-to-date: /home/mars/Documents/Lunabotics25-26/lunabot_ws/install/drive_base_msgs/include/drive_base_msgs/drive_base_msgs/msg/detail/command_header__rosidl_typesupport_introspection_cpp.hpp
[0.787s] -- Up-to-date: /home/mars/Documents/Lunabotics25-26/lunabot_ws/install/drive_base_msgs/include/drive_base_msgs/drive_base_msgs/msg/detail/trv_command__type_support.cpp
[0.787s] -- Up-to-date: /home/mars/Documents/Lunabotics25-26/lunabot_ws/install/drive_base_msgs/include/drive_base_msgs/drive_base_msgs/msg/detail/command_header__type_support.cpp
[0.787s] -- Up-to-date: /home/mars/Documents/Lunabotics25-26/lunabot_ws/install/drive_base_msgs/include/drive_base_msgs/drive_base_msgs/msg/detail/base_info__rosidl_typesupport_introspection_cpp.hpp
[0.787s] -- Up-to-date: /home/mars/Documents/Lunabotics25-26/lunabot_ws/install/drive_base_msgs/include/drive_base_msgs/drive_base_msgs/msg/detail/command_status__rosidl_typesupport_introspection_cpp.hpp
[0.787s] -- Up-to-date: /home/mars/Documents/Lunabotics25-26/lunabot_ws/install/drive_base_msgs/include/drive_base_msgs/drive_base_msgs/msg/detail/base_info__type_support.cpp
[0.787s] -- Up-to-date: /home/mars/Documents/Lunabotics25-26/lunabot_ws/install/drive_base_msgs/lib/libdrive_base_msgs__rosidl_typesupport_introspection_cpp.so
[0.788s] -- Up-to-date: /home/mars/Documents/Lunabotics25-26/lunabot_ws/install/drive_base_msgs/lib/libdrive_base_msgs__rosidl_typesupport_cpp.so
[0.788s] -- Up-to-date: /home/mars/Documents/Lunabotics25-26/lunabot_ws/install/drive_base_msgs/share/drive_base_msgs/environment/pythonpath.sh
[0.788s] -- Up-to-date: /home/mars/Documents/Lunabotics25-26/lunabot_ws/install/drive_base_msgs/share/drive_base_msgs/environment/pythonpath.dsv
[0.788s] -- Up-to-date: /home/mars/Documents/Lunabotics25-26/lunabot_ws/install/drive_base_msgs/lib/python3.12/site-packages/drive_base_msgs-0.0.0-py3.12.egg-info
[0.788s] -- Installing: /home/mars/Documents/Lunabotics25-26/lunabot_ws/install/drive_base_msgs/lib/python3.12/site-packages/drive_base_msgs-0.0.0-py3.12.egg-info/SOURCES.txt
[0.788s] -- Installing: /home/mars/Documents/Lunabotics25-26/lunabot_ws/install/drive_base_msgs/lib/python3.12/site-packages/drive_base_msgs-0.0.0-py3.12.egg-info/dependency_links.txt
[0.788s] -- Installing: /home/mars/Documents/Lunabotics25-26/lunabot_ws/install/drive_base_msgs/lib/python3.12/site-packages/drive_base_msgs-0.0.0-py3.12.egg-info/PKG-INFO
[0.788s] -- Installing: /home/mars/Documents/Lunabotics25-26/lunabot_ws/install/drive_base_msgs/lib/python3.12/site-packages/drive_base_msgs-0.0.0-py3.12.egg-info/top_level.txt
[0.788s] -- Up-to-date: /home/mars/Documents/Lunabotics25-26/lunabot_ws/install/drive_base_msgs/lib/python3.12/site-packages/drive_base_msgs
[0.788s] -- Up-to-date: /home/mars/Documents/Lunabotics25-26/lunabot_ws/install/drive_base_msgs/lib/python3.12/site-packages/drive_base_msgs/_drive_base_msgs_s.ep.rosidl_typesupport_fastrtps_c.c
[0.788s] -- Up-to-date: /home/mars/Documents/Lunabotics25-26/lunabot_ws/install/drive_base_msgs/lib/python3.12/site-packages/drive_base_msgs/drive_base_msgs_s__rosidl_typesupport_fastrtps_c.so
[0.788s] -- Up-to-date: /home/mars/Documents/Lunabotics25-26/lunabot_ws/install/drive_base_msgs/lib/python3.12/site-packages/drive_base_msgs/_drive_base_msgs_s.ep.rosidl_typesupport_introspection_c.c
[0.788s] -- Up-to-date: /home/mars/Documents/Lunabotics25-26/lunabot_ws/install/drive_base_msgs/lib/python3.12/site-packages/drive_base_msgs/drive_base_msgs_s__rosidl_typesupport_c.so
[0.788s] -- Up-to-date: /home/mars/Documents/Lunabotics25-26/lunabot_ws/install/drive_base_msgs/lib/python3.12/site-packages/drive_base_msgs/msg
[0.788s] -- Up-to-date: /home/mars/Documents/Lunabotics25-26/lunabot_ws/install/drive_base_msgs/lib/python3.12/site-packages/drive_base_msgs/msg/_base_info_s.c
[0.788s] -- Up-to-date: /home/mars/Documents/Lunabotics25-26/lunabot_ws/install/drive_base_msgs/lib/python3.12/site-packages/drive_base_msgs/msg/_base_info.py
[0.788s] -- Up-to-date: /home/mars/Documents/Lunabotics25-26/lunabot_ws/install/drive_base_msgs/lib/python3.12/site-packages/drive_base_msgs/msg/_command_header_s.c
[0.788s] -- Up-to-date: /home/mars/Documents/Lunabotics25-26/lunabot_ws/install/drive_base_msgs/lib/python3.12/site-packages/drive_base_msgs/msg/_command_status.py
[0.789s] -- Up-to-date: /home/mars/Documents/Lunabotics25-26/lunabot_ws/install/drive_base_msgs/lib/python3.12/site-packages/drive_base_msgs/msg/_command_status_s.c
[0.789s] -- Up-to-date: /home/mars/Documents/Lunabotics25-26/lunabot_ws/install/drive_base_msgs/lib/python3.12/site-packages/drive_base_msgs/msg/_command_header.py
[0.789s] -- Up-to-date: /home/mars/Documents/Lunabotics25-26/lunabot_ws/install/drive_base_msgs/lib/python3.12/site-packages/drive_base_msgs/msg/_trv_command_s.c
[0.789s] -- Up-to-date: /home/mars/Documents/Lunabotics25-26/lunabot_ws/install/drive_base_msgs/lib/python3.12/site-packages/drive_base_msgs/msg/__init__.py
[0.789s] -- Up-to-date: /home/mars/Documents/Lunabotics25-26/lunabot_ws/install/drive_base_msgs/lib/python3.12/site-packages/drive_base_msgs/msg/_trv_command.py
[0.789s] -- Up-to-date: /home/mars/Documents/Lunabotics25-26/lunabot_ws/install/drive_base_msgs/lib/python3.12/site-packages/drive_base_msgs/__init__.py
[0.789s] -- Up-to-date: /home/mars/Documents/Lunabotics25-26/lunabot_ws/install/drive_base_msgs/lib/python3.12/site-packages/drive_base_msgs/_drive_base_msgs_s.ep.rosidl_typesupport_c.c
[0.789s] -- Up-to-date: /home/mars/Documents/Lunabotics25-26/lunabot_ws/install/drive_base_msgs/lib/python3.12/site-packages/drive_base_msgs/drive_base_msgs_s__rosidl_typesupport_introspection_c.so
[0.819s] Listing '/home/mars/Documents/Lunabotics25-26/lunabot_ws/install/drive_base_msgs/lib/python3.12/site-packages/drive_base_msgs'...
[0.819s] Listing '/home/mars/Documents/Lunabotics25-26/lunabot_ws/install/drive_base_msgs/lib/python3.12/site-packages/drive_base_msgs/msg'...
[0.827s] -- Up-to-date: /home/mars/Documents/Lunabotics25-26/lunabot_ws/install/drive_base_msgs/lib/python3.12/site-packages/drive_base_msgs/drive_base_msgs_s__rosidl_typesupport_fastrtps_c.so
[0.828s] -- Up-to-date: /home/mars/Documents/Lunabotics25-26/lunabot_ws/install/drive_base_msgs/lib/python3.12/site-packages/drive_base_msgs/drive_base_msgs_s__rosidl_typesupport_introspection_c.so
[0.828s] -- Up-to-date: /home/mars/Documents/Lunabotics25-26/lunabot_ws/install/drive_base_msgs/lib/python3.12/site-packages/drive_base_msgs/drive_base_msgs_s__rosidl_typesupport_c.so
[0.828s] -- Up-to-date: /home/mars/Documents/Lunabotics25-26/lunabot_ws/install/drive_base_msgs/lib/libdrive_base_msgs__rosidl_generator_py.so
[0.828s] -- Up-to-date: /home/mars/Documents/Lunabotics25-26/lunabot_ws/install/drive_base_msgs/share/drive_base_msgs/msg/CommandHeader.idl
[0.828s] -- Up-to-date: /home/mars/Documents/Lunabotics25-26/lunabot_ws/install/drive_base_msgs/share/drive_base_msgs/msg/BaseInfo.idl
[0.828s] -- Up-to-date: /home/mars/Documents/Lunabotics25-26/lunabot_ws/install/drive_base_msgs/share/drive_base_msgs/msg/CommandStatus.idl
[0.832s] -- Up-to-date: /home/mars/Documents/Lunabotics25-26/lunabot_ws/install/drive_base_msgs/share/drive_base_msgs/msg/TRVCommand.idl
[0.832s] -- Up-to-date: /home/mars/Documents/Lunabotics25-26/lunabot_ws/install/drive_base_msgs/share/drive_base_msgs/msg/CommandHeader.msg
[0.832s] -- Up-to-date: /home/mars/Documents/Lunabotics25-26/lunabot_ws/install/drive_base_msgs/share/drive_base_msgs/msg/BaseInfo.msg
[0.832s] -- Up-to-date: /home/mars/Documents/Lunabotics25-26/lunabot_ws/install/drive_base_msgs/share/drive_base_msgs/msg/CommandStatus.msg
[0.833s] -- Up-to-date: /home/mars/Documents/Lunabotics25-26/lunabot_ws/install/drive_base_msgs/share/drive_base_msgs/msg/TRVCommand.msg
[0.833s] -- Up-to-date: /home/mars/Documents/Lunabotics25-26/lunabot_ws/install/drive_base_msgs/share/ament_index/resource_index/package_run_dependencies/drive_base_msgs
[0.833s] -- Up-to-date: /home/mars/Documents/Lunabotics25-26/lunabot_ws/install/drive_base_msgs/share/ament_index/resource_index/parent_prefix_path/drive_base_msgs
[0.833s] -- Up-to-date: /home/mars/Documents/Lunabotics25-26/lunabot_ws/install/drive_base_msgs/share/drive_base_msgs/environment/ament_prefix_path.sh
[0.833s] -- Up-to-date: /home/mars/Documents/Lunabotics25-26/lunabot_ws/install/drive_base_msgs/share/drive_base_msgs/environment/ament_prefix_path.dsv
[0.833s] -- Up-to-date: /home/mars/Documents/Lunabotics25-26/lunabot_ws/install/drive_base_msgs/share/drive_base_msgs/environment/path.sh
[0.833s] -- Up-to-date: /home/mars/Documents/Lunabotics25-26/lunabot_ws/install/drive_base_msgs/share/drive_base_msgs/environment/path.dsv
[0.833s] -- Up-to-date: /home/mars/Documents/Lunabotics25-26/lunabot_ws/install/drive_base_msgs/share/drive_base_msgs/local_setup.bash
[0.833s] -- Up-to-date: /home/mars/Documents/Lunabotics25-26/lunabot_ws/install/drive_base_msgs/share/drive_base_msgs/local_setup.sh
[0.834s] -- Up-to-date: /home/mars/Documents/Lunabotics25-26/lunabot_ws/install/drive_base_msgs/share/drive_base_msgs/local_setup.zsh
[0.834s] -- Up-to-date: /home/mars/Documents/Lunabotics25-26/lunabot_ws/install/drive_base_msgs/share/drive_base_msgs/local_setup.dsv
[0.834s] -- Installing: /home/mars/Documents/Lunabotics25-26/lunabot_ws/install/drive_base_msgs/share/drive_base_msgs/package.dsv
[0.834s] -- Up-to-date: /home/mars/Documents/Lunabotics25-26/lunabot_ws/install/drive_base_msgs/share/ament_index/resource_index/packages/drive_base_msgs
[0.834s] -- Up-to-date: /home/mars/Documents/Lunabotics25-26/lunabot_ws/install/drive_base_msgs/share/drive_base_msgs/cmake/export_drive_base_msgs__rosidl_generator_cExport.cmake
[0.834s] -- Up-to-date: /home/mars/Documents/Lunabotics25-26/lunabot_ws/install/drive_base_msgs/share/drive_base_msgs/cmake/export_drive_base_msgs__rosidl_generator_cExport-noconfig.cmake
[0.835s] -- Up-to-date: /home/mars/Documents/Lunabotics25-26/lunabot_ws/install/drive_base_msgs/share/drive_base_msgs/cmake/export_drive_base_msgs__rosidl_typesupport_fastrtps_cExport.cmake
[0.835s] -- Up-to-date: /home/mars/Documents/Lunabotics25-26/lunabot_ws/install/drive_base_msgs/share/drive_base_msgs/cmake/export_drive_base_msgs__rosidl_typesupport_fastrtps_cExport-noconfig.cmake
[0.835s] -- Up-to-date: /home/mars/Documents/Lunabotics25-26/lunabot_ws/install/drive_base_msgs/share/drive_base_msgs/cmake/export_drive_base_msgs__rosidl_generator_cppExport.cmake
[0.835s] -- Up-to-date: /home/mars/Documents/Lunabotics25-26/lunabot_ws/install/drive_base_msgs/share/drive_base_msgs/cmake/export_drive_base_msgs__rosidl_typesupport_fastrtps_cppExport.cmake
[0.835s] -- Up-to-date: /home/mars/Documents/Lunabotics25-26/lunabot_ws/install/drive_base_msgs/share/drive_base_msgs/cmake/export_drive_base_msgs__rosidl_typesupport_fastrtps_cppExport-noconfig.cmake
[0.835s] -- Up-to-date: /home/mars/Documents/Lunabotics25-26/lunabot_ws/install/drive_base_msgs/share/drive_base_msgs/cmake/drive_base_msgs__rosidl_typesupport_introspection_cExport.cmake
[0.835s] -- Up-to-date: /home/mars/Documents/Lunabotics25-26/lunabot_ws/install/drive_base_msgs/share/drive_base_msgs/cmake/drive_base_msgs__rosidl_typesupport_introspection_cExport-noconfig.cmake
[0.835s] -- Up-to-date: /home/mars/Documents/Lunabotics25-26/lunabot_ws/install/drive_base_msgs/share/drive_base_msgs/cmake/drive_base_msgs__rosidl_typesupport_cExport.cmake
[0.835s] -- Up-to-date: /home/mars/Documents/Lunabotics25-26/lunabot_ws/install/drive_base_msgs/share/drive_base_msgs/cmake/drive_base_msgs__rosidl_typesupport_cExport-noconfig.cmake
[0.835s] -- Up-to-date: /home/mars/Documents/Lunabotics25-26/lunabot_ws/install/drive_base_msgs/share/drive_base_msgs/cmake/drive_base_msgs__rosidl_typesupport_introspection_cppExport.cmake
[0.835s] -- Up-to-date: /home/mars/Documents/Lunabotics25-26/lunabot_ws/install/drive_base_msgs/share/drive_base_msgs/cmake/drive_base_msgs__rosidl_typesupport_introspection_cppExport-noconfig.cmake
[0.835s] -- Up-to-date: /home/mars/Documents/Lunabotics25-26/lunabot_ws/install/drive_base_msgs/share/drive_base_msgs/cmake/drive_base_msgs__rosidl_typesupport_cppExport.cmake
[0.835s] -- Up-to-date: /home/mars/Documents/Lunabotics25-26/lunabot_ws/install/drive_base_msgs/share/drive_base_msgs/cmake/drive_base_msgs__rosidl_typesupport_cppExport-noconfig.cmake
[0.835s] -- Up-to-date: /home/mars/Documents/Lunabotics25-26/lunabot_ws/install/drive_base_msgs/share/drive_base_msgs/cmake/export_drive_base_msgs__rosidl_generator_pyExport.cmake
[0.835s] -- Up-to-date: /home/mars/Documents/Lunabotics25-26/lunabot_ws/install/drive_base_msgs/share/drive_base_msgs/cmake/export_drive_base_msgs__rosidl_generator_pyExport-noconfig.cmake
[0.836s] -- Up-to-date: /home/mars/Documents/Lunabotics25-26/lunabot_ws/install/drive_base_msgs/share/drive_base_msgs/cmake/rosidl_cmake-extras.cmake
[0.836s] -- Up-to-date: /home/mars/Documents/Lunabotics25-26/lunabot_ws/install/drive_base_msgs/share/drive_base_msgs/cmake/ament_cmake_export_dependencies-extras.cmake
[0.836s] -- Up-to-date: /home/mars/Documents/Lunabotics25-26/lunabot_ws/install/drive_base_msgs/share/drive_base_msgs/cmake/ament_cmake_export_include_directories-extras.cmake
[0.836s] -- Up-to-date: /home/mars/Documents/Lunabotics25-26/lunabot_ws/install/drive_base_msgs/share/drive_base_msgs/cmake/ament_cmake_export_libraries-extras.cmake
[0.836s] -- Up-to-date: /home/mars/Documents/Lunabotics25-26/lunabot_ws/install/drive_base_msgs/share/drive_base_msgs/cmake/ament_cmake_export_targets-extras.cmake
[0.836s] -- Up-to-date: /home/mars/Documents/Lunabotics25-26/lunabot_ws/install/drive_base_msgs/share/drive_base_msgs/cmake/rosidl_cmake_export_typesupport_targets-extras.cmake
[0.836s] -- Up-to-date: /home/mars/Documents/Lunabotics25-26/lunabot_ws/install/drive_base_msgs/share/drive_base_msgs/cmake/rosidl_cmake_export_typesupport_libraries-extras.cmake
[0.836s] -- Up-to-date: /home/mars/Documents/Lunabotics25-26/lunabot_ws/install/drive_base_msgs/share/drive_base_msgs/cmake/drive_base_msgsConfig.cmake
[0.836s] -- Up-to-date: /home/mars/Documents/Lunabotics25-26/lunabot_ws/install/drive_base_msgs/share/drive_base_msgs/cmake/drive_base_msgsConfig-version.cmake
[0.836s] -- Up-to-date: /home/mars/Documents/Lunabotics25-26/lunabot_ws/install/drive_base_msgs/share/drive_base_msgs/package.xml
[0.839s] Invoked command in '/home/mars/Documents/Lunabotics25-26/lunabot_ws/build/drive_base_msgs' returned '0': CMAKE_PREFIX_PATH=${CMAKE_PREFIX_PATH}:/opt/ros/jazzy DEBUGINFOD_URLS=https://debuginfod.ubuntu.com /usr/bin/cmake --install /home/mars/Documents/Lunabotics25-26/lunabot_ws/build/drive_base_msgs
