[0.019s] Invoking command in '/home/mars/Documents/Lunabotics25-26/lunabot_ws/build/lunabot_teleop': CMAKE_PREFIX_PATH=${CMAKE_PREFIX_PATH}:/opt/ros/jazzy DEBUGINFOD_URLS=https://debuginfod.ubuntu.com /usr/bin/cmake --build /home/mars/Documents/Lunabotics25-26/lunabot_ws/build/lunabot_teleop -- -j4 -l4
[0.057s] -- Found ament_cmake: 2.5.5 (/opt/ros/jazzy/share/ament_cmake/cmake)
[0.623s] -- Found rclcpp: 28.1.16 (/opt/ros/jazzy/share/rclcpp/cmake)
[0.649s] -- Found rosidl_generator_c: 4.6.7 (/opt/ros/jazzy/share/rosidl_generator_c/cmake)
[0.659s] -- Found rosidl_generator_cpp: 4.6.7 (/opt/ros/jazzy/share/rosidl_generator_cpp/cmake)
[0.672s] -- Using all available rosidl_typesupport_c: rosidl_typesupport_fastrtps_c;rosidl_typesupport_introspection_c
[0.687s] -- Using all available rosidl_typesupport_cpp: rosidl_typesupport_fastrtps_cpp;rosidl_typesupport_introspection_cpp
[0.760s] -- Found rmw_implementation_cmake: 7.3.3 (/opt/ros/jazzy/share/rmw_implementation_cmake/cmake)
[0.760s] -- Found rmw_fastrtps_cpp: 8.4.3 (/opt/ros/jazzy/share/rmw_fastrtps_cpp/cmake)
[0.842s] -- Using RMW implementation 'rmw_fastrtps_cpp' as default
[0.918s] -- Found sensor_msgs: 5.3.6 (/opt/ros/jazzy/share/sensor_msgs/cmake)
[0.991s] -- Found ament_lint_auto: 0.17.4 (/opt/ros/jazzy/share/ament_lint_auto/cmake)
[1.082s] -- Added test 'cppcheck' to perform static code analysis on C / C++ code
[1.082s] -- Configured cppcheck include dirs: 
[1.082s] -- Configured cppcheck exclude dirs and/or files: 
[1.082s] -- Added test 'lint_cmake' to check CMake code style
[1.083s] -- Added test 'uncrustify' to check C / C++ code style
[1.083s] -- Configured uncrustify additional arguments: 
[1.083s] -- Added test 'xmllint' to check XML markup files
[1.084s] -- Configuring done (1.0s)
[1.094s] -- Generating done (0.0s)
[1.099s] -- Build files have been written to: /home/mars/Documents/Lunabotics25-26/lunabot_ws/build/lunabot_teleop
[1.135s] [ 50%] [32mBuilding CXX object CMakeFiles/joy_to_cmd_vel.dir/src/joy_to_cmd_vel.cpp.o[0m
[8.564s] [100%] [32m[1mLinking CXX executable joy_to_cmd_vel[0m
[8.977s] [100%] Built target joy_to_cmd_vel
[8.986s] Invoked command in '/home/mars/Documents/Lunabotics25-26/lunabot_ws/build/lunabot_teleop' returned '0': CMAKE_PREFIX_PATH=${CMAKE_PREFIX_PATH}:/opt/ros/jazzy DEBUGINFOD_URLS=https://debuginfod.ubuntu.com /usr/bin/cmake --build /home/mars/Documents/Lunabotics25-26/lunabot_ws/build/lunabot_teleop -- -j4 -l4
[8.988s] Invoking command in '/home/mars/Documents/Lunabotics25-26/lunabot_ws/build/lunabot_teleop': CMAKE_PREFIX_PATH=${CMAKE_PREFIX_PATH}:/opt/ros/jazzy DEBUGINFOD_URLS=https://debuginfod.ubuntu.com /usr/bin/cmake --install /home/mars/Documents/Lunabotics25-26/lunabot_ws/build/lunabot_teleop
[9.000s] -- Install configuration: ""
[9.000s] -- Installing: /home/mars/Documents/Lunabotics25-26/lunabot_ws/install/lunabot_teleop/lib/lunabot_teleop/joy_to_cmd_vel
[9.006s] -- Set non-toolchain portion of runtime path of "/home/mars/Documents/Lunabotics25-26/lunabot_ws/install/lunabot_teleop/lib/lunabot_teleop/joy_to_cmd_vel" to ""
[9.006s] -- Installing: /home/mars/Documents/Lunabotics25-26/lunabot_ws/install/lunabot_teleop/share/ament_index/resource_index/package_run_dependencies/lunabot_teleop
[9.006s] -- Up-to-date: /home/mars/Documents/Lunabotics25-26/lunabot_ws/install/lunabot_teleop/share/ament_index/resource_index/parent_prefix_path/lunabot_teleop
[9.006s] -- Up-to-date: /home/mars/Documents/Lunabotics25-26/lunabot_ws/install/lunabot_teleop/share/lunabot_teleop/environment/ament_prefix_path.sh
[9.007s] -- Up-to-date: /home/mars/Documents/Lunabotics25-26/lunabot_ws/install/lunabot_teleop/share/lunabot_teleop/environment/ament_prefix_path.dsv
[9.007s] -- Up-to-date: /home/mars/Documents/Lunabotics25-26/lunabot_ws/install/lunabot_teleop/share/lunabot_teleop/environment/path.sh
[9.007s] -- Up-to-date: /home/mars/Documents/Lunabotics25-26/lunabot_ws/install/lunabot_teleop/share/lunabot_teleop/environment/path.dsv
[9.007s] -- Up-to-date: /home/mars/Documents/Lunabotics25-26/lunabot_ws/install/lunabot_teleop/share/lunabot_teleop/local_setup.bash
[9.007s] -- Up-to-date: /home/mars/Documents/Lunabotics25-26/lunabot_ws/install/lunabot_teleop/share/lunabot_teleop/local_setup.sh
[9.007s] -- Up-to-date: /home/mars/Documents/Lunabotics25-26/lunabot_ws/install/lunabot_teleop/share/lunabot_teleop/local_setup.zsh
[9.007s] -- Up-to-date: /home/mars/Documents/Lunabotics25-26/lunabot_ws/install/lunabot_teleop/share/lunabot_teleop/local_setup.dsv
[9.008s] -- Installing: /home/mars/Documents/Lunabotics25-26/lunabot_ws/install/lunabot_teleop/share/lunabot_teleop/package.dsv
[9.008s] -- Up-to-date: /home/mars/Documents/Lunabotics25-26/lunabot_ws/install/lunabot_teleop/share/ament_index/resource_index/packages/lunabot_teleop
[9.008s] -- Up-to-date: /home/mars/Documents/Lunabotics25-26/lunabot_ws/install/lunabot_teleop/share/lunabot_teleop/cmake/lunabot_teleopConfig.cmake
[9.008s] -- Up-to-date: /home/mars/Documents/Lunabotics25-26/lunabot_ws/install/lunabot_teleop/share/lunabot_teleop/cmake/lunabot_teleopConfig-version.cmake
[9.008s] -- Installing: /home/mars/Documents/Lunabotics25-26/lunabot_ws/install/lunabot_teleop/share/lunabot_teleop/package.xml
[9.010s] Invoked command in '/home/mars/Documents/Lunabotics25-26/lunabot_ws/build/lunabot_teleop' returned '0': CMAKE_PREFIX_PATH=${CMAKE_PREFIX_PATH}:/opt/ros/jazzy DEBUGINFOD_URLS=https://debuginfod.ubuntu.com /usr/bin/cmake --install /home/mars/Documents/Lunabotics25-26/lunabot_ws/build/lunabot_teleop
